Archive member included because of file (symbol)

./libc.a(lib_a-memcmp.o)      app.o (memcmp)
./libc.a(lib_a-memset.o)      app.o (memset)

Discarded input sections

 .reginfo       0x00000000        0x0 rlx_cache.o
 .reginfo       0x00000000        0x0 flash_ep.o
 .reginfo       0x00000000        0x0 crt0.o
 .reginfo       0x00000000        0x0 ./libc.a(lib_a-memcmp.o)
 .reginfo       0x00000000        0x0 ./libc.a(lib_a-memset.o)

Memory Configuration

Name             Origin             Length             Attributes
sram             0x8a010000         0x00010000
*default*        0x00000000         0xffffffff

Linker script and memory map

LOAD app.o
LOAD rlx_cache.o
LOAD flash_ep.o
LOAD crt0.o
LOAD linker.ld

.boot           0x8a010000       0x78
 *(.boot)
 .boot          0x8a010000       0x78 crt0.o
                0x8a010000                _boot
                0x8a010078                _end_boot = .
 *(.boot)
                0x8a010078                _end_boot = .

.text           0x8a010078     0x1244
                0x8a010078                __text_begin = .
 *(.text)
 .text          0x8a010078      0x314 app.o
                0x8a010078                bsp_wait
                0x8a01018c                disable_master_engine
                0x8a0100f4                bsp_gmac_disable
                0x8a0101e0                main
 .text          0x8a01038c      0x344 rlx_cache.o
                0x8a0104c4                rlx_dcache_invalidate_all
                0x8a0103f4                rlx_dcache_invalidate
                0x8a0105fc                rlx_dmem_enable
                0x8a01050c                rlx_icache_invalidate_all
                0x8a010554                rlx_icache_lock
                0x8a010650                rlx_imem_refill
                0x8a01045c                rlx_dcache_store
                0x8a01038c                rlx_dcache_flush
 .text          0x8a0106d0      0xa9c flash_ep.o
                0x8a0106f8                spi_se_unprotect
                0x8a010f04                Set_SPIC_Read_one_channel
                0x8a010e14                Check_SPIC_Busy
                0x8a011008                WRSR_Flash_one_two_channel
                0x8a0106d0                spi_read_id
                0x8a010f88                Set_SPIC_Write_one_channel
                0x8a010ad0                Flash_write_one_channel
                0x8a010bac                spi_write
                0x8a010720                Flash_erase_all
                0x8a010824                Flash_erase_sector
                0x8a010e5c                Flash_RDSR
                0x8a010978                spi_blk_erase
 .text          0x8a01116c        0x0 crt0.o
 .text          0x8a01116c       0x98 ./libc.a(lib_a-memcmp.o)
                0x8a01116c                memcmp
 .text          0x8a011204       0xb8 ./libc.a(lib_a-memset.o)
                0x8a011204                bzero
                0x8a01120c                memset
                0x8a0112bc                __text_end = .
                0x8a0112bc                __text_begin = .
 *(.text)
                0x8a0112bc                __text_end = .

.rodata
 *(.rodata .rodata.* .gnu.linkonce.r.*)
 *(.rodata .rodata.* .gnu.linkonce.r.*)

.rodata1
 *(.rodata1)
 *(.rodata1)

.data           0x8a0112bc        0x0
                0x8a0112bc                __data_begin = .
 *(.data)
 .data          0x8a0112bc        0x0 app.o
 .data          0x8a0112bc        0x0 rlx_cache.o
 .data          0x8a0112bc        0x0 flash_ep.o
 .data          0x8a0112bc        0x0 crt0.o
 .data          0x8a0112bc        0x0 ./libc.a(lib_a-memcmp.o)
 .data          0x8a0112bc        0x0 ./libc.a(lib_a-memset.o)
 *(.sdata)
 *(.lit4)
 *(.lit8)
                0x8a0112bc                . = ALIGN (0x4)
                0x8a0112bc                __data_end = .
                0x8a0112bc                __data_begin = .
 *(.data)
 *(.sdata)
 *(.lit4)
 *(.lit8)
                0x8a0112bc                . = ALIGN (0x4)
                0x8a0112bc                __data_end = .
                0x8a0112c0                _gp = ALIGN (0x10)

.bss            0x8a0112c0      0x420
                0x8a0112c0                . = ALIGN (0x4)
                0x8a0112c0                __bss_start = .
 *(.sbss)
 *(.bss)
 .bss           0x8a0112c0        0x0 app.o
 .bss           0x8a0112c0        0x0 rlx_cache.o
 .bss           0x8a0112c0        0x0 flash_ep.o
 .bss           0x8a0112c0      0x420 crt0.o
                0x8a0116c0                _stack_hi
                0x8a0112c0                _stack_lo
 .bss           0x8a0116e0        0x0 ./libc.a(lib_a-memcmp.o)
 .bss           0x8a0116e0        0x0 ./libc.a(lib_a-memset.o)
 *(.scommon)
 *(COMMON)
                0x8a0116e0                . = ALIGN (0x4)
                0x8a0116e0                __bss_end = .
                0x8a0116e0                . = ALIGN (0x4)
                0x8a0116e0                __bss_start = .
 *(.sbss)
 *(.bss)
 *(.scommon)
 *(COMMON)
                0x8a0116e0                . = ALIGN (0x4)
                0x8a0116e0                __bss_end = .
LOAD ./libc.a
LOAD ./libgcc.a
OUTPUT(flashprog_dbg.exe elf32-littlemips)
                0x8a0116e0                _gp = ALIGN (0x10)

.reginfo        0x00000000       0x18
 .reginfo       0x00000000       0x18 app.o

.pdr            0x00000000      0x360
 .pdr           0x00000000       0x80 app.o
 .pdr           0x00000080      0x100 rlx_cache.o
 .pdr           0x00000180      0x180 flash_ep.o
 .pdr           0x00000300       0x20 crt0.o
 .pdr           0x00000320       0x20 ./libc.a(lib_a-memcmp.o)
 .pdr           0x00000340       0x20 ./libc.a(lib_a-memset.o)

.mdebug.abi32   0x00000000        0x0
 .mdebug.abi32  0x00000000        0x0 app.o
 .mdebug.abi32  0x00000000        0x0 rlx_cache.o
 .mdebug.abi32  0x00000000        0x0 flash_ep.o

.debug_abbrev   0x00000000      0x11c
 .debug_abbrev  0x00000000      0x11c app.o

.debug_info     0x00000000      0x361
 .debug_info    0x00000000      0x361 app.o

.debug_line     0x00000000       0x8c
 .debug_line    0x00000000       0x8c app.o

.debug_frame    0x00000000      0x2f0
 .debug_frame   0x00000000       0x88 app.o
 .debug_frame   0x00000088       0xf0 rlx_cache.o
 .debug_frame   0x00000178      0x178 flash_ep.o

.debug_pubnames
                0x00000000      0x242
 .debug_pubnames
                0x00000000       0x57 app.o
 .debug_pubnames
                0x00000057       0xce rlx_cache.o
 .debug_pubnames
                0x00000125      0x11d flash_ep.o

.debug_aranges  0x00000000       0x20
 .debug_aranges
                0x00000000       0x20 app.o

.debug_abbrev.1
                0x00000000       0xb6
 .debug_abbrev  0x00000000       0xb6 rlx_cache.o

.debug_info.2   0x00000000      0x382
 .debug_info    0x00000000      0x382 rlx_cache.o

.debug_line.3   0x00000000       0xa4
 .debug_line    0x00000000       0xa4 rlx_cache.o

.debug_aranges.4
                0x00000000       0x20
 .debug_aranges
                0x00000000       0x20 rlx_cache.o

.debug_str      0x00000000       0x35
 .debug_str     0x00000000       0x11 rlx_cache.o
 .debug_str     0x00000011       0x24 flash_ep.o

.debug_abbrev.5
                0x00000000       0xd7
 .debug_abbrev  0x00000000       0xd7 flash_ep.o

.debug_info.6   0x00000000      0x470
 .debug_info    0x00000000      0x470 flash_ep.o

.debug_line.7   0x00000000      0x11c
 .debug_line    0x00000000      0x11c flash_ep.o

.debug_aranges.8
                0x00000000       0x20
 .debug_aranges
                0x00000000       0x20 flash_ep.o

.debug_line.9   0x00000000       0x4c
 .debug_line    0x00000000       0x4c crt0.o

.debug_info.10  0x00000000       0x5f
 .debug_info    0x00000000       0x5f crt0.o

.debug_abbrev.11
                0x00000000       0x14
 .debug_abbrev  0x00000000       0x14 crt0.o

.debug_aranges.12
                0x00000000       0x20
 .debug_aranges
                0x00000000       0x20 crt0.o

.debug_line.13  0x00000000       0x89
 .debug_line    0x00000000       0x89 ./libc.a(lib_a-memcmp.o)

.debug_info.14  0x00000000       0xa7
 .debug_info    0x00000000       0xa7 ./libc.a(lib_a-memcmp.o)

.debug_abbrev.15
                0x00000000       0x14
 .debug_abbrev  0x00000000       0x14 ./libc.a(lib_a-memcmp.o)

.debug_aranges.16
                0x00000000       0x20
 .debug_aranges
                0x00000000       0x20 ./libc.a(lib_a-memcmp.o)

.debug_line.17  0x00000000       0x93
 .debug_line    0x00000000       0x93 ./libc.a(lib_a-memset.o)

.debug_info.18  0x00000000       0xa7
 .debug_info    0x00000000       0xa7 ./libc.a(lib_a-memset.o)

.debug_abbrev.19
                0x00000000       0x14
 .debug_abbrev  0x00000000       0x14 ./libc.a(lib_a-memset.o)

.debug_aranges.20
                0x00000000       0x20
 .debug_aranges
                0x00000000       0x20 ./libc.a(lib_a-memset.o)
