
Allocating common symbols
Common symbol       size              file

IndicationStk       0x800             obj/app_sp.o
EData               0x4               obj/client_sp.o
m_dashPtype         0x2               obj/dash_sp.o
lcErr               0x1               obj/usb_ata_sp.o
mLanguageType       0x4               obj/lib_sp.o
dest                0x10              obj/client_sp.o
s_eventLog          0x4               obj/language_sp.o
s_matchCondition_f  0x4               obj/language_sp.o
s_startxxx_f        0x4               obj/language_sp.o
xuuid               0x20              obj/dash_sp.o
s_gigaEthControl    0x4               obj/language_sp.o
usbcs               0x4               obj/usb_ata_sp.o
dirty_ext           0x78              obj/lib_sp.o
RISC_ACC_STATUS     0x4               obj/gmac_sp.o
s_opSystem          0x4               obj/language_sp.o
s_dashtech          0x4               obj/language_sp.o
s_about_f           0x4               obj/language_sp.o
usbSrv              0x4               obj/usb_sp.o
Role                0x80              obj/dash_sp.o
s_networkSetting    0x4               obj/language_sp.o
DHCPv4Stk           0x400             obj/app_sp.o
Freq_MMD            0x4               obj/mmd_sp.o
m_CalChksum         0x4               obj/wcom_opt.o
m_processorInstance
                    0x14              obj/dash_sp.o
Freq_TESTIO         0x4               obj/testio_gpio_sp.o
current_state       0x10              obj/dash_sp.o
c_subhead           0x4               obj/client_sp.o
s_opSystem_f        0x4               obj/language_sp.o
m_biosAttrInstance  0x28              obj/dash_sp.o
s_serviceSetting_f  0x4               obj/language_sp.o
s_matchCondition    0x4               obj/language_sp.o
TaskSMBUSLOGStk     0x800             obj/app_sp.o
s_fan               0x4               obj/language_sp.o
m_biosEleInstance   0x14              obj/dash_sp.o
health_state        0x10              obj/dash_sp.o
s_mailAccount       0x4               obj/language_sp.o
USBQ                0x4               obj/usb_sp.o
s_realtek           0x4               obj/language_sp.o
TaskSNRReadStk      0x400             obj/app_sp.o
currentPort         0x2               obj/dash_sp.o
new_power           0x2               obj/dash_sp.o
s_eventLog_f        0x4               obj/language_sp.o
cpu_sr              0x4               obj/OOBMAC_COMMON_sp.o
s_asset             0x4               obj/language_sp.o
s_bios_f            0x4               obj/language_sp.o
s_realtek_f         0x4               obj/language_sp.o
TCPTimerStk         0x600             obj/app_sp.o
s_sensorstring_f    0x4               obj/language_sp.o
TelnetSrvStk        0x400             obj/app_sp.o
s_startxxx          0x4               obj/language_sp.o
TCRMsg              0x80              obj/bsp_sp.o
s_memDevice_f       0x4               obj/language_sp.o
m_swIdInstance      0x64              obj/dash_sp.o
m_ChipInstance      0x14              obj/dash_sp.o
s_cpu_f             0x4               obj/language_sp.o
s_about             0x4               obj/language_sp.o
s_realtekCop_f      0x4               obj/language_sp.o
TaskWSMANTLSStk     0xa00             obj/app_sp.o
m_CardInstance      0x14              obj/dash_sp.o
s_memDevice         0x4               obj/language_sp.o
source              0x10              obj/client_sp.o
s_asset_f           0x4               obj/language_sp.o
ResultRole          0x80              obj/dash_sp.o
s_welcome_f         0x4               obj/language_sp.o
s_dashtech_f        0x4               obj/language_sp.o
m_ChassisInstance   0x14              obj/dash_sp.o
read_data           0x80              obj/i2c_gpio_master_sp.o
USBTxSem            0x4               obj/usb_sp.o
m_httpAuthcredential
                    0x168             obj/http_opt.o
s_welstr_f          0x4               obj/language_sp.o
to                  0x4               obj/dash_sp.o
m_SlotInstance      0x28              obj/dash_sp.o
m_sensorInstance    0x14              obj/dash_sp.o
s_computerSys_f     0x4               obj/language_sp.o
m_memInstance       0x14              obj/dash_sp.o
sk                  0x4               obj/dash_sp.o
RISC_ACC_BYTEEN     0x4               obj/gmac_sp.o
RISC_RW_SEL         0x4               obj/gmac_sp.o
bind_port           0x4               obj/dash_sp.o
uri                 0x40              obj/client_sp.o
TaskWSMANStk        0xa00             obj/app_sp.o
s_networkSetting_f  0x4               obj/language_sp.o
s_mailWakeup        0x4               obj/language_sp.o
m_PhyMemInstance    0x28              obj/dash_sp.o
privilege           0x20              obj/dash_sp.o
boot_seq            0x10              obj/dash_sp.o
TaskTCPStk          0xe00             obj/app_sp.o
s_mailWakeup_f      0x4               obj/language_sp.o
m_ShouldChksum      0x4               obj/wcom_opt.o
TaskSMBUSStk        0x400             obj/app_sp.o
[...]
Memory Configuration

Name             Origin             Length             Attributes
sram             0x00000000800c0000 0x0000000000026c00
boot             0x000000009fc00000 0x0000000000004000
flash            0x0000000082030000 0x00000000000c0000
conf             0x0000000082020000 0x0000000000010000
wake             0x0000000082022000 0x0000000000002000
ddrdata          0x0000000088800000 0x0000000000400000
ddrcode          0x0000000088c00000 0x0000000000400000
VGA_ROM          0x0000000082000000 0x0000000000005000
VGA_DDR          0x0000000088000000 0x0000000000800000
language_en      0x00000000820f0000 0x0000000000008000
language_2       0x00000000820f8000 0x0000000000008000
irom             0x0000000000000000 0xffffffffffffffff
imem0            0x0000000000000000 0xffffffffffffffff
ddr              0x0000000000000000 0xffffffffffffffff
*default*        0x0000000000000000 0xffffffffffffffff

Linker script and memory map

LOAD obj/app_sp.o
LOAD obj/OOBMAC_COMMON_sp.o
LOAD obj/ssh_sp.o
LOAD obj/dash_sp.o
LOAD obj/client_sp.o
LOAD obj/tcr_sp.o
LOAD obj/language_sp.o
LOAD obj/eventlog_sp.o
LOAD obj/gmac_sp.o
LOAD obj/bsp_sp.o
LOAD obj/sensor_sp.o
LOAD obj/netlib_sp.o
LOAD obj/x509parse_sp.o
LOAD obj/lib_sp.o
LOAD obj/arp_sp.o
LOAD obj/rtskt_sp.o
LOAD obj/ip_sp.o
LOAD obj/tcp_sp.o
LOAD obj/dhcp_sp.o
LOAD obj/icmp_sp.o
LOAD obj/usb_sp.o
LOAD obj/usb_ata_sp.o
LOAD obj/usbdesc_sp.o
LOAD obj/udp_sp.o
LOAD obj/pldm_sp.o
LOAD obj/usbdevice_interrupt_sp.o
LOAD obj/parammd_sp.o
LOAD obj/mmd_sp.o
LOAD obj/mdio_bitbang_sp.o
LOAD obj/testio_gpio_sp.o
LOAD obj/i2c_gpio_sp.o
LOAD obj/i2c_gpio_master_sp.o
LOAD obj/init_opt.o
LOAD obj/telnet_opt.o
LOAD obj/flash_opt.o
LOAD obj/asf_opt.o
LOAD obj/genpage_opt.o
LOAD obj/post_opt.o
LOAD obj/http_opt.o
LOAD obj/tls_opt.o
LOAD obj/htm_opt.o
LOAD obj/wcom_opt.o
LOAD obj/const.o
LOAD obj/hook.o

.conf           0x0000000082020000     0x2000
 *(.conf)
 .conf          0x0000000082020000     0x2000 obj/const.o
                0x0000000082020000                dpstart
                0x000000008202008c                padc
                0x0000000082021000                dpset
                0x0000000082021370                pad

.wake
 *(.wake)

.boot
 *(.boot)

.language_en    0x00000000820f0000      0x174
 *(.language_en)
 .language_en   0x00000000820f0000      0x174 obj/language_sp.o
                0x00000000820f0000                s_startxxx_en
                0x00000000820f0004                s_dashtech_en
                0x00000000820f001c                s_computerSys_en
                0x00000000820f002c                s_opSystem_en
                0x00000000820f0040                s_softwIdentity_en
                0x00000000820f0054                s_systemInfo_en
                0x00000000820f0068                s_bios_en
                0x00000000820f0070                s_cpu_en
                0x00000000820f0074                s_memDevice_en
                0x00000000820f0084                s_fan_en
                0x00000000820f0088                s_sensorstring_en
                0x00000000820f0090                s_asset_en
                0x00000000820f0098                s_remoteControl_en
                0x00000000820f00a8                s_eventLog_en
                0x00000000820f00b4                s_networkSetting_en
                0x00000000820f00c4                s_serviceSetting_en
                0x00000000820f00d4                s_mailWakeup_en
                0x00000000820f00e4                s_mailAccount_en
                0x00000000820f00f4                s_matchCondition_en
                0x00000000820f0104                s_about_en
                0x00000000820f010c                s_realtek_en
                0x00000000820f0114                s_welcome_en
                0x00000000820f011c                s_welstr_en
                0x00000000820f013c                s_gigaEthControl_en
                0x00000000820f0158                s_realtekCop_en

.language_2     0x00000000820f8000      0x3d0
 *(.language_2)
 .language_2    0x00000000820f8000      0x3d0 obj/language_sp.o
                0x00000000820f8000                s_startxxx_2
                0x00000000820f8018                s_dashtech_2
                0x00000000820f8048                s_computerSys_2
                0x00000000820f8070                s_opSystem_2
                0x00000000820f8098                s_softwIdentity_2
                0x00000000820f80c4                s_systemInfo_2
                0x00000000820f80f0                s_bios_2
                0x00000000820f8108                s_cpu_2
                0x00000000820f8120                s_memDevice_2
                0x00000000820f8148                s_fan_2
                0x00000000820f8160                s_sensorstring_2
                0x00000000820f817c                s_asset_2
                0x00000000820f8198                s_remoteControl_2
                0x00000000820f81c4                s_eventLog_2
                0x00000000820f81e8                s_networkSetting_2
                0x00000000820f8218                s_serviceSetting_2
                0x00000000820f8248                s_mailWakeup_2
                0x00000000820f8270                s_mailAccount_2
                0x00000000820f8298                s_matchCondition_2
                0x00000000820f82c8                s_about_2
                0x00000000820f82e4                s_realtek_2
                0x00000000820f8300                s_welcome_2
                0x00000000820f831c                s_welstr_2
                0x00000000820f835c                s_gigaEthControl_2
                0x00000000820f8398                s_realtekCop_2

.imem0
 *(.trap_handler)

.init           0x0000000082030000      0x178
 obj/init*.o(*.text)
 .text          0x0000000082030000      0x178 obj/init_opt.o
                0x0000000082030000                c_init
                0x0000000082030080                init_NIC_SD
                0x00000000820300e0                init_testItem_SD
 *(.init)

.sram           0x00000000800c0000     0xbaf8 load address 0x0000000082030178
 obj/8168h*.o(.text)
 obj/vga*.o(.text)
 obj/vnc*.o(.text)
 obj/des*.o(.text)
 obj/smbus*.o(.text)
 obj/telnet*.o(.text)
 .text          0x00000000800c0000     0x1cc8 obj/telnet_opt.o
                0x00000000800c0000                sendUSBPkt_F
                0x00000000800c02a4                USBClientTask
                0x00000000800c062c                FREQ
                0x00000000800c0664                USBSrvTask
                0x00000000800c0718                flushTelnetSendBuffer
                0x00000000800c08dc                sendNVTOpt
                0x00000000800c094c                sendNVTSubOpt
                0x00000000800c09c8                sendTelnetData
                0x00000000800c0b20                putCMDBuf
                0x00000000800c0b50                putSendBuf
                0x00000000800c0ba4                parseCmdBufffer
                0x00000000800c0fec                sendShellTag
                0x00000000800c106c                getShellCmd
                0x00000000800c1294                negoNVTCTLWill
                0x00000000800c1368                negoNVTCTLWont
                0x00000000800c1370                negoNVTCTLDo
                0x00000000800c141c                negoNVTCTLDont
                0x00000000800c1424                negoNVTCTLSB
                0x00000000800c1670                parseNVTOpt
                0x00000000800c16cc                negoTelnetOpt
                0x00000000800c17e8                telnetConsole
 obj/usb*.o(.text)
 .text          0x00000000800c1cc8      0x86c obj/usb_sp.o
                0x00000000800c1cc9                usb_config_init
                0x00000000800c1d69                USBDataWebGet
                0x00000000800c1e15                getDiskSize
                0x00000000800c1e79                getWebData
                0x00000000800c1f41                getType
                0x00000000800c2061                getMBR
                0x00000000800c219d                sendUSBPkt
                0x00000000800c230d                handle_ep_complete
                0x00000000800c234d                USBQHandle
                0x00000000800c2415                stopUSB
                0x00000000800c24fd                wait_AHB_idle
 .text          0x00000000800c2534      0x1fc obj/usb_ata_sp.o
                0x00000000800c2535                FWupdate_Parsing
                0x00000000800c25e1                CMD_Parsing
                0x00000000800c2685                ata_cbw
                0x00000000800c26bd                ata_csw
                0x00000000800c272d                IsValidCBW
 .text          0x00000000800c2730      0x188 obj/usbdesc_sp.o
                0x00000000800c2731                usb_desc_init
 .text          0x00000000800c28b8     0x1340 obj/usbdevice_interrupt_sp.o
                0x00000000800c28ed                otg_usb_enabled
                0x00000000800c2929                otg_usb_disabled
                0x00000000800c296d                device_int_suspend
                0x00000000800c2995                device_int_resume
                0x00000000800c29ad                core_reset
                0x00000000800c2a21                Rd_UPHY
                0x00000000800c2aa1                Wt_UPHY
                0x00000000800c2b2d                dwc_otg_flush_tx_fifo
                0x00000000800c2b79                dwc_otg_flush_rx_fifo
                0x00000000800c2bad                usb_dev_init
                0x00000000800c2db5                otg_usb_init
                0x00000000800c2e49                ep0_out_start
                0x00000000800c2eb9                usb_dev_reset
                0x00000000800c2fc5                set_usb_hs
                0x00000000800c2ff5                set_usb_fs
                0x00000000800c3021                device_int_enum_done
                0x00000000800c30f9                dwc_otg_ep0_start_transfer
                0x00000000800c3169                dwc_otg_ep_start_transfer
                0x00000000800c32cd                dwc_otg_ep_activate
                0x00000000800c33a5                ep_set_stall
                0x00000000800c3411                ep_clear_stall
                0x00000000800c3461                setup_phase
                0x00000000800c3871                handle_ep0
                0x00000000800c38b9                device_int_out_ep
                0x00000000800c3a01                device_int_in_ep
                0x00000000800c3ad1                bsp_usb_handler
 obj/ssh*.o(.text)
 .text          0x00000000800c3bf8     0x1fb0 obj/ssh_sp.o
                0x00000000800c3c79                buf_init
                0x00000000800c3c9d                buf_clear
                0x00000000800c3cad                buf_new
                0x00000000800c3cd1                buf_free
                0x00000000800c3ced                setInt
                0x00000000800c3f49                rsa_pkcs1_sign_sechash
                0x00000000800c40ad                sendSrvSSHPtlVerExMsg
                0x00000000800c4119                SSHFree
                0x00000000800c41c9                genrandom
                0x00000000800c447d                srvKeyExInit
                0x00000000800c4645                SSHInit
                0x00000000800c4829                sshEncodeData
                0x00000000800c483d                sshEncodeBanner
                0x00000000800c4851                send_msg_channel_close
                0x00000000800c48c5                channelRequest
                0x00000000800c57d1                recv_unimplemented
                0x00000000800c57d5                sshrx
                0x00000000800c5ab9                sshClient
                0x00000000800c5af5                sshSrv
 obj/client*.o(.text)
 .text          0x00000000800c5ba8      0xb84 obj/client_sp.o
                0x00000000800c5ba9                c_insertlen
                0x00000000800c5c0d                c_sendpacket
                0x00000000800c5c69                c_new_send_list
                0x00000000800c5ca1                parser_subinfo
                0x00000000800c5d85                send_heartbeat
                0x00000000800c5fb1                EgenXML
                0x00000000800c605d                send_event
                0x00000000800c628d                ReleaseEvent
                0x00000000800c62bd                EventDefaultInstance
                0x00000000800c635d                c_subscribe
                0x00000000800c638d                ReleaseSub
                0x00000000800c63c1                clientTask1
 obj/icmp*.o(.text)
 .text          0x00000000800c672c      0xa0c obj/icmp_sp.o
                0x00000000800c672d                icmpInput_debug
                0x00000000800c684d                routerAdvertise
                0x00000000800c6941                icmpv6EchoReply
                0x00000000800c6a89                icmpv6Solicitation
                0x00000000800c6bf5                getLinkLocalEUIAddr
                0x00000000800c6c61                chkLinkLocalEUIAddr
                0x00000000800c6cb1                icmpv6Advertisement
                0x00000000800c6d75                icmpv6Input
                0x00000000800c6e2d                neighborSolicite
                0x00000000800c6fe1                routerSolicite
 obj/udp*.o(.text)
 .text          0x00000000800c7138        0x0 obj/udp_sp.o
 obj/snmp*.o(.text)
 *(.sram)
 .sram          0x00000000800c7138      0x2a4 obj/bsp_sp.o
                0x00000000800c7181                bsp_timer_init
                0x00000000800c7265                bsp_setup
 .sram          0x00000000800c73dc      0x244 obj/lib_sp.o
                0x00000000800c73dd                setupPatchFun
 .sram          0x00000000800c7620      0x5e4 obj/rtskt_sp.o
                0x00000000800c7621                rtSktAccept
                0x00000000800c76e1                rtSktUDPSendTo
                0x00000000800c7999                getUDPAddressInfo
                0x00000000800c79e9                rtSktConnect
 .sram          0x00000000800c7c04     0x1050 obj/tcp_sp.o
                0x00000000800c7c05                tcpProcess
                0x00000000800c8111                tcpRxInput
                0x00000000800c82c5                addTcpHeader
                0x00000000800c8605                tcpDequeue
                0x00000000800c86a9                tcpPeriodChk
                0x00000000800c87a1                tcpInput
                0x00000000800c8a5d                tcpTimerTask
 .sram          0x00000000800c8c54      0x220 obj/pldm_sp.o
                0x00000000800c8c55                bsp_pldm_set
 .sram          0x00000000800c8e74      0x210 obj/asf_opt.o
                0x00000000800c8e74                bsp_load_asf_default
 obj/parammd*.o(.text)
 .text          0x00000000800c9084        0x0 obj/parammd_sp.o
 obj/mmd*.o(.text)
 .text          0x00000000800c9084      0xc7c obj/mmd_sp.o
                0x00000000800c9085                OCD_Write
                0x00000000800c9165                OCD_Read
                0x00000000800c923d                Direct_Write
                0x00000000800c9279                Direct_Read
                0x00000000800c92b5                Direct_post_Read
                0x00000000800c92f1                EFUSE_read
                0x00000000800c937d                EFUSE_write
                0x00000000800c9409                GPHY_read
                0x00000000800c9479                GPHY_write
                0x00000000800c951d                EPHY_read
                0x00000000800c958d                EPHY_write
                0x00000000800c9631                MMD_Processing
                0x00000000800c9b61                MMD_Parsing
                0x00000000800c9c49                MMD_Init
                0x00000000800c9c69                MMD_Test_Task
 obj/mdio_bitbang*.o(.text)
 .text          0x00000000800c9d00      0x46c obj/mdio_bitbang_sp.o
                0x00000000800c9d01                check_test_timer
                0x00000000800c9d25                get_timer
                0x00000000800c9d49                wr_ndelay
                0x00000000800c9ea9                rd_ndelay
                0x00000000800c9fc1                mdiobb_read
                0x00000000800ca059                mdiobb_post_read
                0x00000000800ca0f1                mdiobb_write
 obj/testio_gpio*.o(.text)
 .text          0x00000000800ca16c      0xb8c obj/testio_gpio_sp.o
                0x00000000800ca16d                Testio_Gpio_Init
                0x00000000800ca195                TESTIO_Direct_Write
                0x00000000800ca1cd                TESTIO_Direct_Read
                0x00000000800ca205                RdOCPAddr
                0x00000000800ca27d                ParaOCPMCUSTALLRead
                0x00000000800ca291                ReadOCPMCUSTALLRegTestIO
                0x00000000800ca2a5                WtOCPAddr
                0x00000000800ca321                ParaOCPMCUSTALLWrite
                0x00000000800ca335                WriteOCPMCUSTALLRegTestIO
                0x00000000800ca3e1                RdOCPAddr_Alive
                0x00000000800ca471                WtOCPAddr_Alive
                0x00000000800ca509                ParaOCPRead
                0x00000000800ca51d                ParaOCPWrite
                0x00000000800ca53d                ParaGPHYWrite
                0x00000000800ca585                ParaGPHYRead
                0x00000000800ca5c1                ReadPhyRegNoPageTestIO
                0x00000000800ca5d5                WritePhyRegNoPageTestIO
                0x00000000800ca62d                ParaEFUSERead
                0x00000000800ca671                ReadEFUSETestIO
                0x00000000800ca685                ReadEFUSETestIO16
                0x00000000800ca699                ParaEFUSEWrite
                0x00000000800ca6e9                WriteEFUSETestIO
                0x00000000800ca73d                ParaEFUSEWrite16
                0x00000000800ca7a5                WriteEFUSETestIO16
                0x00000000800ca811                ParaEPHYRead
                0x00000000800ca849                ReadEPhyRegTestIO
                0x00000000800ca85d                ParaEPHYWrite
                0x00000000800ca8a5                WriteEPhyRegTestIO
                0x00000000800ca901                ReadOCPRegTestIO
                0x00000000800ca915                WriteOCPRegTestIO
                0x00000000800ca995                Testio_Processing
                0x00000000800cabd9                Testio_Parsing
 obj/i2c_gpio*.o(.text)
 .text          0x00000000800cacf8      0x5e4 obj/i2c_gpio_sp.o
                0x00000000800cacf9                i2c_start
                0x00000000800cad3d                i2c_stop
                0x00000000800cad71                i2c_read_ack
                0x00000000800cadb5                i2c_send_ack
                0x00000000800caded                i2c_send_nack
                0x00000000800cae25                i2c_write_byte
                0x00000000800cae99                i2c_read_byte
                0x00000000800caf09                i2c_read
                0x00000000800caf69                i2c_write
                0x00000000800cafbd                write_reg
                0x00000000800cafe1                read_reg
                0x00000000800cb019                set_port_dir
                0x00000000800cb085                get_port_val
                0x00000000800cb0c5                set_port_val
                0x00000000800cb12d                GPIO_IIC_Init
                0x00000000800cb141                GPIO_Processing
                0x00000000800cb209                GPIO_Parsing
 .text          0x00000000800cb2dc      0x81c obj/i2c_gpio_master_sp.o
                0x00000000800cb309                wait_us
                0x00000000800cb405                I2C_delay
                0x00000000800cb415                wait_us_S
                0x00000000800cb45d                I2C_delay_S
                0x00000000800cb46d                init_gpio_dir
                0x00000000800cb4bd                set_gpio_output
                0x00000000800cb501                get_gpio_input
                0x00000000800cb531                i2c_start_cond
                0x00000000800cb59d                i2c_stop_cond
                0x00000000800cb5fd                i2c_write_bit
                0x00000000800cb651                i2c_read_bit
                0x00000000800cb6b9                i2c_write_byte_M
                0x00000000800cb711                i2c_read_byte_M
                0x00000000800cb761                i2c_cp_write_byte
                0x00000000800cb7ed                i2c_write_byte_retry
                0x00000000800cb851                i2c_cp_write_multibyte
                0x00000000800cb8d5                i2c_cp_read_multibyte
                0x00000000800cb9f1                i2c_chargerIC_USB3750_reset
                0x00000000800cba31                I2C_gpio_init

.ddr
                0x0000000082030178                __sram_start_lma = LOADADDR (.sram)
                0x00000000800c0000                __sram_start_vma = ADDR (.sram)
                0x000000000000baf8                __sram_size = SIZEOF (.sram)

.text           0x000000008203bc70    0x23778
 *(.text)
 .text          0x000000008203bc70      0x13c obj/app_sp.o
                0x000000008203bd09                bsp_KCS_RKVM_NCSI_shareHandler
                0x000000008203bd1d                bsp_FUN0_EHCI_shareHandler
                0x000000008203bd2d                Function0_Interrupt_shareHandler
                0x000000008203bd71                RISC_FRE_divide
 .text          0x000000008203bdac      0x43c obj/OOBMAC_COMMON_sp.o
                0x000000008203bdad                OOB_access_IB_channel
                0x000000008203bde1                OOB_READ_IB
                0x000000008203be2d                OOB_WRITE_IB
                0x000000008203be71                OOB_WRITE_IB_BIT
                0x000000008203bf5d                OOBMAC_sharepin_mode_set
                0x000000008203c025                OOBMAC_gpio_init
                0x000000008203c11d                OOBMAC_gpio_output
                0x000000008203c175                OOBMAC_gpio_input
                0x000000008203c195                OOBMAC_gpio_input_general
 .text          0x000000008203c1e8     0xc0d4 obj/dash_sp.o
                0x000000008203c1e9                UpdateComputerSystemCIM
                0x000000008203c259                getEnableState
                0x000000008203c2ad                getRequestedState
                0x000000008203c2f9                getOperationalStatus
                0x000000008203c341                getMemoryType
                0x000000008203c389                getAccess
                0x000000008203c3bd                getHealthState
                0x000000008203c431                getSwIdInstanceCount
                0x000000008203c49d                getbiosAttrInstanceCount
                0x000000008203c509                getMemInstanceCount
                0x000000008203c575                getProcessorInstanceCount
                0x000000008203c5e1                getbiosEleInstanceCount
                0x000000008203c649                getFanInstanceCount
                0x000000008203c6b1                getSensorInstanceCount
                0x000000008203c719                getCommonInstanceCount
                0x000000008203c8f5                returnOperationSys
                0x000000008203ca69                getBIOSElemProperty
                0x000000008203cb01                getBIOSAttrProperty
                0x000000008203cb49                getCommonProperty
                0x000000008203cf6d                getPowerMangSrvProperty
                0x000000008203d009                getTestCIMProperty_debug
                0x000000008203d03d                getOsPropertyFromIdata
                0x000000008203d04d                getOperationSysProperty
                0x000000008203d175                getComputerSysProperty
                0x000000008203d275                getPowerMangCapProperty
                0x000000008203d311                NewMem
                0x000000008203d369                ReleaseBuf
                0x000000008203d3b1                TmpNewMem
                0x000000008203d409                TmpReleaseBuf
                0x000000008203d451                generate_uuid
                0x000000008203d555                strback
                0x000000008203d56d                str2hex
                0x000000008203d5d9                subscribe
                0x000000008203d659                unsubscribe
                0x000000008203d6e5                sendpacket
                0x000000008203d75d                ReleaseProfile
                0x000000008203d779                releaseSoftwareIdCIM
                0x000000008203d7c1                releaseBIOSElementCIM
                0x000000008203d809                releaseBIOSAttrCIM
                0x000000008203d851                releaseProcessorCIM
                0x000000008203d899                releaseMemoryCIM
                0x000000008203d8e1                releaseSensorCIM
                0x000000008203d929                releaseFanCIM
                0x000000008203d971                releaseCommonCIM
                0x000000008203db4d                releaseOperationSysCIM
                0x000000008203db7d                releaseCardCIM
                0x000000008203dbc5                releaseChassisCIM
                0x000000008203dc0d                ClearSendBuf
                0x000000008203dc49                new_send_list
                0x000000008203dc85                insertlen
                0x000000008203dd19                ProfileEntry
                0x000000008203de0d                SearchEnd
                0x000000008203de81                GetInstanceCount
                0x000000008203dfc1                GetElement
                0x000000008203e039                SetElement
                0x000000008203e07d                SelectElement
                0x000000008203e1c9                SearchIndex
                0x000000008203e229                DefaultRoleInstance
                0x000000008203e3d9                DefaultLogInstance
                0x000000008203e5b5                DefaultIndicationInstance
                0x000000008203e7dd                DefaultPldmInstance
                0x000000008203eb3d                DefaultInbandInstance
                0x000000008203f26d                UpdateOperationSysCIM
                0x000000008203f2b5                UpdateSoftwareIdCIM
                0x000000008203f2f9                GetTotalValue
                0x000000008203f375                DefaultSensorInstance
                0x000000008203fa09                UpdateFanCIM
                0x000000008203fa5d                UpdateSensorCIM
                0x000000008203faa5                DefaultPrivilegeInstance
                0x000000008203fca5                DefaultElementConformsInstance
                0x000000008203fe31                DefaultRegisterInstance
                0x0000000082040051                DefaultBiosInstance
                0x0000000082040369                UpdateBIOSAttrCIM
                0x00000000820403ad                InitialRegister
                0x00000000820403ed                ParserNsData
                0x0000000082040571                PutBodyElement
                0x000000008204090d                gen_nsdata
                0x00000000820409e9                gen_action
                0x0000000082040bb5                wsman_identify_stub
                0x0000000082040de1                create_release_response_envelope
                0x0000000082040ea5                create_delete_response_envelope
                0x0000000082041045                create_create_response_envelope
                0x0000000082041289                create_enumerate_response_envelope
                0x00000000820413d1                create_evt_getstatus_response_envelope
                0x00000000820414cd                create_evt_renew_response_envelope
                0x00000000820415c9                auth_anon
                0x0000000082041629                auth_error
                0x0000000082041771                response_fault
                0x00000000820418a9                ParserAction
                0x0000000082041939                ResetUsed
                0x000000008204196d                InitElement
                0x00000000820419d1                getUserState
                0x0000000082041a29                DefaultAccountInstance
                0x0000000082041c01                DefaultInstance
                0x0000000082042b01                UpdateProcessorCIM
                0x0000000082042b55                UpdateMemoryCIM
                0x0000000082042ba9                UpdateCommonCIM
                0x0000000082042e99                UpdateBIOSElementCIM
                0x0000000082042ee9                genXML
                0x00000000820432fd                create_pull_response_envelope
                0x0000000082043b3d                create_get_response_envelope
                0x0000000082043c3d                create_put_response_envelope
                0x0000000082043d51                create_subscribe_response_envelope
                0x0000000082043fd1                create_unsubscribe_response_envelope
                0x00000000820440f9                create_invoke_response_envelope
                0x0000000082044425                register_endpoint
                0x0000000082044509                SearchKey
                0x0000000082044749                SearchReference
                0x00000000820448c1                EnableUser
                0x000000008204493d                md_RequestStateChange
                0x0000000082044d5d                md_RequestPowerStateChange
                0x0000000082044e79                md_ApplyBootConfigSetting
                0x0000000082044e7d                md_CreateBootConfigSetting
                0x0000000082044ef5                md_ChangeBootOrderPldm
                0x000000008204501d                md_SetBootConfigRole
                0x00000000820450d5                md_CreateAccount
                0x0000000082045289                md_AssignRoles
                0x0000000082045401                md_ModifyRole
                0x000000008204559d                md_CreateRole
                0x000000008204577d                md_DeleteRole
                0x00000000820457f9                md_FirmwareUpdate
                0x0000000082045815                md_CreateOpaque
                0x0000000082045931                md_ReadWriteOpaque
                0x0000000082045b91                md_ReassignOwnershipOpaque
                0x0000000082045ce5                md_SetBIOSAttribute
                0x0000000082045da9                md_RestoreBIOSDefaults
                0x0000000082045df5                CheckSensor
                0x0000000082045e25                ParserBody
                0x0000000082046bd5                check_envelope
                0x000000008204716d                ParserElement
                0x000000008204740d                parseelt
                0x000000008204742d                check_missing
                0x000000008204746d                debug_printfIP
                0x0000000082047499                ConnectControl
                0x00000000820477c5                wsinit
                0x0000000082047891                wsman
                0x0000000082047fa5                wsmanSrv
                0x000000008204806d                wsmanSrvIPv6
                0x0000000082048121                wsmanSrvTLS
                0x00000000820481ed                wsmanSrvTLSIPv6
 .text          0x00000000820482bc      0x844 obj/tcr_sp.o
                0x00000000820482bd                bsp_tcr_init
                0x00000000820484b5                tcrrx
                0x00000000820486b1                bsp_kcs_init_patch
                0x00000000820487b9                bsp_tcr_handler
                0x0000000082048909                bsp_kcs_handler_patch
                0x00000000820489fd                tcrread
                0x0000000082048a89                stopTCR
 .text          0x0000000082048b00      0xa48 obj/language_sp.o
                0x0000000082048b01                setLanguageType
                0x0000000082048d5d                buildKeyworkTable_foreign
                0x000000008204952d                buildKeyworkTable
 .text          0x0000000082049548      0x7cc obj/eventlog_sp.o
                0x0000000082049549                getEventLogParser
 .text          0x0000000082049d14      0x1b8 obj/gmac_sp.o
                0x0000000082049d15                bsp_inband_push_ack
                0x0000000082049dcd                bsp_get_inband_data
 .text          0x0000000082049ecc      0x414 obj/bsp_sp.o
                0x0000000082049ecd                setIPAddress_withoutFlash
                0x0000000082049f8d                bsp_timer_reinit
                0x000000008204a04d                SetPowerSavingParameter
                0x000000008204a051                bsp_setup_R
                0x000000008204a089                bsp_IODrvAP_exist
                0x000000008204a0a9                ReadIBReg
                0x000000008204a0e5                WriteIBReg
                0x000000008204a125                lan_wake
                0x000000008204a175                UMAC_RST
                0x000000008204a1e1                OOB_READ_IB_0
                0x000000008204a21d                OOB_WRITE_IB_0
                0x000000008204a25d                usb_otg_patch
 .text          0x000000008204a2e0      0x518 obj/sensor_sp.o
                0x000000008204a3b5                set_pldm_snr_slave_address
                0x000000008204a405                ParserSensor
                0x000000008204a73d                pldm_snr_read
 .text          0x000000008204a7f8        0x0 obj/netlib_sp.o
 .text          0x000000008204a7f8     0x144c obj/x509parse_sp.o
                0x000000008204a8e1                asn1_get_tag
                0x000000008204ab5d                asn1_get_int
                0x000000008204abb1                asn1_get_char
                0x000000008204ac01                asn1_get_uint
                0x000000008204ac55                x509parse_dn_gets
                0x000000008204ae25                x509parse_time_expired
                0x000000008204ae79                x509parse_revoked
                0x000000008204aeb9                x509parse_verify
                0x000000008204b0c9                x509_free
                0x000000008204b16d                x509parse_crt
                0x000000008204b7ad                x509_crl_free
                0x000000008204b845                x509parse_crl
 .text          0x000000008204bc44      0x40c obj/lib_sp.o
                0x000000008204bc45                allocIPPkt_4bytesAlignment
                0x000000008204bcc5                makeAlertEvent
                0x000000008204bcc9                setdirtylen
                0x000000008204bcf9                writeflash
                0x000000008204bef9                AcquireIbOobMutex
                0x000000008204bf69                ReleaseIbOobMutex
                0x000000008204bf91                setSleepDeep
                0x000000008204bfa1                TCRDisable
                0x000000008204bfc5                TCREnable
                0x000000008204bfe9                getFwLogParser
 .text          0x000000008204c050      0x194 obj/arp_sp.o
                0x000000008204c051                findEtherAddr
 .text          0x000000008204c1e4      0x5a4 obj/rtskt_sp.o
                0x000000008204c1e5                getDNSAnsRRPos
                0x000000008204c211                getIPAddrPos
                0x000000008204c391                getPortNumber
                0x000000008204c3c1                rtSktEnableRMCPPortFilter
                0x000000008204c3c5                rtSktDisableRMCPPortFilter
                0x000000008204c3c9                rtGethostbyname
 .text          0x000000008204c788      0x10c obj/ip_sp.o
                0x000000008204c789                ipInput
 .text          0x000000008204c894      0xaa8 obj/tcp_sp.o
                0x000000008204c895                removePCB
                0x000000008204c9fd                matchIntf
                0x000000008204ca21                reserveIBPort
                0x000000008204cae9                SetIBPF
                0x000000008204cb29                SetOOBPF
                0x000000008204cba9                removePortFilterTableEP
                0x000000008204cdb1                reloadFilterTableEP
                0x000000008204cf4d                setNewIBTCAMPortPF
                0x000000008204d0e5                setPortFilterTableEP
 .text          0x000000008204d33c        0x0 obj/dhcp_sp.o
 .text          0x000000008204d33c     0x1c8c obj/pldm_sp.o
                0x000000008204d33d                _unicode
                0x000000008204d39d                AddItem
                0x000000008204d3cd                ReleasePldm
                0x000000008204d409                SearchAttr
                0x000000008204d47d                SetValue
                0x000000008204d625                InitialPLDM
                0x000000008204d78d                getPLDMElement
                0x000000008204d7b9                CreateAttrVal
                0x000000008204d839                handle_pldm_br_phoenix
                0x000000008204d989                handle_pldm_br_ami
                0x000000008204dcf5                handle_pldm_bw
                0x000000008204dcf9                setPLDMEndPoint
                0x000000008204dd25                handle_pldm_tags
                0x000000008204de85                pldm_handle_setgettime
                0x000000008204df1d                smbus_process_pldm_br_ami
                0x000000008204e1e9                smbus_process_pldm_br_phoenix
                0x000000008204e36d                smbus_process_pldm_bw
 .text          0x000000008204efc8      0x8d8 obj/flash_opt.o
                0x000000008204efc8                CompareSMBIOS
                0x000000008204f090                FlashTask
 .text          0x000000008204f8a0      0x624 obj/asf_opt.o
                0x000000008204f8a0                bsp_set_pldm_slave_address
                0x000000008204f908                bsp_set_asftbl
                0x000000008204f990                ParserASFTable
 .text          0x000000008204fec4     0x1d00 obj/genpage_opt.o
                0x000000008204fec4                biosPage
                0x0000000082050348                sysInfoPage
                0x00000000820504c8                basedBoardPage
                0x0000000082050648                chassisPage
                0x00000000820507c8                sysBootPage
                0x00000000820508e8                processorPage
                0x0000000082050af8                phyMemArrayPage
                0x0000000082050cf4                cachePage
                0x0000000082050eb4                portConnectorPage
                0x0000000082051088                sysSlotPage
                0x0000000082051258                memDevPage
                0x00000000820513fc                memArrayMapAddrPage
                0x00000000820515cc                onBoardDevPage
                0x0000000082051798                sysEventLogPage
                0x0000000082051ac8                genSMBIOSWebPage
 .text          0x0000000082051bc4     0x1a04 obj/post_opt.o
                0x0000000082051ee0                verifyIPField
                0x0000000082051ef0                netSetIPv4Value
                0x0000000082052078                netSetIPv6Value
                0x000000008205220c                netSet
                0x0000000082052be8                serviceSet
                0x0000000082052dbc                remoteCtlSet
                0x00000000820532d4                tlsAuth
                0x00000000820534d4                urltoken
 .text          0x00000000820535c8     0x280c obj/http_opt.o
                0x00000000820536b4                isLegalAuthcredential
                0x0000000082053798                setAuthCredential
                0x0000000082053970                releaseAuthCredential
                0x0000000082053a70                basicAuth
                0x0000000082053c54                digestAuth
                0x0000000082054d90                webPost
                0x0000000082054ff4                parsePostRequest
                0x0000000082055530                httpPost
                0x000000008205560c                httpGet
                0x00000000820557ac                http_debug
                0x0000000082055890                getLanguageType
                0x0000000082055964                httpRx
                0x0000000082055ba8                getHttpHeaderInfo
                0x0000000082055dcc                initTCPService
 .text          0x0000000082055dd4     0x2dd4 obj/tls_opt.o
                0x0000000082055dd4                getCertificate
                0x0000000082055e20                createSSL
                0x0000000082055e5c                authedSSL
                0x0000000082055ec0                getPCBMatchSSL
                0x00000000820561c4                parseRecordLayer
                0x00000000820562fc                tlsEncodeData
                0x0000000082056518                deCodeTLSData
                0x0000000082056b30                processCertificateVerify
                0x0000000082056bcc                makeTLSRecordLayer
                0x0000000082056bf0                processClientHello
                0x0000000082056d20                processClientHelloSSLv2
                0x0000000082056f0c                serverHello
                0x0000000082057078                serverCertificate
                0x000000008205716c                serverHelloDone
                0x00000000820571d8                serverCertificateReq
                0x0000000082057258                serverKeyExchange
                0x00000000820572e8                sendServerHelloSequence
                0x0000000082057640                tlsPktSend
                0x0000000082057690                processClientKeyExchange
                0x0000000082057750                parseChangeCipherSpec
                0x0000000082057798                parseClientFinish
                0x0000000082057b9c                serverFinish
                0x0000000082057dd8                sendServerFinish
                0x0000000082057f5c                doServerHandshake
                0x00000000820582e8                doTLSAccept
                0x0000000082058a30                sendTLSWebPage
                0x0000000082058b38                sendTLSAlert
 .text          0x0000000082058ba8     0x5350 obj/htm_opt.o
                0x0000000082058ba8                atoull
                0x0000000082058c90                parseBytesToSizeString
                0x0000000082058d74                genWelcomePage
                0x0000000082058db4                genBannerPage
                0x0000000082058de0                sendWebPagePkt
                0x0000000082058ee4                genInfoPage
                0x0000000082059140                genOperationSystemPage
                0x000000008205921c                genPROCESSORPage
                0x00000000820596a8                genMemoryPage
                0x0000000082059c0c                genFanPage
                0x000000008205a010                genSensorPage
                0x000000008205a420                genAssetPage
                0x000000008205b3a0                genBIOSPage
                0x000000008205b890                genSoftwareIdentityPage
                0x000000008205bc9c                genComputerSystemPage
                0x000000008205bf14                genShowCounterPage
                0x000000008205bfb0                genClearCounterPage
                0x000000008205c04c                chkSMBIOSReqPages
                0x000000008205c2fc                getWebPageID
                0x000000008205c77c                genSrvSetPage
                0x000000008205c7d4                IPtoStr
                0x000000008205c834                IPv6toStr
                0x000000008205c8e0                genNetSetPage
                0x000000008205ce80                genNetSetv6Page
                0x000000008205d070                genAboutPage
                0x000000008205d114                sendStaticWebPage
                0x000000008205d2e4                sendEventLogPage
                0x000000008205d5bc                sendSMBIOSWebPage
                0x000000008205d680                sendRmoteCtlPage
                0x000000008205d768                sendWebPages
 .text          0x000000008205def8     0x1454 obj/wcom_opt.o
                0x000000008205def8                read_hm_sensor
                0x000000008205e0b0                OOBResponseTask
 .text          0x000000008205f34c        0x0 obj/const.o
 .text          0x000000008205f34c        0x0 obj/hook.o
 *(.text.startup)
 .text.startup  0x000000008205f34c       0x9c obj/app_sp.o
                0x000000008205f34d                main
                0x000000008203bc70                __text_start_lma = LOADADDR (.text)
                0x000000008203bc70                __text_start_vma = ADDR (.text)
                0x0000000000023778                __text_size = SIZEOF (.text)

.text.unlikely  0x000000008205f3e8       0xbc
 .text.unlikely
                0x000000008205f3e8       0xbc obj/x509parse_sp.o

.rodata         0x000000008205f4a4     0xeda8
                0x000000008205f4a4                . = ALIGN (0x4)
 *(.roexcept)
 *(.rodata .rodata.* .gnu.linkonce.r.*)
 .rodata.str1.4
                0x000000008205f4a4       0x18 obj/app_sp.o
 .rodata.cst4   0x000000008205f4bc       0x18 obj/app_sp.o
 .rodata.cst4   0x000000008205f4d4       0x18 obj/OOBMAC_COMMON_sp.o
 .rodata.str1.4
                0x000000008205f4ec       0xd7 obj/ssh_sp.o
                                         0xd8 (size before relaxing)
 *fill*         0x000000008205f5c3        0x1 
 .rodata        0x000000008205f5c4       0xf0 obj/ssh_sp.o
                0x000000008205f5e8                dh_p_val
                0x000000008205f668                SSHCompressAlog
                0x000000008205f670                SSHMacAlogSrv2Cli
                0x000000008205f67c                SSHEnAlog
                0x000000008205f688                SSHSrvHostKeyAlog
                0x000000008205f690                SSHKexAlog
                0x000000008205f6ac                CRLF
                0x000000008205f6b0                dh_g_val
 .rodata.str1.4
                0x000000008205f6b4     0x532a obj/dash_sp.o
                                       0x56b8 (size before relaxing)
 *fill*         0x00000000820649de        0x2 
 .rodata        0x00000000820649e0      0xdd4 obj/dash_sp.o
                0x0000000082064bb0                _RegProfile
                0x0000000082064d68                _Profile
                0x00000000820653b8                _PowerManagementCapabilities
                0x000000008206563c                hello_nego
                0x00000000820656c8                hello_err
                0x000000008206573c                hello
 .rodata.cst4   0x00000000820657b4       0x20 obj/dash_sp.o
 .rodata.str1.4
                0x00000000820657d4      0x517 obj/client_sp.o
                                        0x600 (size before relaxing)
 *fill*         0x0000000082065ceb        0x1 
 .rodata.cst4   0x0000000082065cec       0x78 obj/tcr_sp.o
                                         0x7c (size before relaxing)
 .rodata.str1.4
                0x0000000082065d64      0x1af obj/language_sp.o
                                        0x1b0 (size before relaxing)
 *fill*         0x0000000082065f13        0x1 
 .rodata.cst4   0x0000000082065f14        0x8 obj/language_sp.o
 .rodata.str1.4
                0x0000000082065f1c      0x7ad obj/eventlog_sp.o
                                        0x7cc (size before relaxing)
 *fill*         0x00000000820666c9        0x3 
 .rodata.cst4   0x00000000820666cc       0x40 obj/eventlog_sp.o
 .rodata.cst4   0x000000008206670c       0x40 obj/bsp_sp.o
                                         0x50 (size before relaxing)
 .rodata.str1.4
                0x000000008206674c        0xe obj/sensor_sp.o
                                         0x10 (size before relaxing)
 *fill*         0x000000008206675a        0x2 
 .rodata.str1.4
                0x000000008206675c       0xe2 obj/x509parse_sp.o
                                         0xe8 (size before relaxing)
 *fill*         0x000000008206683e        0x2 
 .rodata.str1.4
                0x0000000082066840       0x8e obj/lib_sp.o
                                         0x90 (size before relaxing)
 *fill*         0x00000000820668ce        0x2 
 .rodata.cst4   0x00000000820668d0        0xc obj/lib_sp.o
                                         0x10 (size before relaxing)
 .rodata.cst4   0x00000000820668dc        0xc obj/rtskt_sp.o
 .rodata        0x00000000820668e8        0x8 obj/tcp_sp.o
                0x00000000820668e8                Default_RSV_Port
 .rodata.cst4   0x00000000820668f0        0x8 obj/tcp_sp.o
 .rodata.str1.4
                0x00000000820668f8       0x16 obj/icmp_sp.o
                                         0x18 (size before relaxing)
 *fill*         0x000000008206690e        0x2 
 .rodata.str1.4
                0x0000000082066910       0x15 obj/usb_sp.o
                                         0x30 (size before relaxing)
 *fill*         0x0000000082066925        0x3 
 .rodata        0x0000000082066928       0x6c obj/usb_sp.o
                0x0000000082066930                RtHttpHdr
 .rodata.cst4   0x0000000082066994        0x8 obj/usb_sp.o
 .rodata        0x000000008206699c      0x2a4 obj/usbdesc_sp.o
                0x000000008206699c                disc_conf
                0x0000000082066a28                disc_sense
                0x0000000082066a50                disc_info
                0x0000000082066a74                mode_sense
                0x0000000082066a88                iso_conf
                0x0000000082066a98                iso_toc
                0x0000000082066ab0                inquiry_data
                0x0000000082066b1c                Device_Qualifier
                0x0000000082066b28                str3
                0x0000000082066b88                str2
                0x0000000082066ba8                str1
                0x0000000082066bb8                str0
                0x0000000082066bbc                other_speed
                0x0000000082066bdc                descriptors_cbi
                0x0000000082066c04                descriptors_bulk
                0x0000000082066c24                usb_sector_size
                0x0000000082066c2c                device_desc
 .rodata.str1.4
                0x0000000082066c40        0x5 obj/pldm_sp.o
                                          0x8 (size before relaxing)
 *fill*         0x0000000082066c45        0x3 
 .rodata.cst4   0x0000000082066c48        0x8 obj/pldm_sp.o
 .rodata.str1.4
                0x0000000082066c50       0x20 obj/usbdevice_interrupt_sp.o
 .rodata.cst4   0x0000000082066c70       0xc0 obj/usbdevice_interrupt_sp.o
                                         0xe0 (size before relaxing)
 .rodata.str1.4
                0x0000000082066d30       0x46 obj/mmd_sp.o
                                         0x48 (size before relaxing)
 *fill*         0x0000000082066d76        0x2 
 .rodata.cst4   0x0000000082066d78       0x10 obj/mmd_sp.o
                                         0x18 (size before relaxing)
 .rodata.cst4   0x0000000082066d88        0x8 obj/mdio_bitbang_sp.o
                                          0xc (size before relaxing)
 .rodata.cst4   0x0000000082066d90        0x8 obj/testio_gpio_sp.o
                                         0x18 (size before relaxing)
 .rodata.str1.4
                0x0000000082066d98        0xa obj/i2c_gpio_sp.o
                                          0xc (size before relaxing)
 *fill*         0x0000000082066da2        0x2 
 .rodata.str1.4
                0x0000000082066da4       0x48 obj/i2c_gpio_master_sp.o
 .rodata.cst4   0x0000000082066dec        0x4 obj/i2c_gpio_master_sp.o
                                          0x8 (size before relaxing)
 .rodata.str1.4
                0x0000000082066df0       0x79 obj/telnet_opt.o
                                         0x7c (size before relaxing)
 *fill*         0x0000000082066e69        0x3 
 .rodata        0x0000000082066e6c       0x2c obj/telnet_opt.o
                0x0000000082066e94                lf
 .rodata.str1.4
                0x0000000082066e98       0x62 obj/flash_opt.o
                                         0x64 (size before relaxing)
 *fill*         0x0000000082066efa        0x2 
 .rodata        0x0000000082066efc       0x3c obj/flash_opt.o
 .rodata.str1.4
                0x0000000082066f38        0x5 obj/asf_opt.o
                                          0x8 (size before relaxing)
 *fill*         0x0000000082066f3d        0x3 
 .rodata.str1.4
                0x0000000082066f40      0xa43 obj/genpage_opt.o
                                        0xac8 (size before relaxing)
 *fill*         0x0000000082067983        0x1 
 .rodata        0x0000000082067984      0x55c obj/genpage_opt.o
 .rodata.str1.4
                0x0000000082067ee0       0xcc obj/post_opt.o
                                         0xe8 (size before relaxing)
 .rodata        0x0000000082067fac       0x30 obj/post_opt.o
 .rodata.str1.4
                0x0000000082067fdc      0x1c5 obj/http_opt.o
                                        0x1e4 (size before relaxing)
 *fill*         0x00000000820681a1        0x3 
 .rodata        0x00000000820681a4      0x3c4 obj/http_opt.o
                0x00000000820681e4                WebUnauthAD
                0x0000000082068258                WebUnauthDigest
                0x00000000820682f8                WebUnauthBasic
                0x0000000082068370                UnauthDigest
                0x0000000082068420                UnauthBasic
                0x0000000082068498                body
                0x0000000082068500                responseHeader
 .rodata.str1.4
                0x0000000000000000      0x1c5 obj/tls_opt.o
                                          0x4 (size before relaxing)
 .rodata.str1.4
                0x0000000082068568      0x787 obj/htm_opt.o
                                        0xb9c (size before relaxing)
 *fill*         0x0000000082068cef        0x1 
 .rodata        0x0000000082068cf0     0x4cc8 obj/htm_opt.o
                0x000000008206d67c                rdcss
                0x000000008206d8ec                cookieHdrHtm
                0x000000008206d944                headerHtm
                0x000000008206d984                okPage
 .rodata.str1.4
                0x000000008206d9b8       0xa0 obj/wcom_opt.o
                                         0xd0 (size before relaxing)
 .rodata        0x000000008206da58      0x168 obj/wcom_opt.o
 .rodata        0x000000008206dbc0      0x5fc obj/const.o
                0x000000008206dcd0                RMCP_IANA
                0x000000008206dcd4                asf_ctldata
                0x000000008206dce4                asfalerts
                0x000000008206dde4                snrinfo
                0x000000008206de34                asf_legacy_sensor_num
                0x000000008206de35                asf_alerts_num
                0x000000008206de38                snrtbl
                0x000000008206de4c                snrstatestr
                0x000000008206def4                pwrtbl
                0x000000008206df14                bootopts
                0x000000008206e10c                tcr_hsstr
                0x000000008206e124                tcr_hslen
                0x000000008206e128                pldmsuccessbr
                0x000000008206e138                pldmsuccessbw
                0x000000008206e148                MCTPVerSupport
                0x000000008206e15c                PLDMSNR
                0x000000008206e16c                RTKUDID
                0x000000008206e180                macpattern
 .rodata        0x000000008206e1bc       0x90 obj/hook.o
                0x000000008206e24c                . = ALIGN (0x4)

.data           0x00000000800cbaf8     0x37b4 load address 0x000000008206e24c
                0x00000000800cbaf8                . = ALIGN (0x4)
 *(.data)
 .data          0x00000000800cbaf8        0x0 obj/app_sp.o
 .data          0x00000000800cbaf8        0x0 obj/OOBMAC_COMMON_sp.o
 .data          0x00000000800cbaf8       0x20 obj/ssh_sp.o
                0x00000000800cbaf8                SSHNameList
 .data          0x00000000800cbb18     0x2b98 obj/dash_sp.o
                0x00000000800cbb2c                e_action
                0x00000000800cbb9c                MemoryType_value
                0x00000000800cbc04                RequestedState_value
                0x00000000800cbc38                OperationalStatus_value
                0x00000000800cbc88                SoftwareElementState_value
                0x00000000800cbc98                softidProp_class
                0x00000000800cbcd0                powMangCapProp_powChg
                0x00000000800cbcf4                power_state_value
                0x00000000800cbd3c                sys_reqState_value
                0x00000000800cbd70                sys_enState_value
                0x00000000800cbd9c                compSys_Dedicated_value
                0x00000000800cbe38                _OpaqueManagementDataService
                0x00000000800cbe74                _OpaqueManagementData
                0x00000000800cbf34                _RemoteServiceAccessPoint
                0x00000000800cbfac                _RemoteAccessAvailableToElement
                0x00000000800cbfd0                _BindsTo
                0x00000000800cbff4                _SoftwareInstallationService
                0x00000000800cc030                _BIOSPassword
                0x00000000800cc078                _ConcreteComponent
                0x00000000800cc0c0                _SystemBIOS
                0x00000000800cc0e4                _ConcreteDependency
                0x00000000800cc108                _SAPSAPDependency
                0x00000000800cc12c                _DHCPCapabilities
                0x00000000800cc174                _USBDevice
                0x00000000800cc1c8                _HostedAccessPoint
                0x00000000800cc258                _ServiceAccessBySAP
                0x00000000800cc2a0                _AssociatedCooling
                0x00000000800cc2c4                _DHCPProtocolEndpoint
                0x00000000800cc354                _USBTCPProtocolEndpoint
                0x00000000800cc3b4                _TCPProtocolEndpoint
                0x00000000800cc414                _Chip
                0x00000000800cc48c                _Slot
                0x00000000800cc4ec                _DNSProtocolEndpoint
                0x00000000800cc540                _OperatingSystem
                0x00000000800cc588                _USBRedirectionSAP
                0x00000000800cc60c                _USBRedirectionService
                0x00000000800cc690                _USBRedirectionCapabilities
                0x00000000800cc72c                _BIOSAttribute
                0x00000000800cc774                _BIOSElement
                0x00000000800cc7c8                _BIOSServiceCapabilities
                0x00000000800cc810                _BIOSService
                0x00000000800cc84c                _TextRedirectionSAP
                0x00000000800cc8c4                _TextRedirectionService
                0x00000000800cc948                _LogEntry
                0x00000000800cc9b4                _LogManagesRecord
                0x00000000800cc9d8                _RecordLog
                0x00000000800cca38                _StaticIPAssignmentSettingData
                0x00000000800cca8c                _IPProtocolEndpoint
                0x00000000800ccb34                _AlertIndication
                0x00000000800ccb4c                _AssignedIdentity
                0x00000000800ccb70                _UserContact
                0x00000000800ccbac                _Identity
                0x00000000800ccbd0                _Privilege
                0x00000000800ccc30                _Account
                0x00000000800cccb4                _ServiceAvailableToElement
                0x00000000800cccd8                _Realizes
                0x00000000800cccfc                _PhysicalAssetCapabilities
                0x00000000800ccd2c                _Chassis
                0x00000000800ccdc8                _RoleLimitedToTarget
                0x00000000800ccdec                _Role
                0x00000000800cce34                _RoleBasedManagementCapabilities
                0x00000000800cce94                _RoleBasedAuthorizationService
                0x00000000800ccedc                _AccountManagementCapabilities
                0x00000000800ccf30                _AccountManagementService
                0x00000000800ccf90                _Container
                0x00000000800ccfb4                _Card
                0x00000000800cd038                _PhysicalMemory
                0x00000000800cd0e0                _PhysicalPackage
                0x00000000800cd0f8                _PhysicalElement
                0x00000000800cd140                _PhysicalFrame
                0x00000000800cd158                _PhysicalConnector
                0x00000000800cd170                _PhysicalComponent
                0x00000000800cd194                _PowerSupply
                0x00000000800cd224                _AssociatedSensor
                0x00000000800cd248                _Fan
                0x00000000800cd2e4                _NumericSensor
                0x00000000800cd494                _SoftwareIdentity
                0x00000000800cd530                _OwningCollectionElement
                0x00000000800cd578                _IndicationSubscription
                0x00000000800cd59c                _FilterCollectionSubscription
                0x00000000800cd5f0                _MemberOfCollection
                0x00000000800cd638                _ListenerDestinationWSManagement
                0x00000000800cd698                _FilterCollection
                0x00000000800cd6c8                _IndicationFilter
                0x00000000800cd734                _IndicationServiceSettingData
                0x00000000800cd788                _IndicationService
                0x00000000800cd80c                _AssociatedPowerManagementService
                0x00000000800cd890                _SystemPackaging
                0x00000000800cd8b4                _ComputerSystemPackage
                0x00000000800cd8e4                _SystemDevice
                0x00000000800cd998                _ServiceAffectsElement
                0x00000000800cda88                _OrderedComponent
                0x00000000800cdab8                _ElementSettingData
                0x00000000800cdb00                _ReferencedProfile
                0x00000000800cdb24                _ElementConformsToProfile
                0x00000000800cdb48                _HostedService
                0x00000000800cdc44                _PowerManagementService
                0x00000000800cdc98                _BootServiceCapabilities
                0x00000000800cdce0                _BootSourceSetting
                0x00000000800cdd1c                _BootConfigSetting
                0x00000000800cdd40                _BootService
                0x00000000800cdd88                _CacheMemory
                0x00000000800cde3c                _Memory
                0x00000000800cdef0                _AssociatedCacheMemory
                0x00000000800cdf5c                _Processor
                0x00000000800ce064                _ComputerSystem
                0x00000000800ce178                _ManagedElement
                0x00000000800ce19c                _RegisteredProfile
                0x00000000800ce1f0                _EnabledLogicalElementCapabilities
                0x00000000800ce250                _ElementCapabilities
                0x00000000800ce328                Ns
                0x00000000800ce454                bodyelement
                0x00000000800ce52c                inband_status
                0x00000000800ce530                scode
                0x00000000800ce62f                AssociatedCooling
                0x00000000800ce630                NextInstance
                0x00000000800ce634                PowerChangeCapabilities
                0x00000000800ce638                request_state
                0x00000000800ce63c                client_state
                0x00000000800ce640                dhcp_state
                0x00000000800ce644                enabled_state
                0x00000000800ce648                power_state
                0x00000000800ce64c                state
                0x00000000800ce650                new_gateway
                0x00000000800ce660                new_netmask
                0x00000000800ce670                new_ip
                0x00000000800ce680                local_gateway
                0x00000000800ce690                local_netmask
                0x00000000800ce6a0                local_ip
 .data          0x00000000800ce6b0       0x3c obj/client_sp.o
                0x00000000800ce6b0                _EventAlertIndication
 .data          0x00000000800ce6ec        0x0 obj/tcr_sp.o
 .data          0x00000000800ce6ec        0x0 obj/language_sp.o
 .data          0x00000000800ce6ec        0x0 obj/eventlog_sp.o
 .data          0x00000000800ce6ec        0x0 obj/gmac_sp.o
 .data          0x00000000800ce6ec        0x4 obj/bsp_sp.o
                0x00000000800ce6ec                BSP_CPU_DEFAULT_FREQ
 .data          0x00000000800ce6f0        0x2 obj/sensor_sp.o
 .data          0x00000000800ce6f2        0x0 obj/netlib_sp.o
 .data          0x00000000800ce6f2        0x0 obj/x509parse_sp.o
 *fill*         0x00000000800ce6f2        0x2 
 .data          0x00000000800ce6f4        0x8 obj/lib_sp.o
                0x00000000800ce6f4                bsp_wait_cnt
                0x00000000800ce6f8                m_LucidTimer
 .data          0x00000000800ce6fc        0x0 obj/arp_sp.o
 .data          0x00000000800ce6fc        0x0 obj/rtskt_sp.o
 .data          0x00000000800ce6fc        0x0 obj/ip_sp.o
 .data          0x00000000800ce6fc        0x0 obj/tcp_sp.o
 .data          0x00000000800ce6fc        0x0 obj/dhcp_sp.o
 .data          0x00000000800ce6fc        0x0 obj/icmp_sp.o
 .data          0x00000000800ce6fc       0x54 obj/usb_sp.o
                0x00000000800ce6fc                tip
                0x00000000800ce700                fn
 .data          0x00000000800ce750        0x0 obj/usb_ata_sp.o
 .data          0x00000000800ce750       0x4c obj/usbdesc_sp.o
                0x00000000800ce750                device_report_type1
 .data          0x00000000800ce79c        0x0 obj/udp_sp.o
 .data          0x00000000800ce79c        0x1 obj/pldm_sp.o
 .data          0x00000000800ce79d        0x0 obj/usbdevice_interrupt_sp.o
 .data          0x00000000800ce79d        0x0 obj/parammd_sp.o
 .data          0x00000000800ce79d        0x0 obj/mmd_sp.o
 .data          0x00000000800ce79d        0x0 obj/mdio_bitbang_sp.o
 .data          0x00000000800ce79d        0x0 obj/testio_gpio_sp.o
 .data          0x00000000800ce79d        0x0 obj/i2c_gpio_sp.o
 *fill*         0x00000000800ce79d        0x3 
 .data          0x00000000800ce7a0       0x10 obj/i2c_gpio_master_sp.o
                0x00000000800ce7a0                i2c_retry_maxcnt
                0x00000000800ce7a4                i2c_retry_period
                0x00000000800ce7a8                max_reg_retry_cnt
                0x00000000800ce7ac                slaveaddr
                0x00000000800ce7ad                BitR
 .data          0x00000000800ce7b0        0x0 obj/init_opt.o
 .data          0x00000000800ce7b0      0x114 obj/telnet_opt.o
                0x00000000800ce7b0                TelUnknowCMDMsg
                0x00000000800ce7c4                TelHelpMsg
                0x00000000800ce83c                TelByeByeMsg
                0x00000000800ce848                TelLoginMsg
                0x00000000800ce898                TelLoginSuccMsg
                0x00000000800ce8b0                TelPwd
                0x00000000800ce8bc                TelLogin
 .data          0x00000000800ce8c4        0x0 obj/flash_opt.o
 .data          0x00000000800ce8c4        0x0 obj/asf_opt.o
 .data          0x00000000800ce8c4       0x84 obj/genpage_opt.o
                0x00000000800ce8c4                pageFun
 .data          0x00000000800ce948      0x19c obj/post_opt.o
                0x00000000800ce948                settingSuccess
                0x00000000800ce980                IBChgIPWarrningMsg
                0x00000000800ce9c4                pwdError
                0x00000000800ce9fc                invalidParameters
                0x00000000800cea34                unKnownOperation
                0x00000000800cea6c                echoDisable
                0x00000000800ceaa8                echoEnable
 .data          0x00000000800ceae4        0x0 obj/http_opt.o
 .data          0x00000000800ceae4        0x0 obj/tls_opt.o
 .data          0x00000000800ceae4      0x454 obj/htm_opt.o
 .data          0x00000000800cef38        0x4 obj/wcom_opt.o
                0x00000000800cef38                m_isUpdateSMBIOS
 .data          0x00000000800cef3c      0x370 obj/const.o
                0x00000000800cef3c                dpdefault
 .data          0x00000000800cf2ac        0x0 obj/hook.o
 *(.sdata)
 *(.lit4)
 *(.lit8)
                0x00000000800cf2ac                . = ALIGN (0x4)
                0x000000008206e24c                __data_start_lma = LOADADDR (.data)
                0x00000000800cbaf8                __data_start_vma = ADDR (.data)
                0x00000000000037b4                __data_size = SIZEOF (.data)

.bss            0x00000000800cf2ac     0x7108 load address 0x0000000082071a00
                0x00000000800cf2ac                __bss_start = .
 *(.sbss)
 *(.bss)
 .bss           0x00000000800cf2ac        0x0 obj/app_sp.o
 .bss           0x00000000800cf2ac        0x0 obj/OOBMAC_COMMON_sp.o
 .bss           0x00000000800cf2ac        0x8 obj/ssh_sp.o
                0x00000000800cf2ac                debugssh
                0x00000000800cf2b0                NewSSHCli
 .bss           0x00000000800cf2b4      0x2fc obj/dash_sp.o
                0x00000000800cf2b4                _ManagedSystemElement
                0x00000000800cf2c0                AttrValBuf
                0x00000000800cf2c4                OpaqueMask
                0x00000000800cf2c8                AttrValOff
                0x00000000800cf2cc                m_PhyMemCIM
                0x00000000800cf2d0                m_ChipCIM
                0x00000000800cf2d4                m_SlotCIM
                0x00000000800cf2d8                m_ChassisCIM
                0x00000000800cf2dc                m_CardCIM
                0x00000000800cf2e0                m_SensorCIM
                0x00000000800cf2e4                m_fanCIM
                0x00000000800cf2e8                m_OperationSysCIM
                0x00000000800cf2ec                m_memoryCIM
                0x00000000800cf2f0                m_processorCIM
                0x00000000800cf2f4                m_biosElement
                0x00000000800cf2f8                m_biosAttr
                0x00000000800cf2fc                m_softId
                0x00000000800cf300                memuse
                0x00000000800cf304                change_sub
                0x00000000800cf308                LogEnd
                0x00000000800cf30c                SetDHCP
                0x00000000800cf30d                SelectorEnabled
                0x00000000800cf30e                SubClassProperties
                0x00000000800cf310                Method
                0x00000000800cf40f                StartingBoot
                0x00000000800cf410                p_selector
                0x00000000800cf510                access_info
                0x00000000800cf590                AllClass
                0x00000000800cf594                tmp_memtail
                0x00000000800cf598                tmp_memhead
                0x00000000800cf59c                memtail
                0x00000000800cf5a0                memhead
 .bss           0x00000000800cf5b0        0x4 obj/client_sp.o
                0x00000000800cf5b0                EventStartOff
 .bss           0x00000000800cf5b4       0x10 obj/tcr_sp.o
 .bss           0x00000000800cf5c4        0x0 obj/language_sp.o
 .bss           0x00000000800cf5c4        0x0 obj/eventlog_sp.o
 .bss           0x00000000800cf5c4        0x8 obj/gmac_sp.o
                0x00000000800cf5c4                PCI_BRIDGE_WAIT
                0x00000000800cf5c8                CMAC_STOP
 .bss           0x00000000800cf5cc       0x14 obj/bsp_sp.o
                0x00000000800cf5cc                usb_pcie_wt
                0x00000000800cf5d0                usb_pcie_rd
                0x00000000800cf5d4                usb_mode_wt
                0x00000000800cf5d8                usb_mode_rd
 .bss           0x00000000800cf5e0        0x4 obj/sensor_sp.o
 .bss           0x00000000800cf5e4        0x0 obj/netlib_sp.o
 .bss           0x00000000800cf5e4        0x0 obj/x509parse_sp.o
 .bss           0x00000000800cf5e4       0x10 obj/lib_sp.o
                0x00000000800cf5e4                stop_sleep_couter
                0x00000000800cf5e8                sleepControler
                0x00000000800cf5ec                last_notice_tick
                0x00000000800cf5f0                idle_times
 .bss           0x00000000800cf5f4        0x0 obj/arp_sp.o
 .bss           0x00000000800cf5f4        0x0 obj/rtskt_sp.o
 .bss           0x00000000800cf5f4        0x0 obj/ip_sp.o
 .bss           0x00000000800cf5f4        0x0 obj/tcp_sp.o
 .bss           0x00000000800cf5f4        0x0 obj/dhcp_sp.o
 .bss           0x00000000800cf5f4        0x0 obj/icmp_sp.o
 .bss           0x00000000800cf5f4        0xc obj/usb_sp.o
 .bss           0x00000000800cf600        0x2 obj/usb_ata_sp.o
 .bss           0x00000000800cf602        0x0 obj/usbdesc_sp.o
 .bss           0x00000000800cf602        0x0 obj/udp_sp.o
 *fill*         0x00000000800cf602        0x2 
 .bss           0x00000000800cf604       0x30 obj/pldm_sp.o
 .bss           0x00000000800cf634       0x18 obj/usbdevice_interrupt_sp.o
 .bss           0x00000000800cf64c        0x0 obj/parammd_sp.o
 .bss           0x00000000800cf64c        0x0 obj/mmd_sp.o
 .bss           0x00000000800cf64c        0x0 obj/mdio_bitbang_sp.o
 .bss           0x00000000800cf64c        0x0 obj/testio_gpio_sp.o
 .bss           0x00000000800cf64c        0x0 obj/i2c_gpio_sp.o
 .bss           0x00000000800cf64c        0x2 obj/i2c_gpio_master_sp.o
                0x00000000800cf64c                BitW
                0x00000000800cf64d                started
 .bss           0x00000000800cf64e        0x0 obj/init_opt.o
 .bss           0x00000000800cf64e        0x6 obj/telnet_opt.o
                0x00000000800cf64e                NewTelCli
 .bss           0x00000000800cf654        0x0 obj/flash_opt.o
 .bss           0x00000000800cf654        0x0 obj/asf_opt.o
 .bss           0x00000000800cf654        0x0 obj/genpage_opt.o
 .bss           0x00000000800cf654        0x0 obj/post_opt.o
 .bss           0x00000000800cf654        0x0 obj/http_opt.o
 .bss           0x00000000800cf654        0x4 obj/tls_opt.o
 .bss           0x00000000800cf658        0x4 obj/htm_opt.o
                0x00000000800cf658                COOKIE_Idx
 .bss           0x00000000800cf65c        0x0 obj/wcom_opt.o
 .bss           0x00000000800cf65c        0x0 obj/const.o
 .bss           0x00000000800cf65c        0x0 obj/hook.o
 *(.scommon)
 *(COMMON)
 COMMON         0x00000000800cf65c     0x5a00 obj/app_sp.o
                0x00000000800cf65c                IndicationStk
                0x00000000800cfe5c                DHCPv4Stk
                0x00000000800d025c                TaskSMBUSLOGStk
                0x00000000800d0a5c                TaskSNRReadStk
                0x00000000800d0e5c                TCPTimerStk
                0x00000000800d145c                TelnetSrvStk
                0x00000000800d185c                TaskWSMANTLSStk
                0x00000000800d225c                TaskWSMANStk
                0x00000000800d2c5c                TaskTCPStk
                0x00000000800d3a5c                TaskSMBUSStk
                0x00000000800d3e5c                AppTaskStartStk
                0x00000000800d425c                OOBResponseStk
                0x00000000800d465c                TaskUSBStk
                0x00000000800d4c5c                TaskFlashStk
 COMMON         0x00000000800d505c        0x4 obj/OOBMAC_COMMON_sp.o
                0x00000000800d505c                cpu_sr
 COMMON         0x00000000800d5060      0x388 obj/dash_sp.o
                0x00000000800d5060                m_dashPtype
                0x00000000800d5064                xuuid
                0x00000000800d5084                Role
                0x00000000800d5104                m_processorInstance
                0x00000000800d5118                current_state
                0x00000000800d5128                m_biosAttrInstance
                0x00000000800d5150                m_biosEleInstance
                0x00000000800d5164                health_state
                0x00000000800d5174                currentPort
                0x00000000800d5176                new_power
                0x00000000800d5178                m_swIdInstance
                0x00000000800d51dc                m_ChipInstance
                0x00000000800d51f0                m_CardInstance
                0x00000000800d5204                ResultRole
                0x00000000800d5284                m_ChassisInstance
                0x00000000800d5298                to
                0x00000000800d529c                m_SlotInstance
                0x00000000800d52c4                m_sensorInstance
                0x00000000800d52d8                m_memInstance
                0x00000000800d52ec                sk
                0x00000000800d52f0                bind_port
                0x00000000800d52f4                m_PhyMemInstance
                0x00000000800d531c                privilege
                0x00000000800d533c                boot_seq
                0x00000000800d534c                ResourceURI
                0x00000000800d53cc                PLDMptr
                0x00000000800d53d0                OpaqueBuf
                0x00000000800d53d4                m_fanInstance
 COMMON         0x00000000800d53e8       0x70 obj/client_sp.o
                0x00000000800d53e8                EData
                0x00000000800d53ec                dest
                0x00000000800d53fc                c_subhead
                0x00000000800d5400                source
                0x00000000800d5410                uri
                0x00000000800d5450                buf
                0x00000000800d5454                port
 COMMON         0x00000000800d5458       0xc8 obj/language_sp.o
                0x00000000800d5458                s_eventLog
                0x00000000800d545c                s_matchCondition_f
                0x00000000800d5460                s_startxxx_f
                0x00000000800d5464                s_gigaEthControl
                0x00000000800d5468                s_opSystem
                0x00000000800d546c                s_dashtech
                0x00000000800d5470                s_about_f
                0x00000000800d5474                s_networkSetting
                0x00000000800d5478                s_opSystem_f
                0x00000000800d547c                s_serviceSetting_f
                0x00000000800d5480                s_matchCondition
                0x00000000800d5484                s_fan
                0x00000000800d5488                s_mailAccount
                0x00000000800d548c                s_realtek
                0x00000000800d5490                s_eventLog_f
                0x00000000800d5494                s_asset
                0x00000000800d5498                s_bios_f
                0x00000000800d549c                s_realtek_f
                0x00000000800d54a0                s_sensorstring_f
                0x00000000800d54a4                s_startxxx
                0x00000000800d54a8                s_memDevice_f
                0x00000000800d54ac                s_cpu_f
                0x00000000800d54b0                s_about
                0x00000000800d54b4                s_realtekCop_f
                0x00000000800d54b8                s_memDevice
                0x00000000800d54bc                s_asset_f
                0x00000000800d54c0                s_welcome_f
                0x00000000800d54c4                s_dashtech_f
                0x00000000800d54c8                s_welstr_f
                0x00000000800d54cc                s_computerSys_f
                0x00000000800d54d0                s_networkSetting_f
                0x00000000800d54d4                s_mailWakeup
                0x00000000800d54d8                s_mailWakeup_f
                0x00000000800d54dc                s_softwIdentity
                0x00000000800d54e0                s_cpu
                0x00000000800d54e4                s_systemInfo_f
                0x00000000800d54e8                s_sensorstring
                0x00000000800d54ec                s_remoteControl
                0x00000000800d54f0                s_gigaEthControl_f
                0x00000000800d54f4                s_welcome
                0x00000000800d54f8                s_mailAccount_f
                0x00000000800d54fc                s_bios
                0x00000000800d5500                s_serviceSetting
                0x00000000800d5504                s_systemInfo
                0x00000000800d5508                s_welstr
                0x00000000800d550c                s_computerSys
                0x00000000800d5510                s_realtekCop
                0x00000000800d5514                s_fan_f
                0x00000000800d5518                s_remoteControl_f
                0x00000000800d551c                s_softwIdentity_f
 COMMON         0x00000000800d5520        0xc obj/gmac_sp.o
                0x00000000800d5520                RISC_ACC_STATUS
                0x00000000800d5524                RISC_ACC_BYTEEN
                0x00000000800d5528                RISC_RW_SEL
 COMMON         0x00000000800d552c       0xc0 obj/bsp_sp.o
                0x00000000800d552c                TCRMsg
                0x00000000800d55ac                USBMsg
 COMMON         0x00000000800d55ec       0x7c obj/lib_sp.o
                0x00000000800d55ec                mLanguageType
                0x00000000800d55f0                dirty_ext
 COMMON         0x00000000800d5668        0xc obj/usb_sp.o
                0x00000000800d5668                usbSrv
                0x00000000800d566c                USBQ
                0x00000000800d5670                USBTxSem
 COMMON         0x00000000800d5674        0x9 obj/usb_ata_sp.o
                0x00000000800d5674                lcErr
                0x00000000800d5678                usbcs
                0x00000000800d567c                lc
 *fill*         0x00000000800d567d        0x3 
 COMMON         0x00000000800d5680      0x120 obj/usbdesc_sp.o
                0x00000000800d5680                usbcb
 COMMON         0x00000000800d57a0        0x4 obj/mmd_sp.o
                0x00000000800d57a0                Freq_MMD
 COMMON         0x00000000800d57a4        0x4 obj/testio_gpio_sp.o
                0x00000000800d57a4                Freq_TESTIO
 COMMON         0x00000000800d57a8       0x80 obj/i2c_gpio_master_sp.o
                0x00000000800d57a8                read_data
 COMMON         0x00000000800d5828      0xa04 obj/telnet_opt.o
                0x00000000800d5828                uInfo
                0x00000000800d582c                TelnetClientStk
 COMMON         0x00000000800d622c        0x4 obj/flash_opt.o
                0x00000000800d622c                m_whocallSMBIOS
 COMMON         0x00000000800d6230        0x4 obj/asf_opt.o
                0x00000000800d6230                asfconfig
 COMMON         0x00000000800d6234      0x16c obj/http_opt.o
                0x00000000800d6234                m_httpAuthcredential
                0x00000000800d639c                WebSem
 COMMON         0x00000000800d63a0        0xc obj/htm_opt.o
                0x00000000800d63a0                COOKIE_ID
 COMMON         0x00000000800d63ac        0x8 obj/wcom_opt.o
                0x00000000800d63ac                m_CalChksum
                0x00000000800d63b0                m_ShouldChksum
 COMMON         0x00000000800d63b4        0x0 obj/const.o
                0x00000000800d63b4                . = ALIGN (0x4)
                0x00000000800d63b4                __bss_end = .

.eh_frame
 *(.eh_frame)

.rel.dyn        0x0000000000000000        0x0
 *(.rel.dyn)
 .rel.dyn       0x0000000000000000        0x0 obj/ssh_sp.o

.stab
 *(.stab)

.stabstr
 *(.stabstr)

.stab.excl
 *(.stab.excl)

.stab.exclstr
 *(.stab.exclstr)

.stab.index
 *(.stab.index)

.stab.indexstr
 *(.stab.indexstr)

.comment        0x0000000000000000       0x41
 *(.comment)
 .comment       0x0000000000000000       0x41 obj/app_sp.o
                                         0x42 (size before relaxing)
 .comment       0x0000000000000000       0x42 obj/OOBMAC_COMMON_sp.o
 .comment       0x0000000000000000       0x42 obj/ssh_sp.o
 .comment       0x0000000000000000       0x42 obj/dash_sp.o
 .comment       0x0000000000000000       0x42 obj/client_sp.o
 .comment       0x0000000000000000       0x42 obj/tcr_sp.o
 .comment       0x0000000000000000       0x42 obj/language_sp.o
 .comment       0x0000000000000000       0x42 obj/eventlog_sp.o
 .comment       0x0000000000000000       0x42 obj/gmac_sp.o
 .comment       0x0000000000000000       0x42 obj/bsp_sp.o
 .comment       0x0000000000000000       0x42 obj/sensor_sp.o
 .comment       0x0000000000000000       0x42 obj/netlib_sp.o
 .comment       0x0000000000000000       0x42 obj/x509parse_sp.o
 .comment       0x0000000000000000       0x42 obj/lib_sp.o
 .comment       0x0000000000000000       0x42 obj/arp_sp.o
 .comment       0x0000000000000000       0x42 obj/rtskt_sp.o
 .comment       0x0000000000000000       0x42 obj/ip_sp.o
 .comment       0x0000000000000000       0x42 obj/tcp_sp.o
 .comment       0x0000000000000000       0x42 obj/dhcp_sp.o
 .comment       0x0000000000000000       0x42 obj/icmp_sp.o
 .comment       0x0000000000000000       0x42 obj/usb_sp.o
 .comment       0x0000000000000000       0x42 obj/usb_ata_sp.o
 .comment       0x0000000000000000       0x42 obj/usbdesc_sp.o
 .comment       0x0000000000000000       0x42 obj/udp_sp.o
 .comment       0x0000000000000000       0x42 obj/pldm_sp.o
 .comment       0x0000000000000000       0x42 obj/usbdevice_interrupt_sp.o
 .comment       0x0000000000000000       0x42 obj/parammd_sp.o
 .comment       0x0000000000000000       0x42 obj/mmd_sp.o
 .comment       0x0000000000000000       0x42 obj/mdio_bitbang_sp.o
 .comment       0x0000000000000000       0x42 obj/testio_gpio_sp.o
 .comment       0x0000000000000000       0x42 obj/i2c_gpio_sp.o
 .comment       0x0000000000000000       0x42 obj/i2c_gpio_master_sp.o
 .comment       0x0000000000000000       0x42 obj/init_opt.o
 .comment       0x0000000000000000       0x42 obj/telnet_opt.o
 .comment       0x0000000000000000       0x42 obj/flash_opt.o
 .comment       0x0000000000000000       0x42 obj/asf_opt.o
 .comment       0x0000000000000000       0x42 obj/genpage_opt.o
 .comment       0x0000000000000000       0x42 obj/post_opt.o
 .comment       0x0000000000000000       0x42 obj/http_opt.o
 .comment       0x0000000000000000       0x42 obj/tls_opt.o
 .comment       0x0000000000000000       0x42 obj/htm_opt.o
 .comment       0x0000000000000000       0x42 obj/wcom_opt.o
 .comment       0x0000000000000000       0x42 obj/const.o
 .comment       0x0000000000000000       0x42 obj/hook.o

.reginfo        0x0000000000000000       0x18
 .reginfo       0x0000000000000000       0x18 obj/app_sp.o

.pdr            0x0000000000000000     0x4940
 .pdr           0x0000000000000000       0xc0 obj/app_sp.o
 .pdr           0x00000000000000c0      0x120 obj/OOBMAC_COMMON_sp.o
 .pdr           0x00000000000001e0      0x380 obj/ssh_sp.o
 .pdr           0x0000000000000560     0x1180 obj/dash_sp.o
 .pdr           0x00000000000016e0      0x180 obj/client_sp.o
 .pdr           0x0000000000001860       0xe0 obj/tcr_sp.o
 .pdr           0x0000000000001940       0x60 obj/language_sp.o
 .pdr           0x00000000000019a0       0x20 obj/eventlog_sp.o
 .pdr           0x00000000000019c0       0x40 obj/gmac_sp.o
 .pdr           0x0000000000001a00      0x1e0 obj/bsp_sp.o
 .pdr           0x0000000000001be0       0x80 obj/sensor_sp.o
 .pdr           0x0000000000001c60        0x0 obj/netlib_sp.o
 .pdr           0x0000000000001c60      0x2c0 obj/x509parse_sp.o
 .pdr           0x0000000000001f20      0x160 obj/lib_sp.o
 .pdr           0x0000000000002080       0x20 obj/arp_sp.o
 .pdr           0x00000000000020a0      0x140 obj/rtskt_sp.o
 .pdr           0x00000000000021e0       0x20 obj/ip_sp.o
 .pdr           0x0000000000002200      0x200 obj/tcp_sp.o
 .pdr           0x0000000000002400        0x0 obj/dhcp_sp.o
 .pdr           0x0000000000002400      0x140 obj/icmp_sp.o
 .pdr           0x0000000000002540      0x160 obj/usb_sp.o
 .pdr           0x00000000000026a0       0xa0 obj/usb_ata_sp.o
 .pdr           0x0000000000002740       0x20 obj/usbdesc_sp.o
 .pdr           0x0000000000002760        0x0 obj/udp_sp.o
 .pdr           0x0000000000002760      0x240 obj/pldm_sp.o
 .pdr           0x00000000000029a0      0x360 obj/usbdevice_interrupt_sp.o
 .pdr           0x0000000000002d00        0x0 obj/parammd_sp.o
 .pdr           0x0000000000002d00      0x1e0 obj/mmd_sp.o
 .pdr           0x0000000000002ee0      0x180 obj/mdio_bitbang_sp.o
 .pdr           0x0000000000003060      0x400 obj/testio_gpio_sp.o
 .pdr           0x0000000000003460      0x220 obj/i2c_gpio_sp.o
 .pdr           0x0000000000003680      0x280 obj/i2c_gpio_master_sp.o
 .pdr           0x0000000000003900       0x60 obj/init_opt.o
 .pdr           0x0000000000003960      0x2a0 obj/telnet_opt.o
 .pdr           0x0000000000003c00       0x40 obj/flash_opt.o
 .pdr           0x0000000000003c40       0x80 obj/asf_opt.o
 .pdr           0x0000000000003cc0      0x1e0 obj/genpage_opt.o
 .pdr           0x0000000000003ea0      0x120 obj/post_opt.o
 .pdr           0x0000000000003fc0      0x220 obj/http_opt.o
 .pdr           0x00000000000041e0      0x360 obj/tls_opt.o
 .pdr           0x0000000000004540      0x3c0 obj/htm_opt.o
 .pdr           0x0000000000004900       0x40 obj/wcom_opt.o
 .pdr           0x0000000000004940        0x0 obj/const.o
 .pdr           0x0000000000004940        0x0 obj/hook.o

.gnu.attributes
                0x0000000000000000       0x10
 .gnu.attributes
                0x0000000000000000       0x10 obj/app_sp.o
 .gnu.attributes
                0x0000000000000010       0x10 obj/OOBMAC_COMMON_sp.o
 .gnu.attributes
                0x0000000000000020       0x10 obj/ssh_sp.o
 .gnu.attributes
                0x0000000000000030       0x10 obj/dash_sp.o
 .gnu.attributes
                0x0000000000000040       0x10 obj/client_sp.o
 .gnu.attributes
                0x0000000000000050       0x10 obj/tcr_sp.o
 .gnu.attributes
                0x0000000000000060       0x10 obj/language_sp.o
 .gnu.attributes
                0x0000000000000070       0x10 obj/eventlog_sp.o
 .gnu.attributes
                0x0000000000000080       0x10 obj/gmac_sp.o
 .gnu.attributes
                0x0000000000000090       0x10 obj/bsp_sp.o
 .gnu.attributes
                0x00000000000000a0       0x10 obj/sensor_sp.o
 .gnu.attributes
                0x00000000000000b0       0x10 obj/netlib_sp.o
 .gnu.attributes
                0x00000000000000c0       0x10 obj/x509parse_sp.o
 .gnu.attributes
                0x00000000000000d0       0x10 obj/lib_sp.o
 .gnu.attributes
                0x00000000000000e0       0x10 obj/arp_sp.o
 .gnu.attributes
                0x00000000000000f0       0x10 obj/rtskt_sp.o
 .gnu.attributes
                0x0000000000000100       0x10 obj/ip_sp.o
 .gnu.attributes
                0x0000000000000110       0x10 obj/tcp_sp.o
 .gnu.attributes
                0x0000000000000120       0x10 obj/dhcp_sp.o
 .gnu.attributes
                0x0000000000000130       0x10 obj/icmp_sp.o
 .gnu.attributes
                0x0000000000000140       0x10 obj/usb_sp.o
 .gnu.attributes
                0x0000000000000150       0x10 obj/usb_ata_sp.o
 .gnu.attributes
                0x0000000000000160       0x10 obj/usbdesc_sp.o
 .gnu.attributes
                0x0000000000000170       0x10 obj/udp_sp.o
 .gnu.attributes
                0x0000000000000180       0x10 obj/pldm_sp.o
 .gnu.attributes
                0x0000000000000190       0x10 obj/usbdevice_interrupt_sp.o
 .gnu.attributes
                0x00000000000001a0       0x10 obj/parammd_sp.o
 .gnu.attributes
                0x00000000000001b0       0x10 obj/mmd_sp.o
 .gnu.attributes