
Allocating common symbols
Common symbol       size              file

IndicationStk       0x800             obj/app_sp.o
EData               0x4               obj/client_sp.o
m_dashPtype         0x2               obj/dash_sp.o
lcErr               0x1               obj/usb_ata_sp.o
mLanguageType       0x4               obj/lib_sp.o
dest                0x10              obj/client_sp.o
s_eventLog          0x4               obj/language_sp.o
s_matchCondition_f  0x4               obj/language_sp.o
s_startxxx_f        0x4               obj/language_sp.o
xuuid               0x20              obj/dash_sp.o
s_gigaEthControl    0x4               obj/language_sp.o
usbcs               0x4               obj/usb_ata_sp.o
dirty_ext           0x78              obj/lib_sp.o
RISC_ACC_STATUS     0x4               obj/gmac_sp.o
s_opSystem          0x4               obj/language_sp.o
s_dashtech          0x4               obj/language_sp.o
s_about_f           0x4               obj/language_sp.o
usbSrv              0x4               obj/usb_sp.o
Role                0x80              obj/dash_sp.o
s_networkSetting    0x4               obj/language_sp.o
DHCPv4Stk           0x400             obj/app_sp.o
Freq_MMD            0x4               obj/mmd_sp.o
m_CalChksum         0x4               obj/wcom_opt.o
m_processorInstance
                    0x14              obj/dash_sp.o
Freq_TESTIO         0x4               obj/testio_gpio_sp.o
current_state       0x10              obj/dash_sp.o
c_subhead           0x4               obj/client_sp.o
s_opSystem_f        0x4               obj/language_sp.o
m_biosAttrInstance  0x28              obj/dash_sp.o
s_serviceSetting_f  0x4               obj/language_sp.o
s_matchCondition    0x4               obj/language_sp.o
TaskSMBUSLOGStk     0x800             obj/app_sp.o
s_fan               0x4               obj/language_sp.o
m_biosEleInstance   0x14              obj/dash_sp.o
health_state        0x10              obj/dash_sp.o
s_mailAccount       0x4               obj/language_sp.o
USBQ                0x4               obj/usb_sp.o
s_realtek           0x4               obj/language_sp.o
TaskSNRReadStk      0x400             obj/app_sp.o
currentPort         0x2               obj/dash_sp.o
new_power           0x2               obj/dash_sp.o
s_eventLog_f        0x4               obj/language_sp.o
cpu_sr              0x4               obj/OOBMAC_COMMON_sp.o
s_asset             0x4               obj/language_sp.o
s_bios_f            0x4               obj/language_sp.o
s_realtek_f         0x4               obj/language_sp.o
TCPTimerStk         0x600             obj/app_sp.o
s_sensorstring_f    0x4               obj/language_sp.o
TelnetSrvStk        0x400             obj/app_sp.o
s_startxxx          0x4               obj/language_sp.o
TCRMsg              0x80              obj/bsp_sp.o
s_memDevice_f       0x4               obj/language_sp.o
m_swIdInstance      0x64              obj/dash_sp.o
m_ChipInstance      0x14              obj/dash_sp.o
s_cpu_f             0x4               obj/language_sp.o
s_about             0x4               obj/language_sp.o
s_realtekCop_f      0x4               obj/language_sp.o
TaskWSMANTLSStk     0xa00             obj/app_sp.o
m_CardInstance      0x14              obj/dash_sp.o
s_memDevice         0x4               obj/language_sp.o
source              0x10              obj/client_sp.o
s_asset_f           0x4               obj/language_sp.o
ResultRole          0x80              obj/dash_sp.o
s_welcome_f         0x4               obj/language_sp.o
s_dashtech_f        0x4               obj/language_sp.o
m_ChassisInstance   0x14              obj/dash_sp.o
USBTxSem            0x4               obj/usb_sp.o
m_httpAuthcredential
                    0x168             obj/http_opt.o
s_welstr_f          0x4               obj/language_sp.o
to                  0x4               obj/dash_sp.o
m_SlotInstance      0x28              obj/dash_sp.o
m_sensorInstance    0x14              obj/dash_sp.o
s_computerSys_f     0x4               obj/language_sp.o
m_memInstance       0x14              obj/dash_sp.o
sk                  0x4               obj/dash_sp.o
RISC_ACC_BYTEEN     0x4               obj/gmac_sp.o
RISC_RW_SEL         0x4               obj/gmac_sp.o
bind_port           0x4               obj/dash_sp.o
uri                 0x40              obj/client_sp.o
TaskWSMANStk        0xa00             obj/app_sp.o
s_networkSetting_f  0x4               obj/language_sp.o
s_mailWakeup        0x4               obj/language_sp.o
m_PhyMemInstance    0x28              obj/dash_sp.o
privilege           0x20              obj/dash_sp.o
boot_seq            0x10              obj/dash_sp.o
TaskTCPStk          0xe00             obj/app_sp.o
s_mailWakeup_f      0x4               obj/language_sp.o
m_ShouldChksum      0x4               obj/wcom_opt.o
TaskSMBUSStk        0x400             obj/app_sp.o
s_softwIdentity     0x4               obj/language_sp.o
[...]
Memory Configuration

Name             Origin             Length             Attributes
sram             0x00000000800c0000 0x0000000000026c00
boot             0x000000009fc00000 0x0000000000004000
flash            0x0000000082030000 0x00000000000c0000
conf             0x0000000082020000 0x0000000000010000
wake             0x0000000082022000 0x0000000000002000
ddrdata          0x0000000088800000 0x0000000000400000
ddrcode          0x0000000088c00000 0x0000000000400000
VGA_ROM          0x0000000082000000 0x0000000000005000
VGA_DDR          0x0000000088000000 0x0000000000800000
language_en      0x00000000820f0000 0x0000000000008000
language_2       0x00000000820f8000 0x0000000000008000
irom             0x0000000000000000 0xffffffffffffffff
imem0            0x0000000000000000 0xffffffffffffffff
ddr              0x0000000000000000 0xffffffffffffffff
*default*        0x0000000000000000 0xffffffffffffffff

Linker script and memory map

LOAD obj/app_sp.o
LOAD obj/OOBMAC_COMMON_sp.o
LOAD obj/ssh_sp.o
LOAD obj/dash_sp.o
LOAD obj/client_sp.o
LOAD obj/tcr_sp.o
LOAD obj/language_sp.o
LOAD obj/eventlog_sp.o
LOAD obj/gmac_sp.o
LOAD obj/bsp_sp.o
LOAD obj/sensor_sp.o
LOAD obj/netlib_sp.o
LOAD obj/x509parse_sp.o
LOAD obj/lib_sp.o
LOAD obj/arp_sp.o
LOAD obj/rtskt_sp.o
LOAD obj/ip_sp.o
LOAD obj/tcp_sp.o
LOAD obj/dhcp_sp.o
LOAD obj/icmp_sp.o
LOAD obj/usb_sp.o
LOAD obj/usb_ata_sp.o
LOAD obj/usbdesc_sp.o
LOAD obj/udp_sp.o
LOAD obj/pldm_sp.o
LOAD obj/usbdevice_interrupt_sp.o
LOAD obj/parammd_sp.o
LOAD obj/mmd_sp.o
LOAD obj/mdio_bitbang_sp.o
LOAD obj/testio_gpio_sp.o
LOAD obj/i2c_gpio_sp.o
LOAD obj/i2c_gpio_slave_sp.o
LOAD obj/init_opt.o
LOAD obj/telnet_opt.o
LOAD obj/flash_opt.o
LOAD obj/asf_opt.o
LOAD obj/genpage_opt.o
LOAD obj/post_opt.o
LOAD obj/http_opt.o
LOAD obj/tls_opt.o
LOAD obj/htm_opt.o
LOAD obj/wcom_opt.o
LOAD obj/const.o
LOAD obj/hook.o

.conf           0x0000000082020000     0x2000
 *(.conf)
 .conf          0x0000000082020000     0x2000 obj/const.o
                0x0000000082020000                dpstart
                0x000000008202008c                padc
                0x0000000082021000                dpset
                0x0000000082021370                pad

.wake
 *(.wake)

.boot
 *(.boot)

.language_en    0x00000000820f0000      0x174
 *(.language_en)
 .language_en   0x00000000820f0000      0x174 obj/language_sp.o
                0x00000000820f0000                s_startxxx_en
                0x00000000820f0004                s_dashtech_en
                0x00000000820f001c                s_computerSys_en
                0x00000000820f002c                s_opSystem_en
                0x00000000820f0040                s_softwIdentity_en
                0x00000000820f0054                s_systemInfo_en
                0x00000000820f0068                s_bios_en
                0x00000000820f0070                s_cpu_en
                0x00000000820f0074                s_memDevice_en
                0x00000000820f0084                s_fan_en
                0x00000000820f0088                s_sensorstring_en
                0x00000000820f0090                s_asset_en
                0x00000000820f0098                s_remoteControl_en
                0x00000000820f00a8                s_eventLog_en
                0x00000000820f00b4                s_networkSetting_en
                0x00000000820f00c4                s_serviceSetting_en
                0x00000000820f00d4                s_mailWakeup_en
                0x00000000820f00e4                s_mailAccount_en
                0x00000000820f00f4                s_matchCondition_en
                0x00000000820f0104                s_about_en
                0x00000000820f010c                s_realtek_en
                0x00000000820f0114                s_welcome_en
                0x00000000820f011c                s_welstr_en
                0x00000000820f013c                s_gigaEthControl_en
                0x00000000820f0158                s_realtekCop_en

.language_2     0x00000000820f8000      0x3d0
 *(.language_2)
 .language_2    0x00000000820f8000      0x3d0 obj/language_sp.o
                0x00000000820f8000                s_startxxx_2
                0x00000000820f8018                s_dashtech_2
                0x00000000820f8048                s_computerSys_2
                0x00000000820f8070                s_opSystem_2
                0x00000000820f8098                s_softwIdentity_2
                0x00000000820f80c4                s_systemInfo_2
                0x00000000820f80f0                s_bios_2
                0x00000000820f8108                s_cpu_2
                0x00000000820f8120                s_memDevice_2
                0x00000000820f8148                s_fan_2
                0x00000000820f8160                s_sensorstring_2
                0x00000000820f817c                s_asset_2
                0x00000000820f8198                s_remoteControl_2
                0x00000000820f81c4                s_eventLog_2
                0x00000000820f81e8                s_networkSetting_2
                0x00000000820f8218                s_serviceSetting_2
                0x00000000820f8248                s_mailWakeup_2
                0x00000000820f8270                s_mailAccount_2
                0x00000000820f8298                s_matchCondition_2
                0x00000000820f82c8                s_about_2
                0x00000000820f82e4                s_realtek_2
                0x00000000820f8300                s_welcome_2
                0x00000000820f831c                s_welstr_2
                0x00000000820f835c                s_gigaEthControl_2
                0x00000000820f8398                s_realtekCop_2

.imem0
 *(.trap_handler)

.init           0x0000000082030000      0x178
 obj/init*.o(*.text)
 .text          0x0000000082030000      0x178 obj/init_opt.o
                0x0000000082030000                c_init
                0x0000000082030080                init_NIC_SD
                0x00000000820300e0                init_testItem_SD
 *(.init)

.sram           0x00000000800c0000     0xb67c load address 0x0000000082030178
 obj/8168h*.o(.text)
 obj/vga*.o(.text)
 obj/vnc*.o(.text)
 obj/des*.o(.text)
 obj/smbus*.o(.text)
 obj/telnet*.o(.text)
 .text          0x00000000800c0000     0x1cc8 obj/telnet_opt.o
                0x00000000800c0000                sendUSBPkt_F
                0x00000000800c02a4                USBClientTask
                0x00000000800c062c                FREQ
                0x00000000800c0664                USBSrvTask
                0x00000000800c0718                flushTelnetSendBuffer
                0x00000000800c08dc                sendNVTOpt
                0x00000000800c094c                sendNVTSubOpt
                0x00000000800c09c8                sendTelnetData
                0x00000000800c0b20                putCMDBuf
                0x00000000800c0b50                putSendBuf
                0x00000000800c0ba4                parseCmdBufffer
                0x00000000800c0fec                sendShellTag
                0x00000000800c106c                getShellCmd
                0x00000000800c1294                negoNVTCTLWill
                0x00000000800c1368                negoNVTCTLWont
                0x00000000800c1370                negoNVTCTLDo
                0x00000000800c141c                negoNVTCTLDont
                0x00000000800c1424                negoNVTCTLSB
                0x00000000800c1670                parseNVTOpt
                0x00000000800c16cc                negoTelnetOpt
                0x00000000800c17e8                telnetConsole
 obj/usb*.o(.text)
 .text          0x00000000800c1cc8      0x86c obj/usb_sp.o
                0x00000000800c1cc9                usb_config_init
                0x00000000800c1d69                USBDataWebGet
                0x00000000800c1e15                getDiskSize
                0x00000000800c1e79                getWebData
                0x00000000800c1f41                getType
                0x00000000800c2061                getMBR
                0x00000000800c219d                sendUSBPkt
                0x00000000800c230d                handle_ep_complete
                0x00000000800c234d                USBQHandle
                0x00000000800c2415                stopUSB
                0x00000000800c24fd                wait_AHB_idle
 .text          0x00000000800c2534      0x1fc obj/usb_ata_sp.o
                0x00000000800c2535                FWupdate_Parsing
                0x00000000800c25e1                CMD_Parsing
                0x00000000800c2685                ata_cbw
                0x00000000800c26bd                ata_csw
                0x00000000800c272d                IsValidCBW
 .text          0x00000000800c2730      0x188 obj/usbdesc_sp.o
                0x00000000800c2731                usb_desc_init
 .text          0x00000000800c28b8     0x1340 obj/usbdevice_interrupt_sp.o
                0x00000000800c28ed                otg_usb_enabled
                0x00000000800c2929                otg_usb_disabled
                0x00000000800c296d                device_int_suspend
                0x00000000800c2995                device_int_resume
                0x00000000800c29ad                core_reset
                0x00000000800c2a21                Rd_UPHY
                0x00000000800c2aa1                Wt_UPHY
                0x00000000800c2b2d                dwc_otg_flush_tx_fifo
                0x00000000800c2b79                dwc_otg_flush_rx_fifo
                0x00000000800c2bad                usb_dev_init
                0x00000000800c2db5                otg_usb_init
                0x00000000800c2e49                ep0_out_start
                0x00000000800c2eb9                usb_dev_reset
                0x00000000800c2fc5                set_usb_hs
                0x00000000800c2ff5                set_usb_fs
                0x00000000800c3021                device_int_enum_done
                0x00000000800c30f9                dwc_otg_ep0_start_transfer
                0x00000000800c3169                dwc_otg_ep_start_transfer
                0x00000000800c32cd                dwc_otg_ep_activate
                0x00000000800c33a5                ep_set_stall
                0x00000000800c3411                ep_clear_stall
                0x00000000800c3461                setup_phase
                0x00000000800c3871                handle_ep0
                0x00000000800c38b9                device_int_out_ep
                0x00000000800c3a01                device_int_in_ep
                0x00000000800c3ad1                bsp_usb_handler
 obj/ssh*.o(.text)
 .text          0x00000000800c3bf8     0x1fb0 obj/ssh_sp.o
                0x00000000800c3c79                buf_init
                0x00000000800c3c9d                buf_clear
                0x00000000800c3cad                buf_new
                0x00000000800c3cd1                buf_free
                0x00000000800c3ced                setInt
                0x00000000800c3f49                rsa_pkcs1_sign_sechash
                0x00000000800c40ad                sendSrvSSHPtlVerExMsg
                0x00000000800c4119                SSHFree
                0x00000000800c41c9                genrandom
                0x00000000800c447d                srvKeyExInit
                0x00000000800c4645                SSHInit
                0x00000000800c4829                sshEncodeData
                0x00000000800c483d                sshEncodeBanner
                0x00000000800c4851                send_msg_channel_close
                0x00000000800c48c5                channelRequest
                0x00000000800c57d1                recv_unimplemented
                0x00000000800c57d5                sshrx
                0x00000000800c5ab9                sshClient
                0x00000000800c5af5                sshSrv
 obj/client*.o(.text)
 .text          0x00000000800c5ba8      0xb84 obj/client_sp.o
                0x00000000800c5ba9                c_insertlen
                0x00000000800c5c0d                c_sendpacket
                0x00000000800c5c69                c_new_send_list
                0x00000000800c5ca1                parser_subinfo
                0x00000000800c5d85                send_heartbeat
                0x00000000800c5fb1                EgenXML
                0x00000000800c605d                send_event
                0x00000000800c628d                ReleaseEvent
                0x00000000800c62bd                EventDefaultInstance
                0x00000000800c635d                c_subscribe
                0x00000000800c638d                ReleaseSub
                0x00000000800c63c1                clientTask1
 obj/icmp*.o(.text)
 .text          0x00000000800c672c      0xa0c obj/icmp_sp.o
                0x00000000800c672d                icmpInput_debug
                0x00000000800c684d                routerAdvertise
                0x00000000800c6941                icmpv6EchoReply
                0x00000000800c6a89                icmpv6Solicitation
                0x00000000800c6bf5                getLinkLocalEUIAddr
                0x00000000800c6c61                chkLinkLocalEUIAddr
                0x00000000800c6cb1                icmpv6Advertisement
                0x00000000800c6d75                icmpv6Input
                0x00000000800c6e2d                neighborSolicite
                0x00000000800c6fe1                routerSolicite
 obj/udp*.o(.text)
 .text          0x00000000800c7138        0x0 obj/udp_sp.o
 obj/snmp*.o(.text)
 *(.sram)
 .sram          0x00000000800c7138      0x2a4 obj/bsp_sp.o
                0x00000000800c7181                bsp_timer_init
                0x00000000800c7265                bsp_setup
 .sram          0x00000000800c73dc      0x244 obj/lib_sp.o
                0x00000000800c73dd                setupPatchFun
 .sram          0x00000000800c7620      0x5e4 obj/rtskt_sp.o
                0x00000000800c7621                rtSktAccept
                0x00000000800c76e1                rtSktUDPSendTo
                0x00000000800c7999                getUDPAddressInfo
                0x00000000800c79e9                rtSktConnect
 .sram          0x00000000800c7c04     0x1050 obj/tcp_sp.o
                0x00000000800c7c05                tcpProcess
                0x00000000800c8111                tcpRxInput
                0x00000000800c82c5                addTcpHeader
                0x00000000800c8605                tcpDequeue
                0x00000000800c86a9                tcpPeriodChk
                0x00000000800c87a1                tcpInput
                0x00000000800c8a5d                tcpTimerTask
 .sram          0x00000000800c8c54      0x220 obj/pldm_sp.o
                0x00000000800c8c55                bsp_pldm_set
 .sram          0x00000000800c8e74      0x210 obj/asf_opt.o
                0x00000000800c8e74                bsp_load_asf_default
 obj/parammd*.o(.text)
 .text          0x00000000800c9084        0x0 obj/parammd_sp.o
 obj/mmd*.o(.text)
 .text          0x00000000800c9084      0xc7c obj/mmd_sp.o
                0x00000000800c9085                OCD_Write
                0x00000000800c9165                OCD_Read
                0x00000000800c923d                Direct_Write
                0x00000000800c9279                Direct_Read
                0x00000000800c92b5                Direct_post_Read
                0x00000000800c92f1                EFUSE_read
                0x00000000800c937d                EFUSE_write
                0x00000000800c9409                GPHY_read
                0x00000000800c9479                GPHY_write
                0x00000000800c951d                EPHY_read
                0x00000000800c958d                EPHY_write
                0x00000000800c9631                MMD_Processing
                0x00000000800c9b61                MMD_Parsing
                0x00000000800c9c49                MMD_Init
                0x00000000800c9c69                MMD_Test_Task
 obj/mdio_bitbang*.o(.text)
 .text          0x00000000800c9d00      0x46c obj/mdio_bitbang_sp.o
                0x00000000800c9d01                check_test_timer
                0x00000000800c9d25                get_timer
                0x00000000800c9d49                wr_ndelay
                0x00000000800c9ea9                rd_ndelay
                0x00000000800c9fc1                mdiobb_read
                0x00000000800ca059                mdiobb_post_read
                0x00000000800ca0f1                mdiobb_write
 obj/testio_gpio*.o(.text)
 .text          0x00000000800ca16c      0xb8c obj/testio_gpio_sp.o
                0x00000000800ca16d                Testio_Gpio_Init
                0x00000000800ca195                TESTIO_Direct_Write
                0x00000000800ca1cd                TESTIO_Direct_Read
                0x00000000800ca205                RdOCPAddr
                0x00000000800ca27d                ParaOCPMCUSTALLRead
                0x00000000800ca291                ReadOCPMCUSTALLRegTestIO
                0x00000000800ca2a5                WtOCPAddr
                0x00000000800ca321                ParaOCPMCUSTALLWrite
                0x00000000800ca335                WriteOCPMCUSTALLRegTestIO
                0x00000000800ca3e1                RdOCPAddr_Alive
                0x00000000800ca471                WtOCPAddr_Alive
                0x00000000800ca509                ParaOCPRead
                0x00000000800ca51d                ParaOCPWrite
                0x00000000800ca53d                ParaGPHYWrite
                0x00000000800ca585                ParaGPHYRead
                0x00000000800ca5c1                ReadPhyRegNoPageTestIO
                0x00000000800ca5d5                WritePhyRegNoPageTestIO
                0x00000000800ca62d                ParaEFUSERead
                0x00000000800ca671                ReadEFUSETestIO
                0x00000000800ca685                ReadEFUSETestIO16
                0x00000000800ca699                ParaEFUSEWrite
                0x00000000800ca6e9                WriteEFUSETestIO
                0x00000000800ca73d                ParaEFUSEWrite16
                0x00000000800ca7a5                WriteEFUSETestIO16
                0x00000000800ca811                ParaEPHYRead
                0x00000000800ca849                ReadEPhyRegTestIO
                0x00000000800ca85d                ParaEPHYWrite
                0x00000000800ca8a5                WriteEPhyRegTestIO
                0x00000000800ca901                ReadOCPRegTestIO
                0x00000000800ca915                WriteOCPRegTestIO
                0x00000000800ca995                Testio_Processing
                0x00000000800cabd9                Testio_Parsing
 obj/i2c_gpio*.o(.text)
 .text          0x00000000800cacf8      0x5e4 obj/i2c_gpio_sp.o
                0x00000000800cacf9                i2c_start
                0x00000000800cad3d                i2c_stop
                0x00000000800cad71                i2c_read_ack
                0x00000000800cadb5                i2c_send_ack
                0x00000000800caded                i2c_send_nack
                0x00000000800cae25                i2c_write_byte
                0x00000000800cae99                i2c_read_byte
                0x00000000800caf09                i2c_read
                0x00000000800caf69                i2c_write
                0x00000000800cafbd                write_reg
                0x00000000800cafe1                read_reg
                0x00000000800cb019                set_port_dir
                0x00000000800cb085                get_port_val
                0x00000000800cb0c5                set_port_val
                0x00000000800cb12d                GPIO_IIC_Init
                0x00000000800cb141                GPIO_Processing
                0x00000000800cb209                GPIO_Parsing
 .text          0x00000000800cb2dc      0x3a0 obj/i2c_gpio_slave_sp.o
                0x00000000800cb2dd                init_gpio_dir
                0x00000000800cb32d                set_gpio_output
                0x00000000800cb379                get_gpio_input
                0x00000000800cb3a9                I2C_check_address
                0x00000000800cb40d                I2C_Get_Multi_Byte
                0x00000000800cb499                I2C_Send_Multi_Byte
                0x00000000800cb52d                Start_Condition
                0x00000000800cb5f9                I2C_gpio_init

.ddr
                0x0000000082030178                __sram_start_lma = LOADADDR (.sram)
                0x00000000800c0000                __sram_start_vma = ADDR (.sram)
                0x000000000000b67c                __sram_size = SIZEOF (.sram)

.text           0x000000008203b7f4    0x23778
 *(.text)
 .text          0x000000008203b7f4      0x13c obj/app_sp.o
                0x000000008203b88d                bsp_KCS_RKVM_NCSI_shareHandler
                0x000000008203b8a1                bsp_FUN0_EHCI_shareHandler
                0x000000008203b8b1                Function0_Interrupt_shareHandler
                0x000000008203b8f5                RISC_FRE_divide
 .text          0x000000008203b930      0x43c obj/OOBMAC_COMMON_sp.o
                0x000000008203b931                OOB_access_IB_channel
                0x000000008203b965                OOB_READ_IB
                0x000000008203b9b1                OOB_WRITE_IB
                0x000000008203b9f5                OOB_WRITE_IB_BIT
                0x000000008203bae1                OOBMAC_sharepin_mode_set
                0x000000008203bba9                OOBMAC_gpio_init
                0x000000008203bca1                OOBMAC_gpio_output
                0x000000008203bcf9                OOBMAC_gpio_input
                0x000000008203bd19                OOBMAC_gpio_input_general
 .text          0x000000008203bd6c     0xc0d4 obj/dash_sp.o
                0x000000008203bd6d                UpdateComputerSystemCIM
                0x000000008203bddd                getEnableState
                0x000000008203be31                getRequestedState
                0x000000008203be7d                getOperationalStatus
                0x000000008203bec5                getMemoryType
                0x000000008203bf0d                getAccess
                0x000000008203bf41                getHealthState
                0x000000008203bfb5                getSwIdInstanceCount
                0x000000008203c021                getbiosAttrInstanceCount
                0x000000008203c08d                getMemInstanceCount
                0x000000008203c0f9                getProcessorInstanceCount
                0x000000008203c165                getbiosEleInstanceCount
                0x000000008203c1cd                getFanInstanceCount
                0x000000008203c235                getSensorInstanceCount
                0x000000008203c29d                getCommonInstanceCount
                0x000000008203c479                returnOperationSys
                0x000000008203c5ed                getBIOSElemProperty
                0x000000008203c685                getBIOSAttrProperty
                0x000000008203c6cd                getCommonProperty
                0x000000008203caf1                getPowerMangSrvProperty
                0x000000008203cb8d                getTestCIMProperty_debug
                0x000000008203cbc1                getOsPropertyFromIdata
                0x000000008203cbd1                getOperationSysProperty
                0x000000008203ccf9                getComputerSysProperty
                0x000000008203cdf9                getPowerMangCapProperty
                0x000000008203ce95                NewMem
                0x000000008203ceed                ReleaseBuf
                0x000000008203cf35                TmpNewMem
                0x000000008203cf8d                TmpReleaseBuf
                0x000000008203cfd5                generate_uuid
                0x000000008203d0d9                strback
                0x000000008203d0f1                str2hex
                0x000000008203d15d                subscribe
                0x000000008203d1dd                unsubscribe
                0x000000008203d269                sendpacket
                0x000000008203d2e1                ReleaseProfile
                0x000000008203d2fd                releaseSoftwareIdCIM
                0x000000008203d345                releaseBIOSElementCIM
                0x000000008203d38d                releaseBIOSAttrCIM
                0x000000008203d3d5                releaseProcessorCIM
                0x000000008203d41d                releaseMemoryCIM
                0x000000008203d465                releaseSensorCIM
                0x000000008203d4ad                releaseFanCIM
                0x000000008203d4f5                releaseCommonCIM
                0x000000008203d6d1                releaseOperationSysCIM
                0x000000008203d701                releaseCardCIM
                0x000000008203d749                releaseChassisCIM
                0x000000008203d791                ClearSendBuf
                0x000000008203d7cd                new_send_list
                0x000000008203d809                insertlen
                0x000000008203d89d                ProfileEntry
                0x000000008203d991                SearchEnd
                0x000000008203da05                GetInstanceCount
                0x000000008203db45                GetElement
                0x000000008203dbbd                SetElement
                0x000000008203dc01                SelectElement
                0x000000008203dd4d                SearchIndex
                0x000000008203ddad                DefaultRoleInstance
                0x000000008203df5d                DefaultLogInstance
                0x000000008203e139                DefaultIndicationInstance
                0x000000008203e361                DefaultPldmInstance
                0x000000008203e6c1                DefaultInbandInstance
                0x000000008203edf1                UpdateOperationSysCIM
                0x000000008203ee39                UpdateSoftwareIdCIM
                0x000000008203ee7d                GetTotalValue
                0x000000008203eef9                DefaultSensorInstance
                0x000000008203f58d                UpdateFanCIM
                0x000000008203f5e1                UpdateSensorCIM
                0x000000008203f629                DefaultPrivilegeInstance
                0x000000008203f829                DefaultElementConformsInstance
                0x000000008203f9b5                DefaultRegisterInstance
                0x000000008203fbd5                DefaultBiosInstance
                0x000000008203feed                UpdateBIOSAttrCIM
                0x000000008203ff31                InitialRegister
                0x000000008203ff71                ParserNsData
                0x00000000820400f5                PutBodyElement
                0x0000000082040491                gen_nsdata
                0x000000008204056d                gen_action
                0x0000000082040739                wsman_identify_stub
                0x0000000082040965                create_release_response_envelope
                0x0000000082040a29                create_delete_response_envelope
                0x0000000082040bc9                create_create_response_envelope
                0x0000000082040e0d                create_enumerate_response_envelope
                0x0000000082040f55                create_evt_getstatus_response_envelope
                0x0000000082041051                create_evt_renew_response_envelope
                0x000000008204114d                auth_anon
                0x00000000820411ad                auth_error
                0x00000000820412f5                response_fault
                0x000000008204142d                ParserAction
                0x00000000820414bd                ResetUsed
                0x00000000820414f1                InitElement
                0x0000000082041555                getUserState
                0x00000000820415ad                DefaultAccountInstance
                0x0000000082041785                DefaultInstance
                0x0000000082042685                UpdateProcessorCIM
                0x00000000820426d9                UpdateMemoryCIM
                0x000000008204272d                UpdateCommonCIM
                0x0000000082042a1d                UpdateBIOSElementCIM
                0x0000000082042a6d                genXML
                0x0000000082042e81                create_pull_response_envelope
                0x00000000820436c1                create_get_response_envelope
                0x00000000820437c1                create_put_response_envelope
                0x00000000820438d5                create_subscribe_response_envelope
                0x0000000082043b55                create_unsubscribe_response_envelope
                0x0000000082043c7d                create_invoke_response_envelope
                0x0000000082043fa9                register_endpoint
                0x000000008204408d                SearchKey
                0x00000000820442cd                SearchReference
                0x0000000082044445                EnableUser
                0x00000000820444c1                md_RequestStateChange
                0x00000000820448e1                md_RequestPowerStateChange
                0x00000000820449fd                md_ApplyBootConfigSetting
                0x0000000082044a01                md_CreateBootConfigSetting
                0x0000000082044a79                md_ChangeBootOrderPldm
                0x0000000082044ba1                md_SetBootConfigRole
                0x0000000082044c59                md_CreateAccount
                0x0000000082044e0d                md_AssignRoles
                0x0000000082044f85                md_ModifyRole
                0x0000000082045121                md_CreateRole
                0x0000000082045301                md_DeleteRole
                0x000000008204537d                md_FirmwareUpdate
                0x0000000082045399                md_CreateOpaque
                0x00000000820454b5                md_ReadWriteOpaque
                0x0000000082045715                md_ReassignOwnershipOpaque
                0x0000000082045869                md_SetBIOSAttribute
                0x000000008204592d                md_RestoreBIOSDefaults
                0x0000000082045979                CheckSensor
                0x00000000820459a9                ParserBody
                0x0000000082046759                check_envelope
                0x0000000082046cf1                ParserElement
                0x0000000082046f91                parseelt
                0x0000000082046fb1                check_missing
                0x0000000082046ff1                debug_printfIP
                0x000000008204701d                ConnectControl
                0x0000000082047349                wsinit
                0x0000000082047415                wsman
                0x0000000082047b29                wsmanSrv
                0x0000000082047bf1                wsmanSrvIPv6
                0x0000000082047ca5                wsmanSrvTLS
                0x0000000082047d71                wsmanSrvTLSIPv6
 .text          0x0000000082047e40      0x844 obj/tcr_sp.o
                0x0000000082047e41                bsp_tcr_init
                0x0000000082048039                tcrrx
                0x0000000082048235                bsp_kcs_init_patch
                0x000000008204833d                bsp_tcr_handler
                0x000000008204848d                bsp_kcs_handler_patch
                0x0000000082048581                tcrread
                0x000000008204860d                stopTCR
 .text          0x0000000082048684      0xa48 obj/language_sp.o
                0x0000000082048685                setLanguageType
                0x00000000820488e1                buildKeyworkTable_foreign
                0x00000000820490b1                buildKeyworkTable
 .text          0x00000000820490cc      0x7cc obj/eventlog_sp.o
                0x00000000820490cd                getEventLogParser
 .text          0x0000000082049898      0x1b8 obj/gmac_sp.o
                0x0000000082049899                bsp_inband_push_ack
                0x0000000082049951                bsp_get_inband_data
 .text          0x0000000082049a50      0x414 obj/bsp_sp.o
                0x0000000082049a51                setIPAddress_withoutFlash
                0x0000000082049b11                bsp_timer_reinit
                0x0000000082049bd1                SetPowerSavingParameter
                0x0000000082049bd5                bsp_setup_R
                0x0000000082049c0d                bsp_IODrvAP_exist
                0x0000000082049c2d                ReadIBReg
                0x0000000082049c69                WriteIBReg
                0x0000000082049ca9                lan_wake
                0x0000000082049cf9                UMAC_RST
                0x0000000082049d65                OOB_READ_IB_0
                0x0000000082049da1                OOB_WRITE_IB_0
                0x0000000082049de1                usb_otg_patch
 .text          0x0000000082049e64      0x518 obj/sensor_sp.o
                0x0000000082049f39                set_pldm_snr_slave_address
                0x0000000082049f89                ParserSensor
                0x000000008204a2c1                pldm_snr_read
 .text          0x000000008204a37c        0x0 obj/netlib_sp.o
 .text          0x000000008204a37c     0x144c obj/x509parse_sp.o
                0x000000008204a465                asn1_get_tag
                0x000000008204a6e1                asn1_get_int
                0x000000008204a735                asn1_get_char
                0x000000008204a785                asn1_get_uint
                0x000000008204a7d9                x509parse_dn_gets
                0x000000008204a9a9                x509parse_time_expired
                0x000000008204a9fd                x509parse_revoked
                0x000000008204aa3d                x509parse_verify
                0x000000008204ac4d                x509_free
                0x000000008204acf1                x509parse_crt
                0x000000008204b331                x509_crl_free
                0x000000008204b3c9                x509parse_crl
 .text          0x000000008204b7c8      0x40c obj/lib_sp.o
                0x000000008204b7c9                allocIPPkt_4bytesAlignment
                0x000000008204b849                makeAlertEvent
                0x000000008204b84d                setdirtylen
                0x000000008204b87d                writeflash
                0x000000008204ba7d                AcquireIbOobMutex
                0x000000008204baed                ReleaseIbOobMutex
                0x000000008204bb15                setSleepDeep
                0x000000008204bb25                TCRDisable
                0x000000008204bb49                TCREnable
                0x000000008204bb6d                getFwLogParser
 .text          0x000000008204bbd4      0x194 obj/arp_sp.o
                0x000000008204bbd5                findEtherAddr
 .text          0x000000008204bd68      0x5a4 obj/rtskt_sp.o
                0x000000008204bd69                getDNSAnsRRPos
                0x000000008204bd95                getIPAddrPos
                0x000000008204bf15                getPortNumber
                0x000000008204bf45                rtSktEnableRMCPPortFilter
                0x000000008204bf49                rtSktDisableRMCPPortFilter
                0x000000008204bf4d                rtGethostbyname
 .text          0x000000008204c30c      0x10c obj/ip_sp.o
                0x000000008204c30d                ipInput
 .text          0x000000008204c418      0xaa8 obj/tcp_sp.o
                0x000000008204c419                removePCB
                0x000000008204c581                matchIntf
                0x000000008204c5a5                reserveIBPort
                0x000000008204c66d                SetIBPF
                0x000000008204c6ad                SetOOBPF
                0x000000008204c72d                removePortFilterTableEP
                0x000000008204c935                reloadFilterTableEP
                0x000000008204cad1                setNewIBTCAMPortPF
                0x000000008204cc69                setPortFilterTableEP
 .text          0x000000008204cec0        0x0 obj/dhcp_sp.o
 .text          0x000000008204cec0     0x1c8c obj/pldm_sp.o
                0x000000008204cec1                _unicode
                0x000000008204cf21                AddItem
                0x000000008204cf51                ReleasePldm
                0x000000008204cf8d                SearchAttr
                0x000000008204d001                SetValue
                0x000000008204d1a9                InitialPLDM
                0x000000008204d311                getPLDMElement
                0x000000008204d33d                CreateAttrVal
                0x000000008204d3bd                handle_pldm_br_phoenix
                0x000000008204d50d                handle_pldm_br_ami
                0x000000008204d879                handle_pldm_bw
                0x000000008204d87d                setPLDMEndPoint
                0x000000008204d8a9                handle_pldm_tags
                0x000000008204da09                pldm_handle_setgettime
                0x000000008204daa1                smbus_process_pldm_br_ami
                0x000000008204dd6d                smbus_process_pldm_br_phoenix
                0x000000008204def1                smbus_process_pldm_bw
 .text          0x000000008204eb4c      0x8d8 obj/flash_opt.o
                0x000000008204eb4c                CompareSMBIOS
                0x000000008204ec14                FlashTask
 .text          0x000000008204f424      0x624 obj/asf_opt.o
                0x000000008204f424                bsp_set_pldm_slave_address
                0x000000008204f48c                bsp_set_asftbl
                0x000000008204f514                ParserASFTable
 .text          0x000000008204fa48     0x1d00 obj/genpage_opt.o
                0x000000008204fa48                biosPage
                0x000000008204fecc                sysInfoPage
                0x000000008205004c                basedBoardPage
                0x00000000820501cc                chassisPage
                0x000000008205034c                sysBootPage
                0x000000008205046c                processorPage
                0x000000008205067c                phyMemArrayPage
                0x0000000082050878                cachePage
                0x0000000082050a38                portConnectorPage
                0x0000000082050c0c                sysSlotPage
                0x0000000082050ddc                memDevPage
                0x0000000082050f80                memArrayMapAddrPage
                0x0000000082051150                onBoardDevPage
                0x000000008205131c                sysEventLogPage
                0x000000008205164c                genSMBIOSWebPage
 .text          0x0000000082051748     0x1a04 obj/post_opt.o
                0x0000000082051a64                verifyIPField
                0x0000000082051a74                netSetIPv4Value
                0x0000000082051bfc                netSetIPv6Value
                0x0000000082051d90                netSet
                0x000000008205276c                serviceSet
                0x0000000082052940                remoteCtlSet
                0x0000000082052e58                tlsAuth
                0x0000000082053058                urltoken
 .text          0x000000008205314c     0x280c obj/http_opt.o
                0x0000000082053238                isLegalAuthcredential
                0x000000008205331c                setAuthCredential
                0x00000000820534f4                releaseAuthCredential
                0x00000000820535f4                basicAuth
                0x00000000820537d8                digestAuth
                0x0000000082054914                webPost
                0x0000000082054b78                parsePostRequest
                0x00000000820550b4                httpPost
                0x0000000082055190                httpGet
                0x0000000082055330                http_debug
                0x0000000082055414                getLanguageType
                0x00000000820554e8                httpRx
                0x000000008205572c                getHttpHeaderInfo
                0x0000000082055950                initTCPService
 .text          0x0000000082055958     0x2dd4 obj/tls_opt.o
                0x0000000082055958                getCertificate
                0x00000000820559a4                createSSL
                0x00000000820559e0                authedSSL
                0x0000000082055a44                getPCBMatchSSL
                0x0000000082055d48                parseRecordLayer
                0x0000000082055e80                tlsEncodeData
                0x000000008205609c                deCodeTLSData
                0x00000000820566b4                processCertificateVerify
                0x0000000082056750                makeTLSRecordLayer
                0x0000000082056774                processClientHello
                0x00000000820568a4                processClientHelloSSLv2
                0x0000000082056a90                serverHello
                0x0000000082056bfc                serverCertificate
                0x0000000082056cf0                serverHelloDone
                0x0000000082056d5c                serverCertificateReq
                0x0000000082056ddc                serverKeyExchange
                0x0000000082056e6c                sendServerHelloSequence
                0x00000000820571c4                tlsPktSend
                0x0000000082057214                processClientKeyExchange
                0x00000000820572d4                parseChangeCipherSpec
                0x000000008205731c                parseClientFinish
                0x0000000082057720                serverFinish
                0x000000008205795c                sendServerFinish
                0x0000000082057ae0                doServerHandshake
                0x0000000082057e6c                doTLSAccept
                0x00000000820585b4                sendTLSWebPage
                0x00000000820586bc                sendTLSAlert
 .text          0x000000008205872c     0x5350 obj/htm_opt.o
                0x000000008205872c                atoull
                0x0000000082058814                parseBytesToSizeString
                0x00000000820588f8                genWelcomePage
                0x0000000082058938                genBannerPage
                0x0000000082058964                sendWebPagePkt
                0x0000000082058a68                genInfoPage
                0x0000000082058cc4                genOperationSystemPage
                0x0000000082058da0                genPROCESSORPage
                0x000000008205922c                genMemoryPage
                0x0000000082059790                genFanPage
                0x0000000082059b94                genSensorPage
                0x0000000082059fa4                genAssetPage
                0x000000008205af24                genBIOSPage
                0x000000008205b414                genSoftwareIdentityPage
                0x000000008205b820                genComputerSystemPage
                0x000000008205ba98                genShowCounterPage
                0x000000008205bb34                genClearCounterPage
                0x000000008205bbd0                chkSMBIOSReqPages
                0x000000008205be80                getWebPageID
                0x000000008205c300                genSrvSetPage
                0x000000008205c358                IPtoStr
                0x000000008205c3b8                IPv6toStr
                0x000000008205c464                genNetSetPage
                0x000000008205ca04                genNetSetv6Page
                0x000000008205cbf4                genAboutPage
                0x000000008205cc98                sendStaticWebPage
                0x000000008205ce68                sendEventLogPage
                0x000000008205d140                sendSMBIOSWebPage
                0x000000008205d204                sendRmoteCtlPage
                0x000000008205d2ec                sendWebPages
 .text          0x000000008205da7c     0x1454 obj/wcom_opt.o
                0x000000008205da7c                read_hm_sensor
                0x000000008205dc34                OOBResponseTask
 .text          0x000000008205eed0        0x0 obj/const.o
 .text          0x000000008205eed0        0x0 obj/hook.o
 *(.text.startup)
 .text.startup  0x000000008205eed0       0x9c obj/app_sp.o
                0x000000008205eed1                main
                0x000000008203b7f4                __text_start_lma = LOADADDR (.text)
                0x000000008203b7f4                __text_start_vma = ADDR (.text)
                0x0000000000023778                __text_size = SIZEOF (.text)

.text.unlikely  0x000000008205ef6c       0xbc
 .text.unlikely
                0x000000008205ef6c       0xbc obj/x509parse_sp.o

.rodata         0x000000008205f028     0xedac
                0x000000008205f028                . = ALIGN (0x4)
 *(.roexcept)
 *(.rodata .rodata.* .gnu.linkonce.r.*)
 .rodata.str1.4
                0x000000008205f028       0x18 obj/app_sp.o
 .rodata.cst4   0x000000008205f040       0x18 obj/app_sp.o
 .rodata.cst4   0x000000008205f058       0x18 obj/OOBMAC_COMMON_sp.o
 .rodata.str1.4
                0x000000008205f070       0xd7 obj/ssh_sp.o
                                         0xd8 (size before relaxing)
 *fill*         0x000000008205f147        0x1 
 .rodata        0x000000008205f148       0xf0 obj/ssh_sp.o
                0x000000008205f16c                dh_p_val
                0x000000008205f1ec                SSHCompressAlog
                0x000000008205f1f4                SSHMacAlogSrv2Cli
                0x000000008205f200                SSHEnAlog
                0x000000008205f20c                SSHSrvHostKeyAlog
                0x000000008205f214                SSHKexAlog
                0x000000008205f230                CRLF
                0x000000008205f234                dh_g_val
 .rodata.str1.4
                0x000000008205f238     0x532a obj/dash_sp.o
                                       0x56b8 (size before relaxing)
 *fill*         0x0000000082064562        0x2 
 .rodata        0x0000000082064564      0xdd4 obj/dash_sp.o
                0x0000000082064734                _RegProfile
                0x00000000820648ec                _Profile
                0x0000000082064f3c                _PowerManagementCapabilities
                0x00000000820651c0                hello_nego
                0x000000008206524c                hello_err
                0x00000000820652c0                hello
 .rodata.cst4   0x0000000082065338       0x20 obj/dash_sp.o
 .rodata.str1.4
                0x0000000082065358      0x517 obj/client_sp.o
                                        0x600 (size before relaxing)
 *fill*         0x000000008206586f        0x1 
 .rodata.cst4   0x0000000082065870       0x78 obj/tcr_sp.o
                                         0x7c (size before relaxing)
 .rodata.str1.4
                0x00000000820658e8      0x1af obj/language_sp.o
                                        0x1b0 (size before relaxing)
 *fill*         0x0000000082065a97        0x1 
 .rodata.cst4   0x0000000082065a98        0x8 obj/language_sp.o
 .rodata.str1.4
                0x0000000082065aa0      0x7ad obj/eventlog_sp.o
                                        0x7cc (size before relaxing)
 *fill*         0x000000008206624d        0x3 
 .rodata.cst4   0x0000000082066250       0x40 obj/eventlog_sp.o
 .rodata.cst4   0x0000000082066290       0x40 obj/bsp_sp.o
                                         0x50 (size before relaxing)
 .rodata.str1.4
                0x00000000820662d0        0xe obj/sensor_sp.o
                                         0x10 (size before relaxing)
 *fill*         0x00000000820662de        0x2 
 .rodata.str1.4
                0x00000000820662e0       0xe2 obj/x509parse_sp.o
                                         0xe8 (size before relaxing)
 *fill*         0x00000000820663c2        0x2 
 .rodata.str1.4
                0x00000000820663c4       0x8e obj/lib_sp.o
                                         0x90 (size before relaxing)
 *fill*         0x0000000082066452        0x2 
 .rodata.cst4   0x0000000082066454        0xc obj/lib_sp.o
                                         0x10 (size before relaxing)
 .rodata.cst4   0x0000000082066460        0xc obj/rtskt_sp.o
 .rodata        0x000000008206646c        0x8 obj/tcp_sp.o
                0x000000008206646c                Default_RSV_Port
 .rodata.cst4   0x0000000082066474        0x8 obj/tcp_sp.o
 .rodata.str1.4
                0x000000008206647c       0x16 obj/icmp_sp.o
                                         0x18 (size before relaxing)
 *fill*         0x0000000082066492        0x2 
 .rodata.str1.4
                0x0000000082066494       0x15 obj/usb_sp.o
                                         0x30 (size before relaxing)
 *fill*         0x00000000820664a9        0x3 
 .rodata        0x00000000820664ac       0x6c obj/usb_sp.o
                0x00000000820664b4                RtHttpHdr
 .rodata.cst4   0x0000000082066518        0x8 obj/usb_sp.o
 .rodata        0x0000000082066520      0x2a4 obj/usbdesc_sp.o
                0x0000000082066520                disc_conf
                0x00000000820665ac                disc_sense
                0x00000000820665d4                disc_info
                0x00000000820665f8                mode_sense
                0x000000008206660c                iso_conf
                0x000000008206661c                iso_toc
                0x0000000082066634                inquiry_data
                0x00000000820666a0                Device_Qualifier
                0x00000000820666ac                str3
                0x000000008206670c                str2
                0x000000008206672c                str1
                0x000000008206673c                str0
                0x0000000082066740                other_speed
                0x0000000082066760                descriptors_cbi
                0x0000000082066788                descriptors_bulk
                0x00000000820667a8                usb_sector_size
                0x00000000820667b0                device_desc
 .rodata.str1.4
                0x00000000820667c4        0x5 obj/pldm_sp.o
                                          0x8 (size before relaxing)
 *fill*         0x00000000820667c9        0x3 
 .rodata.cst4   0x00000000820667cc        0x8 obj/pldm_sp.o
 .rodata.str1.4
                0x00000000820667d4       0x20 obj/usbdevice_interrupt_sp.o
 .rodata.cst4   0x00000000820667f4       0xc0 obj/usbdevice_interrupt_sp.o
                                         0xe0 (size before relaxing)
 .rodata.str1.4
                0x00000000820668b4       0x46 obj/mmd_sp.o
                                         0x48 (size before relaxing)
 *fill*         0x00000000820668fa        0x2 
 .rodata.cst4   0x00000000820668fc       0x10 obj/mmd_sp.o
                                         0x18 (size before relaxing)
 .rodata.cst4   0x000000008206690c        0x8 obj/mdio_bitbang_sp.o
                                          0xc (size before relaxing)
 .rodata.cst4   0x0000000082066914        0x8 obj/testio_gpio_sp.o
                                         0x18 (size before relaxing)
 .rodata.str1.4
                0x000000008206691c        0xa obj/i2c_gpio_sp.o
                                          0xc (size before relaxing)
 *fill*         0x0000000082066926        0x2 
 .rodata.str1.4
                0x0000000082066928       0x43 obj/i2c_gpio_slave_sp.o
                                         0x44 (size before relaxing)
 *fill*         0x000000008206696b        0x1 
 .rodata        0x000000008206696c        0x8 obj/i2c_gpio_slave_sp.o
 .rodata.cst4   0x0000000082066974        0x4 obj/i2c_gpio_slave_sp.o
                                         0x14 (size before relaxing)
 .rodata.str1.4
                0x0000000082066978       0x79 obj/telnet_opt.o
                                         0x7c (size before relaxing)
 *fill*         0x00000000820669f1        0x3 
 .rodata        0x00000000820669f4       0x2c obj/telnet_opt.o
                0x0000000082066a1c                lf
 .rodata.str1.4
                0x0000000082066a20       0x62 obj/flash_opt.o
                                         0x64 (size before relaxing)
 *fill*         0x0000000082066a82        0x2 
 .rodata        0x0000000082066a84       0x3c obj/flash_opt.o
 .rodata.str1.4
                0x0000000082066ac0        0x5 obj/asf_opt.o
                                          0x8 (size before relaxing)
 *fill*         0x0000000082066ac5        0x3 
 .rodata.str1.4
                0x0000000082066ac8      0xa43 obj/genpage_opt.o
                                        0xac8 (size before relaxing)
 *fill*         0x000000008206750b        0x1 
 .rodata        0x000000008206750c      0x55c obj/genpage_opt.o
 .rodata.str1.4
                0x0000000082067a68       0xcc obj/post_opt.o
                                         0xe8 (size before relaxing)
 .rodata        0x0000000082067b34       0x30 obj/post_opt.o
 .rodata.str1.4
                0x0000000082067b64      0x1c5 obj/http_opt.o
                                        0x1e4 (size before relaxing)
 *fill*         0x0000000082067d29        0x3 
 .rodata        0x0000000082067d2c      0x3c4 obj/http_opt.o
                0x0000000082067d6c                WebUnauthAD
                0x0000000082067de0                WebUnauthDigest
                0x0000000082067e80                WebUnauthBasic
                0x0000000082067ef8                UnauthDigest
                0x0000000082067fa8                UnauthBasic
                0x0000000082068020                body
                0x0000000082068088                responseHeader
 .rodata.str1.4
                0x0000000000000000      0x1c5 obj/tls_opt.o
                                          0x4 (size before relaxing)
 .rodata.str1.4
                0x00000000820680f0      0x787 obj/htm_opt.o
                                        0xb9c (size before relaxing)
 *fill*         0x0000000082068877        0x1 
 .rodata        0x0000000082068878     0x4cc8 obj/htm_opt.o
                0x000000008206d204                rdcss
                0x000000008206d474                cookieHdrHtm
                0x000000008206d4cc                headerHtm
                0x000000008206d50c                okPage
 .rodata.str1.4
                0x000000008206d540       0xa0 obj/wcom_opt.o
                                         0xd0 (size before relaxing)
 .rodata        0x000000008206d5e0      0x168 obj/wcom_opt.o
 .rodata        0x000000008206d748      0x5fc obj/const.o
                0x000000008206d858                RMCP_IANA
                0x000000008206d85c                asf_ctldata
                0x000000008206d86c                asfalerts
                0x000000008206d96c                snrinfo
                0x000000008206d9bc                asf_legacy_sensor_num
                0x000000008206d9bd                asf_alerts_num
                0x000000008206d9c0                snrtbl
                0x000000008206d9d4                snrstatestr
                0x000000008206da7c                pwrtbl
                0x000000008206da9c                bootopts
                0x000000008206dc94                tcr_hsstr
                0x000000008206dcac                tcr_hslen
                0x000000008206dcb0                pldmsuccessbr
                0x000000008206dcc0                pldmsuccessbw
                0x000000008206dcd0                MCTPVerSupport
                0x000000008206dce4                PLDMSNR
                0x000000008206dcf4                RTKUDID
                0x000000008206dd08                macpattern
 .rodata        0x000000008206dd44       0x90 obj/hook.o
                0x000000008206ddd4                . = ALIGN (0x4)

.data           0x00000000800cb67c     0x37a4 load address 0x000000008206ddd4
                0x00000000800cb67c                . = ALIGN (0x4)
 *(.data)
 .data          0x00000000800cb67c        0x0 obj/app_sp.o
 .data          0x00000000800cb67c        0x0 obj/OOBMAC_COMMON_sp.o
 .data          0x00000000800cb67c       0x20 obj/ssh_sp.o
                0x00000000800cb67c                SSHNameList
 .data          0x00000000800cb69c     0x2b98 obj/dash_sp.o
                0x00000000800cb6b0                e_action
                0x00000000800cb720                MemoryType_value
                0x00000000800cb788                RequestedState_value
                0x00000000800cb7bc                OperationalStatus_value
                0x00000000800cb80c                SoftwareElementState_value
                0x00000000800cb81c                softidProp_class
                0x00000000800cb854                powMangCapProp_powChg
                0x00000000800cb878                power_state_value
                0x00000000800cb8c0                sys_reqState_value
                0x00000000800cb8f4                sys_enState_value
                0x00000000800cb920                compSys_Dedicated_value
                0x00000000800cb9bc                _OpaqueManagementDataService
                0x00000000800cb9f8                _OpaqueManagementData
                0x00000000800cbab8                _RemoteServiceAccessPoint
                0x00000000800cbb30                _RemoteAccessAvailableToElement
                0x00000000800cbb54                _BindsTo
                0x00000000800cbb78                _SoftwareInstallationService
                0x00000000800cbbb4                _BIOSPassword
                0x00000000800cbbfc                _ConcreteComponent
                0x00000000800cbc44                _SystemBIOS
                0x00000000800cbc68                _ConcreteDependency
                0x00000000800cbc8c                _SAPSAPDependency
                0x00000000800cbcb0                _DHCPCapabilities
                0x00000000800cbcf8                _USBDevice
                0x00000000800cbd4c                _HostedAccessPoint
                0x00000000800cbddc                _ServiceAccessBySAP
                0x00000000800cbe24                _AssociatedCooling
                0x00000000800cbe48                _DHCPProtocolEndpoint
                0x00000000800cbed8                _USBTCPProtocolEndpoint
                0x00000000800cbf38                _TCPProtocolEndpoint
                0x00000000800cbf98                _Chip
                0x00000000800cc010                _Slot
                0x00000000800cc070                _DNSProtocolEndpoint
                0x00000000800cc0c4                _OperatingSystem
                0x00000000800cc10c                _USBRedirectionSAP
                0x00000000800cc190                _USBRedirectionService
                0x00000000800cc214                _USBRedirectionCapabilities
                0x00000000800cc2b0                _BIOSAttribute
                0x00000000800cc2f8                _BIOSElement
                0x00000000800cc34c                _BIOSServiceCapabilities
                0x00000000800cc394                _BIOSService
                0x00000000800cc3d0                _TextRedirectionSAP
                0x00000000800cc448                _TextRedirectionService
                0x00000000800cc4cc                _LogEntry
                0x00000000800cc538                _LogManagesRecord
                0x00000000800cc55c                _RecordLog
                0x00000000800cc5bc                _StaticIPAssignmentSettingData
                0x00000000800cc610                _IPProtocolEndpoint
                0x00000000800cc6b8                _AlertIndication
                0x00000000800cc6d0                _AssignedIdentity
                0x00000000800cc6f4                _UserContact
                0x00000000800cc730                _Identity
                0x00000000800cc754                _Privilege
                0x00000000800cc7b4                _Account
                0x00000000800cc838                _ServiceAvailableToElement
                0x00000000800cc85c                _Realizes
                0x00000000800cc880                _PhysicalAssetCapabilities
                0x00000000800cc8b0                _Chassis
                0x00000000800cc94c                _RoleLimitedToTarget
                0x00000000800cc970                _Role
                0x00000000800cc9b8                _RoleBasedManagementCapabilities
                0x00000000800cca18                _RoleBasedAuthorizationService
                0x00000000800cca60                _AccountManagementCapabilities
                0x00000000800ccab4                _AccountManagementService
                0x00000000800ccb14                _Container
                0x00000000800ccb38                _Card
                0x00000000800ccbbc                _PhysicalMemory
                0x00000000800ccc64                _PhysicalPackage
                0x00000000800ccc7c                _PhysicalElement
                0x00000000800cccc4                _PhysicalFrame
                0x00000000800cccdc                _PhysicalConnector
                0x00000000800cccf4                _PhysicalComponent
                0x00000000800ccd18                _PowerSupply
                0x00000000800ccda8                _AssociatedSensor
                0x00000000800ccdcc                _Fan
                0x00000000800cce68                _NumericSensor
                0x00000000800cd018                _SoftwareIdentity
                0x00000000800cd0b4                _OwningCollectionElement
                0x00000000800cd0fc                _IndicationSubscription
                0x00000000800cd120                _FilterCollectionSubscription
                0x00000000800cd174                _MemberOfCollection
                0x00000000800cd1bc                _ListenerDestinationWSManagement
                0x00000000800cd21c                _FilterCollection
                0x00000000800cd24c                _IndicationFilter
                0x00000000800cd2b8                _IndicationServiceSettingData
                0x00000000800cd30c                _IndicationService
                0x00000000800cd390                _AssociatedPowerManagementService
                0x00000000800cd414                _SystemPackaging
                0x00000000800cd438                _ComputerSystemPackage
                0x00000000800cd468                _SystemDevice
                0x00000000800cd51c                _ServiceAffectsElement
                0x00000000800cd60c                _OrderedComponent
                0x00000000800cd63c                _ElementSettingData
                0x00000000800cd684                _ReferencedProfile
                0x00000000800cd6a8                _ElementConformsToProfile
                0x00000000800cd6cc                _HostedService
                0x00000000800cd7c8                _PowerManagementService
                0x00000000800cd81c                _BootServiceCapabilities
                0x00000000800cd864                _BootSourceSetting
                0x00000000800cd8a0                _BootConfigSetting
                0x00000000800cd8c4                _BootService
                0x00000000800cd90c                _CacheMemory
                0x00000000800cd9c0                _Memory
                0x00000000800cda74                _AssociatedCacheMemory
                0x00000000800cdae0                _Processor
                0x00000000800cdbe8                _ComputerSystem
                0x00000000800cdcfc                _ManagedElement
                0x00000000800cdd20                _RegisteredProfile
                0x00000000800cdd74                _EnabledLogicalElementCapabilities
                0x00000000800cddd4                _ElementCapabilities
                0x00000000800cdeac                Ns
                0x00000000800cdfd8                bodyelement
                0x00000000800ce0b0                inband_status
                0x00000000800ce0b4                scode
                0x00000000800ce1b3                AssociatedCooling
                0x00000000800ce1b4                NextInstance
                0x00000000800ce1b8                PowerChangeCapabilities
                0x00000000800ce1bc                request_state
                0x00000000800ce1c0                client_state
                0x00000000800ce1c4                dhcp_state
                0x00000000800ce1c8                enabled_state
                0x00000000800ce1cc                power_state
                0x00000000800ce1d0                state
                0x00000000800ce1d4                new_gateway
                0x00000000800ce1e4                new_netmask
                0x00000000800ce1f4                new_ip
                0x00000000800ce204                local_gateway
                0x00000000800ce214                local_netmask
                0x00000000800ce224                local_ip
 .data          0x00000000800ce234       0x3c obj/client_sp.o
                0x00000000800ce234                _EventAlertIndication
 .data          0x00000000800ce270        0x0 obj/tcr_sp.o
 .data          0x00000000800ce270        0x0 obj/language_sp.o
 .data          0x00000000800ce270        0x0 obj/eventlog_sp.o
 .data          0x00000000800ce270        0x0 obj/gmac_sp.o
 .data          0x00000000800ce270        0x4 obj/bsp_sp.o
                0x00000000800ce270                BSP_CPU_DEFAULT_FREQ
 .data          0x00000000800ce274        0x2 obj/sensor_sp.o
 .data          0x00000000800ce276        0x0 obj/netlib_sp.o
 .data          0x00000000800ce276        0x0 obj/x509parse_sp.o
 *fill*         0x00000000800ce276        0x2 
 .data          0x00000000800ce278        0x8 obj/lib_sp.o
                0x00000000800ce278                bsp_wait_cnt
                0x00000000800ce27c                m_LucidTimer
 .data          0x00000000800ce280        0x0 obj/arp_sp.o
 .data          0x00000000800ce280        0x0 obj/rtskt_sp.o
 .data          0x00000000800ce280        0x0 obj/ip_sp.o
 .data          0x00000000800ce280        0x0 obj/tcp_sp.o
 .data          0x00000000800ce280        0x0 obj/dhcp_sp.o
 .data          0x00000000800ce280        0x0 obj/icmp_sp.o
 .data          0x00000000800ce280       0x54 obj/usb_sp.o
                0x00000000800ce280                tip
                0x00000000800ce284                fn
 .data          0x00000000800ce2d4        0x0 obj/usb_ata_sp.o
 .data          0x00000000800ce2d4       0x4c obj/usbdesc_sp.o
                0x00000000800ce2d4                device_report_type1
 .data          0x00000000800ce320        0x0 obj/udp_sp.o
 .data          0x00000000800ce320        0x1 obj/pldm_sp.o
 .data          0x00000000800ce321        0x0 obj/usbdevice_interrupt_sp.o
 .data          0x00000000800ce321        0x0 obj/parammd_sp.o
 .data          0x00000000800ce321        0x0 obj/mmd_sp.o
 .data          0x00000000800ce321        0x0 obj/mdio_bitbang_sp.o
 .data          0x00000000800ce321        0x0 obj/testio_gpio_sp.o
 .data          0x00000000800ce321        0x0 obj/i2c_gpio_sp.o
 .data          0x00000000800ce321        0x0 obj/i2c_gpio_slave_sp.o
 .data          0x00000000800ce321        0x0 obj/init_opt.o
 *fill*         0x00000000800ce321        0x3 
 .data          0x00000000800ce324      0x114 obj/telnet_opt.o
                0x00000000800ce324                TelUnknowCMDMsg
                0x00000000800ce338                TelHelpMsg
                0x00000000800ce3b0                TelByeByeMsg
                0x00000000800ce3bc                TelLoginMsg
                0x00000000800ce40c                TelLoginSuccMsg
                0x00000000800ce424                TelPwd
                0x00000000800ce430                TelLogin
 .data          0x00000000800ce438        0x0 obj/flash_opt.o
 .data          0x00000000800ce438        0x0 obj/asf_opt.o
 .data          0x00000000800ce438       0x84 obj/genpage_opt.o
                0x00000000800ce438                pageFun
 .data          0x00000000800ce4bc      0x19c obj/post_opt.o
                0x00000000800ce4bc                settingSuccess
                0x00000000800ce4f4                IBChgIPWarrningMsg
                0x00000000800ce538                pwdError
                0x00000000800ce570                invalidParameters
                0x00000000800ce5a8                unKnownOperation
                0x00000000800ce5e0                echoDisable
                0x00000000800ce61c                echoEnable
 .data          0x00000000800ce658        0x0 obj/http_opt.o
 .data          0x00000000800ce658        0x0 obj/tls_opt.o
 .data          0x00000000800ce658      0x454 obj/htm_opt.o
 .data          0x00000000800ceaac        0x4 obj/wcom_opt.o
                0x00000000800ceaac                m_isUpdateSMBIOS
 .data          0x00000000800ceab0      0x370 obj/const.o
                0x00000000800ceab0                dpdefault
 .data          0x00000000800cee20        0x0 obj/hook.o
 *(.sdata)
 *(.lit4)
 *(.lit8)
                0x00000000800cee20                . = ALIGN (0x4)
                0x000000008206ddd4                __data_start_lma = LOADADDR (.data)
                0x00000000800cb67c                __data_start_vma = ADDR (.data)
                0x00000000000037a4                __data_size = SIZEOF (.data)

.bss            0x00000000800cee20     0x7088 load address 0x0000000082071578
                0x00000000800cee20                __bss_start = .
 *(.sbss)
 *(.bss)
 .bss           0x00000000800cee20        0x0 obj/app_sp.o
 .bss           0x00000000800cee20        0x0 obj/OOBMAC_COMMON_sp.o
 .bss           0x00000000800cee20        0x8 obj/ssh_sp.o
                0x00000000800cee20                debugssh
                0x00000000800cee24                NewSSHCli
 .bss           0x00000000800cee28      0x2fc obj/dash_sp.o
                0x00000000800cee28                _ManagedSystemElement
                0x00000000800cee34                AttrValBuf
                0x00000000800cee38                OpaqueMask
                0x00000000800cee3c                AttrValOff
                0x00000000800cee40                m_PhyMemCIM
                0x00000000800cee44                m_ChipCIM
                0x00000000800cee48                m_SlotCIM
                0x00000000800cee4c                m_ChassisCIM
                0x00000000800cee50                m_CardCIM
                0x00000000800cee54                m_SensorCIM
                0x00000000800cee58                m_fanCIM
                0x00000000800cee5c                m_OperationSysCIM
                0x00000000800cee60                m_memoryCIM
                0x00000000800cee64                m_processorCIM
                0x00000000800cee68                m_biosElement
                0x00000000800cee6c                m_biosAttr
                0x00000000800cee70                m_softId
                0x00000000800cee74                memuse
                0x00000000800cee78                change_sub
                0x00000000800cee7c                LogEnd
                0x00000000800cee80                SetDHCP
                0x00000000800cee81                SelectorEnabled
                0x00000000800cee82                SubClassProperties
                0x00000000800cee84                Method
                0x00000000800cef83                StartingBoot
                0x00000000800cef84                p_selector
                0x00000000800cf084                access_info
                0x00000000800cf104                AllClass
                0x00000000800cf108                tmp_memtail
                0x00000000800cf10c                tmp_memhead
                0x00000000800cf110                memtail
                0x00000000800cf114                memhead
 .bss           0x00000000800cf124        0x4 obj/client_sp.o
                0x00000000800cf124                EventStartOff
 .bss           0x00000000800cf128       0x10 obj/tcr_sp.o
 .bss           0x00000000800cf138        0x0 obj/language_sp.o
 .bss           0x00000000800cf138        0x0 obj/eventlog_sp.o
 .bss           0x00000000800cf138        0x8 obj/gmac_sp.o
                0x00000000800cf138                PCI_BRIDGE_WAIT
                0x00000000800cf13c                CMAC_STOP
 .bss           0x00000000800cf140       0x14 obj/bsp_sp.o
                0x00000000800cf140                usb_pcie_wt
                0x00000000800cf144                usb_pcie_rd
                0x00000000800cf148                usb_mode_wt
                0x00000000800cf14c                usb_mode_rd
 .bss           0x00000000800cf154        0x4 obj/sensor_sp.o
 .bss           0x00000000800cf158        0x0 obj/netlib_sp.o
 .bss           0x00000000800cf158        0x0 obj/x509parse_sp.o
 .bss           0x00000000800cf158       0x10 obj/lib_sp.o
                0x00000000800cf158                stop_sleep_couter
                0x00000000800cf15c                sleepControler
                0x00000000800cf160                last_notice_tick
                0x00000000800cf164                idle_times
 .bss           0x00000000800cf168        0x0 obj/arp_sp.o
 .bss           0x00000000800cf168        0x0 obj/rtskt_sp.o
 .bss           0x00000000800cf168        0x0 obj/ip_sp.o
 .bss           0x00000000800cf168        0x0 obj/tcp_sp.o
 .bss           0x00000000800cf168        0x0 obj/dhcp_sp.o
 .bss           0x00000000800cf168        0x0 obj/icmp_sp.o
 .bss           0x00000000800cf168        0xc obj/usb_sp.o
 .bss           0x00000000800cf174        0x2 obj/usb_ata_sp.o
 .bss           0x00000000800cf176        0x0 obj/usbdesc_sp.o
 .bss           0x00000000800cf176        0x0 obj/udp_sp.o
 *fill*         0x00000000800cf176        0x2 
 .bss           0x00000000800cf178       0x30 obj/pldm_sp.o
 .bss           0x00000000800cf1a8       0x18 obj/usbdevice_interrupt_sp.o
 .bss           0x00000000800cf1c0        0x0 obj/parammd_sp.o
 .bss           0x00000000800cf1c0        0x0 obj/mmd_sp.o
 .bss           0x00000000800cf1c0        0x0 obj/mdio_bitbang_sp.o
 .bss           0x00000000800cf1c0        0x0 obj/testio_gpio_sp.o
 .bss           0x00000000800cf1c0        0x0 obj/i2c_gpio_sp.o
 .bss           0x00000000800cf1c0        0x0 obj/i2c_gpio_slave_sp.o
 .bss           0x00000000800cf1c0        0x0 obj/init_opt.o
 .bss           0x00000000800cf1c0        0x6 obj/telnet_opt.o
                0x00000000800cf1c0                NewTelCli
 .bss           0x00000000800cf1c6        0x0 obj/flash_opt.o
 .bss           0x00000000800cf1c6        0x0 obj/asf_opt.o
 .bss           0x00000000800cf1c6        0x0 obj/genpage_opt.o
 .bss           0x00000000800cf1c6        0x0 obj/post_opt.o
 .bss           0x00000000800cf1c6        0x0 obj/http_opt.o
 *fill*         0x00000000800cf1c6        0x2 
 .bss           0x00000000800cf1c8        0x4 obj/tls_opt.o
 .bss           0x00000000800cf1cc        0x4 obj/htm_opt.o
                0x00000000800cf1cc                COOKIE_Idx
 .bss           0x00000000800cf1d0        0x0 obj/wcom_opt.o
 .bss           0x00000000800cf1d0        0x0 obj/const.o
 .bss           0x00000000800cf1d0        0x0 obj/hook.o
 *(.scommon)
 *(COMMON)
 COMMON         0x00000000800cf1d0     0x5a00 obj/app_sp.o
                0x00000000800cf1d0                IndicationStk
                0x00000000800cf9d0                DHCPv4Stk
                0x00000000800cfdd0                TaskSMBUSLOGStk
                0x00000000800d05d0                TaskSNRReadStk
                0x00000000800d09d0                TCPTimerStk
                0x00000000800d0fd0                TelnetSrvStk
                0x00000000800d13d0                TaskWSMANTLSStk
                0x00000000800d1dd0                TaskWSMANStk
                0x00000000800d27d0                TaskTCPStk
                0x00000000800d35d0                TaskSMBUSStk
                0x00000000800d39d0                AppTaskStartStk
                0x00000000800d3dd0                OOBResponseStk
                0x00000000800d41d0                TaskUSBStk
                0x00000000800d47d0                TaskFlashStk
 COMMON         0x00000000800d4bd0        0x4 obj/OOBMAC_COMMON_sp.o
                0x00000000800d4bd0                cpu_sr
 COMMON         0x00000000800d4bd4      0x388 obj/dash_sp.o
                0x00000000800d4bd4                m_dashPtype
                0x00000000800d4bd8                xuuid
                0x00000000800d4bf8                Role
                0x00000000800d4c78                m_processorInstance
                0x00000000800d4c8c                current_state
                0x00000000800d4c9c                m_biosAttrInstance
                0x00000000800d4cc4                m_biosEleInstance
                0x00000000800d4cd8                health_state
                0x00000000800d4ce8                currentPort
                0x00000000800d4cea                new_power
                0x00000000800d4cec                m_swIdInstance
                0x00000000800d4d50                m_ChipInstance
                0x00000000800d4d64                m_CardInstance
                0x00000000800d4d78                ResultRole
                0x00000000800d4df8                m_ChassisInstance
                0x00000000800d4e0c                to
                0x00000000800d4e10                m_SlotInstance
                0x00000000800d4e38                m_sensorInstance
                0x00000000800d4e4c                m_memInstance
                0x00000000800d4e60                sk
                0x00000000800d4e64                bind_port
                0x00000000800d4e68                m_PhyMemInstance
                0x00000000800d4e90                privilege
                0x00000000800d4eb0                boot_seq
                0x00000000800d4ec0                ResourceURI
                0x00000000800d4f40                PLDMptr
                0x00000000800d4f44                OpaqueBuf
                0x00000000800d4f48                m_fanInstance
 COMMON         0x00000000800d4f5c       0x70 obj/client_sp.o
                0x00000000800d4f5c                EData
                0x00000000800d4f60                dest
                0x00000000800d4f70                c_subhead
                0x00000000800d4f74                source
                0x00000000800d4f84                uri
                0x00000000800d4fc4                buf
                0x00000000800d4fc8                port
 COMMON         0x00000000800d4fcc       0xc8 obj/language_sp.o
                0x00000000800d4fcc                s_eventLog
                0x00000000800d4fd0                s_matchCondition_f
                0x00000000800d4fd4                s_startxxx_f
                0x00000000800d4fd8                s_gigaEthControl
                0x00000000800d4fdc                s_opSystem
                0x00000000800d4fe0                s_dashtech
                0x00000000800d4fe4                s_about_f
                0x00000000800d4fe8                s_networkSetting
                0x00000000800d4fec                s_opSystem_f
                0x00000000800d4ff0                s_serviceSetting_f
                0x00000000800d4ff4                s_matchCondition
                0x00000000800d4ff8                s_fan
                0x00000000800d4ffc                s_mailAccount
                0x00000000800d5000                s_realtek
                0x00000000800d5004                s_eventLog_f
                0x00000000800d5008                s_asset
                0x00000000800d500c                s_bios_f
                0x00000000800d5010                s_realtek_f
                0x00000000800d5014                s_sensorstring_f
                0x00000000800d5018                s_startxxx
                0x00000000800d501c                s_memDevice_f
                0x00000000800d5020                s_cpu_f
                0x00000000800d5024                s_about
                0x00000000800d5028                s_realtekCop_f
                0x00000000800d502c                s_memDevice
                0x00000000800d5030                s_asset_f
                0x00000000800d5034                s_welcome_f
                0x00000000800d5038                s_dashtech_f
                0x00000000800d503c                s_welstr_f
                0x00000000800d5040                s_computerSys_f
                0x00000000800d5044                s_networkSetting_f
                0x00000000800d5048                s_mailWakeup
                0x00000000800d504c                s_mailWakeup_f
                0x00000000800d5050                s_softwIdentity
                0x00000000800d5054                s_cpu
                0x00000000800d5058                s_systemInfo_f
                0x00000000800d505c                s_sensorstring
                0x00000000800d5060                s_remoteControl
                0x00000000800d5064                s_gigaEthControl_f
                0x00000000800d5068                s_welcome
                0x00000000800d506c                s_mailAccount_f
                0x00000000800d5070                s_bios
                0x00000000800d5074                s_serviceSetting
                0x00000000800d5078                s_systemInfo
                0x00000000800d507c                s_welstr
                0x00000000800d5080                s_computerSys
                0x00000000800d5084                s_realtekCop
                0x00000000800d5088                s_fan_f
                0x00000000800d508c                s_remoteControl_f
                0x00000000800d5090                s_softwIdentity_f
 COMMON         0x00000000800d5094        0xc obj/gmac_sp.o
                0x00000000800d5094                RISC_ACC_STATUS
                0x00000000800d5098                RISC_ACC_BYTEEN
                0x00000000800d509c                RISC_RW_SEL
 COMMON         0x00000000800d50a0       0xc0 obj/bsp_sp.o
                0x00000000800d50a0                TCRMsg
                0x00000000800d5120                USBMsg
 COMMON         0x00000000800d5160       0x7c obj/lib_sp.o
                0x00000000800d5160                mLanguageType
                0x00000000800d5164                dirty_ext
 COMMON         0x00000000800d51dc        0xc obj/usb_sp.o
                0x00000000800d51dc                usbSrv
                0x00000000800d51e0                USBQ
                0x00000000800d51e4                USBTxSem
 COMMON         0x00000000800d51e8        0x9 obj/usb_ata_sp.o
                0x00000000800d51e8                lcErr
                0x00000000800d51ec                usbcs
                0x00000000800d51f0                lc
 *fill*         0x00000000800d51f1        0x3 
 COMMON         0x00000000800d51f4      0x120 obj/usbdesc_sp.o
                0x00000000800d51f4                usbcb
 COMMON         0x00000000800d5314        0x4 obj/mmd_sp.o
                0x00000000800d5314                Freq_MMD
 COMMON         0x00000000800d5318        0x4 obj/testio_gpio_sp.o
                0x00000000800d5318                Freq_TESTIO
 COMMON         0x00000000800d531c      0xa04 obj/telnet_opt.o
                0x00000000800d531c                uInfo
                0x00000000800d5320                TelnetClientStk
 COMMON         0x00000000800d5d20        0x4 obj/flash_opt.o
                0x00000000800d5d20                m_whocallSMBIOS
 COMMON         0x00000000800d5d24        0x4 obj/asf_opt.o
                0x00000000800d5d24                asfconfig
 COMMON         0x00000000800d5d28      0x16c obj/http_opt.o
                0x00000000800d5d28                m_httpAuthcredential
                0x00000000800d5e90                WebSem
 COMMON         0x00000000800d5e94        0xc obj/htm_opt.o
                0x00000000800d5e94                COOKIE_ID
 COMMON         0x00000000800d5ea0        0x8 obj/wcom_opt.o
                0x00000000800d5ea0                m_CalChksum
                0x00000000800d5ea4                m_ShouldChksum
 COMMON         0x00000000800d5ea8        0x0 obj/const.o
                0x00000000800d5ea8                . = ALIGN (0x4)
                0x00000000800d5ea8                __bss_end = .

.eh_frame
 *(.eh_frame)

.rel.dyn        0x0000000000000000        0x0
 *(.rel.dyn)
 .rel.dyn       0x0000000000000000        0x0 obj/ssh_sp.o

.stab
 *(.stab)

.stabstr
 *(.stabstr)

.stab.excl
 *(.stab.excl)

.stab.exclstr
 *(.stab.exclstr)

.stab.index
 *(.stab.index)

.stab.indexstr
 *(.stab.indexstr)

.comment        0x0000000000000000       0x41
 *(.comment)
 .comment       0x0000000000000000       0x41 obj/app_sp.o
                                         0x42 (size before relaxing)
 .comment       0x0000000000000000       0x42 obj/OOBMAC_COMMON_sp.o
 .comment       0x0000000000000000       0x42 obj/ssh_sp.o
 .comment       0x0000000000000000       0x42 obj/dash_sp.o
 .comment       0x0000000000000000       0x42 obj/client_sp.o
 .comment       0x0000000000000000       0x42 obj/tcr_sp.o
 .comment       0x0000000000000000       0x42 obj/language_sp.o
 .comment       0x0000000000000000       0x42 obj/eventlog_sp.o
 .comment       0x0000000000000000       0x42 obj/gmac_sp.o
 .comment       0x0000000000000000       0x42 obj/bsp_sp.o
 .comment       0x0000000000000000       0x42 obj/sensor_sp.o
 .comment       0x0000000000000000       0x42 obj/netlib_sp.o
 .comment       0x0000000000000000       0x42 obj/x509parse_sp.o
 .comment       0x0000000000000000       0x42 obj/lib_sp.o
 .comment       0x0000000000000000       0x42 obj/arp_sp.o
 .comment       0x0000000000000000       0x42 obj/rtskt_sp.o
 .comment       0x0000000000000000       0x42 obj/ip_sp.o
 .comment       0x0000000000000000       0x42 obj/tcp_sp.o
 .comment       0x0000000000000000       0x42 obj/dhcp_sp.o
 .comment       0x0000000000000000       0x42 obj/icmp_sp.o
 .comment       0x0000000000000000       0x42 obj/usb_sp.o
 .comment       0x0000000000000000       0x42 obj/usb_ata_sp.o
 .comment       0x0000000000000000       0x42 obj/usbdesc_sp.o
 .comment       0x0000000000000000       0x42 obj/udp_sp.o
 .comment       0x0000000000000000       0x42 obj/pldm_sp.o
 .comment       0x0000000000000000       0x42 obj/usbdevice_interrupt_sp.o
 .comment       0x0000000000000000       0x42 obj/parammd_sp.o
 .comment       0x0000000000000000       0x42 obj/mmd_sp.o
 .comment       0x0000000000000000       0x42 obj/mdio_bitbang_sp.o
 .comment       0x0000000000000000       0x42 obj/testio_gpio_sp.o
 .comment       0x0000000000000000       0x42 obj/i2c_gpio_sp.o
 .comment       0x0000000000000000       0x42 obj/i2c_gpio_slave_sp.o
 .comment       0x0000000000000000       0x42 obj/init_opt.o
 .comment       0x0000000000000000       0x42 obj/telnet_opt.o
 .comment       0x0000000000000000       0x42 obj/flash_opt.o
 .comment       0x0000000000000000       0x42 obj/asf_opt.o
 .comment       0x0000000000000000       0x42 obj/genpage_opt.o
 .comment       0x0000000000000000       0x42 obj/post_opt.o
 .comment       0x0000000000000000       0x42 obj/http_opt.o
 .comment       0x0000000000000000       0x42 obj/tls_opt.o
 .comment       0x0000000000000000       0x42 obj/htm_opt.o
 .comment       0x0000000000000000       0x42 obj/wcom_opt.o
 .comment       0x0000000000000000       0x42 obj/const.o
 .comment       0x0000000000000000       0x42 obj/hook.o

.reginfo        0x0000000000000000       0x18
 .reginfo       0x0000000000000000       0x18 obj/app_sp.o

.pdr            0x0000000000000000     0x47c0
 .pdr           0x0000000000000000       0xc0 obj/app_sp.o
 .pdr           0x00000000000000c0      0x120 obj/OOBMAC_COMMON_sp.o
 .pdr           0x00000000000001e0      0x380 obj/ssh_sp.o
 .pdr           0x0000000000000560     0x1180 obj/dash_sp.o
 .pdr           0x00000000000016e0      0x180 obj/client_sp.o
 .pdr           0x0000000000001860       0xe0 obj/tcr_sp.o
 .pdr           0x0000000000001940       0x60 obj/language_sp.o
 .pdr           0x00000000000019a0       0x20 obj/eventlog_sp.o
 .pdr           0x00000000000019c0       0x40 obj/gmac_sp.o
 .pdr           0x0000000000001a00      0x1e0 obj/bsp_sp.o
 .pdr           0x0000000000001be0       0x80 obj/sensor_sp.o
 .pdr           0x0000000000001c60        0x0 obj/netlib_sp.o
 .pdr           0x0000000000001c60      0x2c0 obj/x509parse_sp.o
 .pdr           0x0000000000001f20      0x160 obj/lib_sp.o
 .pdr           0x0000000000002080       0x20 obj/arp_sp.o
 .pdr           0x00000000000020a0      0x140 obj/rtskt_sp.o
 .pdr           0x00000000000021e0       0x20 obj/ip_sp.o
 .pdr           0x0000000000002200      0x200 obj/tcp_sp.o
 .pdr           0x0000000000002400        0x0 obj/dhcp_sp.o
 .pdr           0x0000000000002400      0x140 obj/icmp_sp.o
 .pdr           0x0000000000002540      0x160 obj/usb_sp.o
 .pdr           0x00000000000026a0       0xa0 obj/usb_ata_sp.o
 .pdr           0x0000000000002740       0x20 obj/usbdesc_sp.o
 .pdr           0x0000000000002760        0x0 obj/udp_sp.o
 .pdr           0x0000000000002760      0x240 obj/pldm_sp.o
 .pdr           0x00000000000029a0      0x360 obj/usbdevice_interrupt_sp.o
 .pdr           0x0000000000002d00        0x0 obj/parammd_sp.o
 .pdr           0x0000000000002d00      0x1e0 obj/mmd_sp.o
 .pdr           0x0000000000002ee0      0x180 obj/mdio_bitbang_sp.o
 .pdr           0x0000000000003060      0x400 obj/testio_gpio_sp.o
 .pdr           0x0000000000003460      0x220 obj/i2c_gpio_sp.o
 .pdr           0x0000000000003680      0x100 obj/i2c_gpio_slave_sp.o
 .pdr           0x0000000000003780       0x60 obj/init_opt.o
 .pdr           0x00000000000037e0      0x2a0 obj/telnet_opt.o
 .pdr           0x0000000000003a80       0x40 obj/flash_opt.o
 .pdr           0x0000000000003ac0       0x80 obj/asf_opt.o
 .pdr           0x0000000000003b40      0x1e0 obj/genpage_opt.o
 .pdr           0x0000000000003d20      0x120 obj/post_opt.o
 .pdr           0x0000000000003e40      0x220 obj/http_opt.o
 .pdr           0x0000000000004060      0x360 obj/tls_opt.o
 .pdr           0x00000000000043c0      0x3c0 obj/htm_opt.o
 .pdr           0x0000000000004780       0x40 obj/wcom_opt.o
 .pdr           0x00000000000047c0        0x0 obj/const.o
 .pdr           0x00000000000047c0        0x0 obj/hook.o

.gnu.attributes
                0x0000000000000000       0x10
 .gnu.attributes
                0x0000000000000000       0x10 obj/app_sp.o
 .gnu.attributes
                0x0000000000000010       0x10 obj/OOBMAC_COMMON_sp.o
 .gnu.attributes
                0x0000000000000020       0x10 obj/ssh_sp.o
 .gnu.attributes
                0x0000000000000030       0x10 obj/dash_sp.o
 .gnu.attributes
                0x0000000000000040       0x10 obj/client_sp.o
 .gnu.attributes
                0x0000000000000050       0x10 obj/tcr_sp.o
 .gnu.attributes
                0x0000000000000060       0x10 obj/language_sp.o
 .gnu.attributes
                0x0000000000000070       0x10 obj/eventlog_sp.o
 .gnu.attributes
                0x0000000000000080       0x10 obj/gmac_sp.o
 .gnu.attributes
                0x0000000000000090       0x10 obj/bsp_sp.o
 .gnu.attributes
                0x00000000000000a0       0x10 obj/sensor_sp.o
 .gnu.attributes
                0x00000000000000b0       0x10 obj/netlib_sp.o
 .gnu.attributes
                0x00000000000000c0       0x10 obj/x509parse_sp.o
 .gnu.attributes
                0x00000000000000d0       0x10 obj/lib_sp.o
 .gnu.attributes
                0x00000000000000e0       0x10 obj/arp_sp.o
 .gnu.attributes
                0x00000000000000f0       0x10 obj/rtskt_sp.o
 .gnu.attributes
                0x0000000000000100       0x10 obj/ip_sp.o
 .gnu.attributes
                0x0000000000000110       0x10 obj/tcp_sp.o
 .gnu.attributes
                0x0000000000000120       0x10 obj/dhcp_sp.o
 .gnu.attributes
                0x0000000000000130       0x10 obj/icmp_sp.o
 .gnu.attributes
                0x0000000000000140       0x10 obj/usb_sp.o
 .gnu.attributes
                0x0000000000000150       0x10 obj/usb_ata_sp.o
 .gnu.attributes
                0x0000000000000160       0x10 obj/usbdesc_sp.o
 .gnu.attributes
                0x0000000000000170       0x10 obj/udp_sp.o
 .gnu.attributes
                0x0000000000000180       0x10 obj/pldm_sp.o
 .gnu.attributes
                0x0000000000000190       0x10 obj/usbdevice_interrupt_sp.o
 .gnu.attributes
                0x00000000000001a0       0x10 obj/parammd_sp.o
 .gnu.attributes
                0x00000000000001b0       0x10 obj/mmd_sp.o
 .gnu.attributes
                0x00000000000001c0       0x10 obj/mdio_bitbang_sp.o
 .gnu.attributes
                0x00000000000001d0       0x10 obj/testio_gpio_sp.o
 .gnu.attributes
                0x00000000000001e0       0x10 obj/i2c_gpio_sp.o
 .gnu.attributes
                0x00000000000001f0       0x10 obj/i2c_gpio_slave_sp.o
 .gnu.attributes
                0x0000000000000200       0x10 obj/init_opt.o
 .gnu.attributes
                0x0000000000000210       0x10 obj/telnet_opt.o
 .gnu.attributes
                0x0000000000000220       0x10 obj/flash_opt.o
 .gnu.attributes
                0x0000000000000230       0x10 obj/asf_opt.o
 .gnu.attributes
                0x0000000000000240       0x10 obj/genpage_opt.o
 .gnu.attributes
                0x0000000000000250       0x10 obj/post_opt.o
 .gnu.attributes
                0x0000000000000260       0x10 obj/http_opt.o
 .gnu.attributes
                0x0000000000000270       0x10 obj/tls_opt.o
 .gnu.attributes
                0x0000000000000280       0x10 obj/htm_opt.o
 .gnu.attributes
                0x0000000000000290       0x10 obj/wcom_opt.o