
Allocating common symbols
Common symbol       size              file

IndicationStk       0x800             obj/app_sp.o
EData               0x4               obj/client_sp.o
m_dashPtype         0x2               obj/dash_sp.o
lcErr               0x1               obj/usb_ata_sp.o
mLanguageType       0x4               obj/lib_sp.o
dest                0x10              obj/client_sp.o
s_eventLog          0x4               obj/language_sp.o
s_matchCondition_f  0x4               obj/language_sp.o
s_startxxx_f        0x4               obj/language_sp.o
xuuid               0x20              obj/dash_sp.o
s_gigaEthControl    0x4               obj/language_sp.o
usbcs               0x4               obj/usb_ata_sp.o
dirty_ext           0x78              obj/lib_sp.o
RISC_ACC_STATUS     0x4               obj/gmac_sp.o
s_opSystem          0x4               obj/language_sp.o
s_dashtech          0x4               obj/language_sp.o
s_about_f           0x4               obj/language_sp.o
usbSrv              0x4               obj/usb_sp.o
Role                0x80              obj/dash_sp.o
s_networkSetting    0x4               obj/language_sp.o
DHCPv4Stk           0x400             obj/app_sp.o
Freq_MMD            0x4               obj/mmd_sp.o
m_CalChksum         0x4               obj/wcom_opt.o
m_processorInstance
                    0x14              obj/dash_sp.o
Freq_TESTIO         0x4               obj/testio_gpio_sp.o
current_state       0x10              obj/dash_sp.o
c_subhead           0x4               obj/client_sp.o
s_opSystem_f        0x4               obj/language_sp.o
m_biosAttrInstance  0x28              obj/dash_sp.o
s_serviceSetting_f  0x4               obj/language_sp.o
s_matchCondition    0x4               obj/language_sp.o
TaskSMBUSLOGStk     0x800             obj/app_sp.o
s_fan               0x4               obj/language_sp.o
m_biosEleInstance   0x14              obj/dash_sp.o
health_state        0x10              obj/dash_sp.o
s_mailAccount       0x4               obj/language_sp.o
USBQ                0x4               obj/usb_sp.o
s_realtek           0x4               obj/language_sp.o
TaskSNRReadStk      0x400             obj/app_sp.o
currentPort         0x2               obj/dash_sp.o
new_power           0x2               obj/dash_sp.o
s_eventLog_f        0x4               obj/language_sp.o
cpu_sr              0x4               obj/OOBMAC_COMMON_sp.o
s_asset             0x4               obj/language_sp.o
s_bios_f            0x4               obj/language_sp.o
s_realtek_f         0x4               obj/language_sp.o
TCPTimerStk         0x600             obj/app_sp.o
s_sensorstring_f    0x4               obj/language_sp.o
TelnetSrvStk        0x400             obj/app_sp.o
s_startxxx          0x4               obj/language_sp.o
TCRMsg              0x80              obj/bsp_sp.o
s_memDevice_f       0x4               obj/language_sp.o
m_swIdInstance      0x64              obj/dash_sp.o
m_ChipInstance      0x14              obj/dash_sp.o
s_cpu_f             0x4               obj/language_sp.o
s_about             0x4               obj/language_sp.o
s_realtekCop_f      0x4               obj/language_sp.o
TaskWSMANTLSStk     0xa00             obj/app_sp.o
m_CardInstance      0x14              obj/dash_sp.o
s_memDevice         0x4               obj/language_sp.o
source              0x10              obj/client_sp.o
s_asset_f           0x4               obj/language_sp.o
ResultRole          0x80              obj/dash_sp.o
s_welcome_f         0x4               obj/language_sp.o
s_dashtech_f        0x4               obj/language_sp.o
m_ChassisInstance   0x14              obj/dash_sp.o
read_data           0x80              obj/i2c_gpio_master_sp.o
USBTxSem            0x4               obj/usb_sp.o
m_httpAuthcredential
                    0x168             obj/http_opt.o
s_welstr_f          0x4               obj/language_sp.o
to                  0x4               obj/dash_sp.o
m_SlotInstance      0x28              obj/dash_sp.o
m_sensorInstance    0x14              obj/dash_sp.o
s_computerSys_f     0x4               obj/language_sp.o
m_memInstance       0x14              obj/dash_sp.o
sk                  0x4               obj/dash_sp.o
RISC_ACC_BYTEEN     0x4               obj/gmac_sp.o
RISC_RW_SEL         0x4               obj/gmac_sp.o
bind_port           0x4               obj/dash_sp.o
uri                 0x40              obj/client_sp.o
TaskWSMANStk        0xa00             obj/app_sp.o
s_networkSetting_f  0x4               obj/language_sp.o
s_mailWakeup        0x4               obj/language_sp.o
m_PhyMemInstance    0x28              obj/dash_sp.o
privilege           0x20              obj/dash_sp.o
boot_seq            0x10              obj/dash_sp.o
TaskTCPStk          0xe00             obj/app_sp.o
s_mailWakeup_f      0x4               obj/language_sp.o
m_ShouldChksum      0x4               obj/wcom_opt.o
TaskSMBUSStk        0x400             obj/app_sp.o
[...]
Memory Configuration

Name             Origin             Length             Attributes
sram             0x00000000800c0000 0x0000000000026c00
boot             0x000000009fc00000 0x0000000000004000
flash            0x0000000082030000 0x00000000000c0000
conf             0x0000000082020000 0x0000000000010000
wake             0x0000000082022000 0x0000000000002000
ddrdata          0x0000000088800000 0x0000000000400000
ddrcode          0x0000000088c00000 0x0000000000400000
VGA_ROM          0x0000000082000000 0x0000000000005000
VGA_DDR          0x0000000088000000 0x0000000000800000
language_en      0x00000000820f0000 0x0000000000008000
language_2       0x00000000820f8000 0x0000000000008000
irom             0x0000000000000000 0xffffffffffffffff
imem0            0x0000000000000000 0xffffffffffffffff
ddr              0x0000000000000000 0xffffffffffffffff
*default*        0x0000000000000000 0xffffffffffffffff

Linker script and memory map

LOAD obj/app_sp.o
LOAD obj/OOBMAC_COMMON_sp.o
LOAD obj/ssh_sp.o
LOAD obj/dash_sp.o
LOAD obj/client_sp.o
LOAD obj/tcr_sp.o
LOAD obj/language_sp.o
LOAD obj/eventlog_sp.o
LOAD obj/gmac_sp.o
LOAD obj/bsp_sp.o
LOAD obj/sensor_sp.o
LOAD obj/netlib_sp.o
LOAD obj/x509parse_sp.o
LOAD obj/lib_sp.o
LOAD obj/arp_sp.o
LOAD obj/rtskt_sp.o
LOAD obj/ip_sp.o
LOAD obj/tcp_sp.o
LOAD obj/dhcp_sp.o
LOAD obj/icmp_sp.o
LOAD obj/usb_sp.o
LOAD obj/usb_ata_sp.o
LOAD obj/usbdesc_sp.o
LOAD obj/udp_sp.o
LOAD obj/pldm_sp.o
LOAD obj/usbdevice_interrupt_sp.o
LOAD obj/parammd_sp.o
LOAD obj/mmd_sp.o
LOAD obj/mdio_bitbang_sp.o
LOAD obj/testio_gpio_sp.o
LOAD obj/i2c_gpio_sp.o
LOAD obj/i2c_gpio_master_sp.o
LOAD obj/init_opt.o
LOAD obj/telnet_opt.o
LOAD obj/flash_opt.o
LOAD obj/asf_opt.o
LOAD obj/genpage_opt.o
LOAD obj/post_opt.o
LOAD obj/http_opt.o
LOAD obj/tls_opt.o
LOAD obj/htm_opt.o
LOAD obj/wcom_opt.o
LOAD obj/const.o
LOAD obj/hook.o

.conf           0x0000000082020000     0x2000
 *(.conf)
 .conf          0x0000000082020000     0x2000 obj/const.o
                0x0000000082020000                dpstart
                0x000000008202008c                padc
                0x0000000082021000                dpset
                0x0000000082021370                pad

.wake
 *(.wake)

.boot
 *(.boot)

.language_en    0x00000000820f0000      0x174
 *(.language_en)
 .language_en   0x00000000820f0000      0x174 obj/language_sp.o
                0x00000000820f0000                s_startxxx_en
                0x00000000820f0004                s_dashtech_en
                0x00000000820f001c                s_computerSys_en
                0x00000000820f002c                s_opSystem_en
                0x00000000820f0040                s_softwIdentity_en
                0x00000000820f0054                s_systemInfo_en
                0x00000000820f0068                s_bios_en
                0x00000000820f0070                s_cpu_en
                0x00000000820f0074                s_memDevice_en
                0x00000000820f0084                s_fan_en
                0x00000000820f0088                s_sensorstring_en
                0x00000000820f0090                s_asset_en
                0x00000000820f0098                s_remoteControl_en
                0x00000000820f00a8                s_eventLog_en
                0x00000000820f00b4                s_networkSetting_en
                0x00000000820f00c4                s_serviceSetting_en
                0x00000000820f00d4                s_mailWakeup_en
                0x00000000820f00e4                s_mailAccount_en
                0x00000000820f00f4                s_matchCondition_en
                0x00000000820f0104                s_about_en
                0x00000000820f010c                s_realtek_en
                0x00000000820f0114                s_welcome_en
                0x00000000820f011c                s_welstr_en
                0x00000000820f013c                s_gigaEthControl_en
                0x00000000820f0158                s_realtekCop_en

.language_2     0x00000000820f8000      0x3d0
 *(.language_2)
 .language_2    0x00000000820f8000      0x3d0 obj/language_sp.o
                0x00000000820f8000                s_startxxx_2
                0x00000000820f8018                s_dashtech_2
                0x00000000820f8048                s_computerSys_2
                0x00000000820f8070                s_opSystem_2
                0x00000000820f8098                s_softwIdentity_2
                0x00000000820f80c4                s_systemInfo_2
                0x00000000820f80f0                s_bios_2
                0x00000000820f8108                s_cpu_2
                0x00000000820f8120                s_memDevice_2
                0x00000000820f8148                s_fan_2
                0x00000000820f8160                s_sensorstring_2
                0x00000000820f817c                s_asset_2
                0x00000000820f8198                s_remoteControl_2
                0x00000000820f81c4                s_eventLog_2
                0x00000000820f81e8                s_networkSetting_2
                0x00000000820f8218                s_serviceSetting_2
                0x00000000820f8248                s_mailWakeup_2
                0x00000000820f8270                s_mailAccount_2
                0x00000000820f8298                s_matchCondition_2
                0x00000000820f82c8                s_about_2
                0x00000000820f82e4                s_realtek_2
                0x00000000820f8300                s_welcome_2
                0x00000000820f831c                s_welstr_2
                0x00000000820f835c                s_gigaEthControl_2
                0x00000000820f8398                s_realtekCop_2

.imem0
 *(.trap_handler)

.init           0x0000000082030000      0x178
 obj/init*.o(*.text)
 .text          0x0000000082030000      0x178 obj/init_opt.o
                0x0000000082030000                c_init
                0x0000000082030080                init_NIC_SD
                0x00000000820300e0                init_testItem_SD
 *(.init)

.sram           0x00000000800c0000     0xbb48 load address 0x0000000082030178
 obj/8168h*.o(.text)
 obj/vga*.o(.text)
 obj/vnc*.o(.text)
 obj/des*.o(.text)
 obj/smbus*.o(.text)
 obj/telnet*.o(.text)
 .text          0x00000000800c0000     0x1cc8 obj/telnet_opt.o
                0x00000000800c0000                sendUSBPkt_F
                0x00000000800c02a4                USBClientTask
                0x00000000800c062c                FREQ
                0x00000000800c0664                USBSrvTask
                0x00000000800c0718                flushTelnetSendBuffer
                0x00000000800c08dc                sendNVTOpt
                0x00000000800c094c                sendNVTSubOpt
                0x00000000800c09c8                sendTelnetData
                0x00000000800c0b20                putCMDBuf
                0x00000000800c0b50                putSendBuf
                0x00000000800c0ba4                parseCmdBufffer
                0x00000000800c0fec                sendShellTag
                0x00000000800c106c                getShellCmd
                0x00000000800c1294                negoNVTCTLWill
                0x00000000800c1368                negoNVTCTLWont
                0x00000000800c1370                negoNVTCTLDo
                0x00000000800c141c                negoNVTCTLDont
                0x00000000800c1424                negoNVTCTLSB
                0x00000000800c1670                parseNVTOpt
                0x00000000800c16cc                negoTelnetOpt
                0x00000000800c17e8                telnetConsole
 obj/usb*.o(.text)
 .text          0x00000000800c1cc8      0x86c obj/usb_sp.o
                0x00000000800c1cc9                usb_config_init
                0x00000000800c1d69                USBDataWebGet
                0x00000000800c1e15                getDiskSize
                0x00000000800c1e79                getWebData
                0x00000000800c1f41                getType
                0x00000000800c2061                getMBR
                0x00000000800c219d                sendUSBPkt
                0x00000000800c230d                handle_ep_complete
                0x00000000800c234d                USBQHandle
                0x00000000800c2415                stopUSB
                0x00000000800c24fd                wait_AHB_idle
 .text          0x00000000800c2534      0x1fc obj/usb_ata_sp.o
                0x00000000800c2535                FWupdate_Parsing
                0x00000000800c25e1                CMD_Parsing
                0x00000000800c2685                ata_cbw
                0x00000000800c26bd                ata_csw
                0x00000000800c272d                IsValidCBW
 .text          0x00000000800c2730      0x188 obj/usbdesc_sp.o
                0x00000000800c2731                usb_desc_init
 .text          0x00000000800c28b8     0x1340 obj/usbdevice_interrupt_sp.o
                0x00000000800c28ed                otg_usb_enabled
                0x00000000800c2929                otg_usb_disabled
                0x00000000800c296d                device_int_suspend
                0x00000000800c2995                device_int_resume
                0x00000000800c29ad                core_reset
                0x00000000800c2a21                Rd_UPHY
                0x00000000800c2aa1                Wt_UPHY
                0x00000000800c2b2d                dwc_otg_flush_tx_fifo
                0x00000000800c2b79                dwc_otg_flush_rx_fifo
                0x00000000800c2bad                usb_dev_init
                0x00000000800c2db5                otg_usb_init
                0x00000000800c2e49                ep0_out_start
                0x00000000800c2eb9                usb_dev_reset
                0x00000000800c2fc5                set_usb_hs
                0x00000000800c2ff5                set_usb_fs
                0x00000000800c3021                device_int_enum_done
                0x00000000800c30f9                dwc_otg_ep0_start_transfer
                0x00000000800c3169                dwc_otg_ep_start_transfer
                0x00000000800c32cd                dwc_otg_ep_activate
                0x00000000800c33a5                ep_set_stall
                0x00000000800c3411                ep_clear_stall
                0x00000000800c3461                setup_phase
                0x00000000800c3871                handle_ep0
                0x00000000800c38b9                device_int_out_ep
                0x00000000800c3a01                device_int_in_ep
                0x00000000800c3ad1                bsp_usb_handler
 obj/ssh*.o(.text)
 .text          0x00000000800c3bf8     0x1fb0 obj/ssh_sp.o
                0x00000000800c3c79                buf_init
                0x00000000800c3c9d                buf_clear
                0x00000000800c3cad                buf_new
                0x00000000800c3cd1                buf_free
                0x00000000800c3ced                setInt
                0x00000000800c3f49                rsa_pkcs1_sign_sechash
                0x00000000800c40ad                sendSrvSSHPtlVerExMsg
                0x00000000800c4119                SSHFree
                0x00000000800c41c9                genrandom
                0x00000000800c447d                srvKeyExInit
                0x00000000800c4645                SSHInit
                0x00000000800c4829                sshEncodeData
                0x00000000800c483d                sshEncodeBanner
                0x00000000800c4851                send_msg_channel_close
                0x00000000800c48c5                channelRequest
                0x00000000800c57d1                recv_unimplemented
                0x00000000800c57d5                sshrx
                0x00000000800c5ab9                sshClient
                0x00000000800c5af5                sshSrv
 obj/client*.o(.text)
 .text          0x00000000800c5ba8      0xb84 obj/client_sp.o
                0x00000000800c5ba9                c_insertlen
                0x00000000800c5c0d                c_sendpacket
                0x00000000800c5c69                c_new_send_list
                0x00000000800c5ca1                parser_subinfo
                0x00000000800c5d85                send_heartbeat
                0x00000000800c5fb1                EgenXML
                0x00000000800c605d                send_event
                0x00000000800c628d                ReleaseEvent
                0x00000000800c62bd                EventDefaultInstance
                0x00000000800c635d                c_subscribe
                0x00000000800c638d                ReleaseSub
                0x00000000800c63c1                clientTask1
 obj/icmp*.o(.text)
 .text          0x00000000800c672c      0xa0c obj/icmp_sp.o
                0x00000000800c672d                icmpInput_debug
                0x00000000800c684d                routerAdvertise
                0x00000000800c6941                icmpv6EchoReply
                0x00000000800c6a89                icmpv6Solicitation
                0x00000000800c6bf5                getLinkLocalEUIAddr
                0x00000000800c6c61                chkLinkLocalEUIAddr
                0x00000000800c6cb1                icmpv6Advertisement
                0x00000000800c6d75                icmpv6Input
                0x00000000800c6e2d                neighborSolicite
                0x00000000800c6fe1                routerSolicite
 obj/udp*.o(.text)
 .text          0x00000000800c7138        0x0 obj/udp_sp.o
 obj/snmp*.o(.text)
 *(.sram)
 .sram          0x00000000800c7138      0x2a4 obj/bsp_sp.o
                0x00000000800c7181                bsp_timer_init
                0x00000000800c7265                bsp_setup
 .sram          0x00000000800c73dc      0x244 obj/lib_sp.o
                0x00000000800c73dd                setupPatchFun
 .sram          0x00000000800c7620      0x5e4 obj/rtskt_sp.o
                0x00000000800c7621                rtSktAccept
                0x00000000800c76e1                rtSktUDPSendTo
                0x00000000800c7999                getUDPAddressInfo
                0x00000000800c79e9                rtSktConnect
 .sram          0x00000000800c7c04     0x1050 obj/tcp_sp.o
                0x00000000800c7c05                tcpProcess
                0x00000000800c8111                tcpRxInput
                0x00000000800c82c5                addTcpHeader
                0x00000000800c8605                tcpDequeue
                0x00000000800c86a9                tcpPeriodChk
                0x00000000800c87a1                tcpInput
                0x00000000800c8a5d                tcpTimerTask
 .sram          0x00000000800c8c54      0x220 obj/pldm_sp.o
                0x00000000800c8c55                bsp_pldm_set
 .sram          0x00000000800c8e74      0x210 obj/asf_opt.o
                0x00000000800c8e74                bsp_load_asf_default
 obj/parammd*.o(.text)
 .text          0x00000000800c9084        0x0 obj/parammd_sp.o
 obj/mmd*.o(.text)
 .text          0x00000000800c9084      0xc7c obj/mmd_sp.o
                0x00000000800c9085                OCD_Write
                0x00000000800c9165                OCD_Read
                0x00000000800c923d                Direct_Write
                0x00000000800c9279                Direct_Read
                0x00000000800c92b5                Direct_post_Read
                0x00000000800c92f1                EFUSE_read
                0x00000000800c937d                EFUSE_write
                0x00000000800c9409                GPHY_read
                0x00000000800c9479                GPHY_write
                0x00000000800c951d                EPHY_read
                0x00000000800c958d                EPHY_write
                0x00000000800c9631                MMD_Processing
                0x00000000800c9b61                MMD_Parsing
                0x00000000800c9c49                MMD_Init
                0x00000000800c9c69                MMD_Test_Task
 obj/mdio_bitbang*.o(.text)
 .text          0x00000000800c9d00      0x46c obj/mdio_bitbang_sp.o
                0x00000000800c9d01                check_test_timer
                0x00000000800c9d25                get_timer
                0x00000000800c9d49                wr_ndelay
                0x00000000800c9ea9                rd_ndelay
                0x00000000800c9fc1                mdiobb_read
                0x00000000800ca059                mdiobb_post_read
                0x00000000800ca0f1                mdiobb_write
 obj/testio_gpio*.o(.text)
 .text          0x00000000800ca16c      0xb8c obj/testio_gpio_sp.o
                0x00000000800ca16d                Testio_Gpio_Init
                0x00000000800ca195                TESTIO_Direct_Write
                0x00000000800ca1cd                TESTIO_Direct_Read
                0x00000000800ca205                RdOCPAddr
                0x00000000800ca27d                ParaOCPMCUSTALLRead
                0x00000000800ca291                ReadOCPMCUSTALLRegTestIO
                0x00000000800ca2a5                WtOCPAddr
                0x00000000800ca321                ParaOCPMCUSTALLWrite
                0x00000000800ca335                WriteOCPMCUSTALLRegTestIO
                0x00000000800ca3e1                RdOCPAddr_Alive
                0x00000000800ca471                WtOCPAddr_Alive
                0x00000000800ca509                ParaOCPRead
                0x00000000800ca51d                ParaOCPWrite
                0x00000000800ca53d                ParaGPHYWrite
                0x00000000800ca585                ParaGPHYRead
                0x00000000800ca5c1                ReadPhyRegNoPageTestIO
                0x00000000800ca5d5                WritePhyRegNoPageTestIO
                0x00000000800ca62d                ParaEFUSERead
                0x00000000800ca671                ReadEFUSETestIO
                0x00000000800ca685                ReadEFUSETestIO16
                0x00000000800ca699                ParaEFUSEWrite
                0x00000000800ca6e9                WriteEFUSETestIO
                0x00000000800ca73d                ParaEFUSEWrite16
                0x00000000800ca7a5                WriteEFUSETestIO16
                0x00000000800ca811                ParaEPHYRead
                0x00000000800ca849                ReadEPhyRegTestIO
                0x00000000800ca85d                ParaEPHYWrite
                0x00000000800ca8a5                WriteEPhyRegTestIO
                0x00000000800ca901                ReadOCPRegTestIO
                0x00000000800ca915                WriteOCPRegTestIO
                0x00000000800ca995                Testio_Processing
                0x00000000800cabd9                Testio_Parsing
 obj/i2c_gpio*.o(.text)
 .text          0x00000000800cacf8      0x5e4 obj/i2c_gpio_sp.o
                0x00000000800cacf9                i2c_start
                0x00000000800cad3d                i2c_stop
                0x00000000800cad71                i2c_read_ack
                0x00000000800cadb5                i2c_send_ack
                0x00000000800caded                i2c_send_nack
                0x00000000800cae25                i2c_write_byte
                0x00000000800cae99                i2c_read_byte
                0x00000000800caf09                i2c_read
                0x00000000800caf69                i2c_write
                0x00000000800cafbd                write_reg
                0x00000000800cafe1                read_reg
                0x00000000800cb019                set_port_dir
                0x00000000800cb085                get_port_val
                0x00000000800cb0c5                set_port_val
                0x00000000800cb12d                GPIO_IIC_Init
                0x00000000800cb141                GPIO_Processing
                0x00000000800cb209                GPIO_Parsing
 .text          0x00000000800cb2dc      0x86c obj/i2c_gpio_master_sp.o
                0x00000000800cb309                wait_us
                0x00000000800cb409                I2C_delay
                0x00000000800cb419                init_gpio_dir
                0x00000000800cb469                set_gpio_output
                0x00000000800cb4ad                get_gpio_input
                0x00000000800cb4dd                i2c_start_cond
                0x00000000800cb549                i2c_stop_cond
                0x00000000800cb5a9                i2c_write_bit
                0x00000000800cb5fd                i2c_read_bit
                0x00000000800cb669                i2c_write_byte_M
                0x00000000800cb6bd                i2c_read_byte_M
                0x00000000800cb70d                i2c_cp_write_byte
                0x00000000800cb799                i2c_write_byte_retry
                0x00000000800cb7fd                i2c_cp_write_multibyte
                0x00000000800cb881                i2c_cp_read_multibyte
                0x00000000800cb99d                i2c_chargerIC_USB3750_reset
                0x00000000800cb9dd                I2C_gpio_init

.ddr
                0x0000000082030178                __sram_start_lma = LOADADDR (.sram)
                0x00000000800c0000                __sram_start_vma = ADDR (.sram)
                0x000000000000bb48                __sram_size = SIZEOF (.sram)

.text           0x000000008203bcc0    0x23778
 *(.text)
 .text          0x000000008203bcc0      0x13c obj/app_sp.o
                0x000000008203bd59                bsp_KCS_RKVM_NCSI_shareHandler
                0x000000008203bd6d                bsp_FUN0_EHCI_shareHandler
                0x000000008203bd7d                Function0_Interrupt_shareHandler
                0x000000008203bdc1                RISC_FRE_divide
 .text          0x000000008203bdfc      0x43c obj/OOBMAC_COMMON_sp.o
                0x000000008203bdfd                OOB_access_IB_channel
                0x000000008203be31                OOB_READ_IB
                0x000000008203be7d                OOB_WRITE_IB
                0x000000008203bec1                OOB_WRITE_IB_BIT
                0x000000008203bfad                OOBMAC_sharepin_mode_set
                0x000000008203c075                OOBMAC_gpio_init
                0x000000008203c16d                OOBMAC_gpio_output
                0x000000008203c1c5                OOBMAC_gpio_input
                0x000000008203c1e5                OOBMAC_gpio_input_general
 .text          0x000000008203c238     0xc0d4 obj/dash_sp.o
                0x000000008203c239                UpdateComputerSystemCIM
                0x000000008203c2a9                getEnableState
                0x000000008203c2fd                getRequestedState
                0x000000008203c349                getOperationalStatus
                0x000000008203c391                getMemoryType
                0x000000008203c3d9                getAccess
                0x000000008203c40d                getHealthState
                0x000000008203c481                getSwIdInstanceCount
                0x000000008203c4ed                getbiosAttrInstanceCount
                0x000000008203c559                getMemInstanceCount
                0x000000008203c5c5                getProcessorInstanceCount
                0x000000008203c631                getbiosEleInstanceCount
                0x000000008203c699                getFanInstanceCount
                0x000000008203c701                getSensorInstanceCount
                0x000000008203c769                getCommonInstanceCount
                0x000000008203c945                returnOperationSys
                0x000000008203cab9                getBIOSElemProperty
                0x000000008203cb51                getBIOSAttrProperty
                0x000000008203cb99                getCommonProperty
                0x000000008203cfbd                getPowerMangSrvProperty
                0x000000008203d059                getTestCIMProperty_debug
                0x000000008203d08d                getOsPropertyFromIdata
                0x000000008203d09d                getOperationSysProperty
                0x000000008203d1c5                getComputerSysProperty
                0x000000008203d2c5                getPowerMangCapProperty
                0x000000008203d361                NewMem
                0x000000008203d3b9                ReleaseBuf
                0x000000008203d401                TmpNewMem
                0x000000008203d459                TmpReleaseBuf
                0x000000008203d4a1                generate_uuid
                0x000000008203d5a5                strback
                0x000000008203d5bd                str2hex
                0x000000008203d629                subscribe
                0x000000008203d6a9                unsubscribe
                0x000000008203d735                sendpacket
                0x000000008203d7ad                ReleaseProfile
                0x000000008203d7c9                releaseSoftwareIdCIM
                0x000000008203d811                releaseBIOSElementCIM
                0x000000008203d859                releaseBIOSAttrCIM
                0x000000008203d8a1                releaseProcessorCIM
                0x000000008203d8e9                releaseMemoryCIM
                0x000000008203d931                releaseSensorCIM
                0x000000008203d979                releaseFanCIM
                0x000000008203d9c1                releaseCommonCIM
                0x000000008203db9d                releaseOperationSysCIM
                0x000000008203dbcd                releaseCardCIM
                0x000000008203dc15                releaseChassisCIM
                0x000000008203dc5d                ClearSendBuf
                0x000000008203dc99                new_send_list
                0x000000008203dcd5                insertlen
                0x000000008203dd69                ProfileEntry
                0x000000008203de5d                SearchEnd
                0x000000008203ded1                GetInstanceCount
                0x000000008203e011                GetElement
                0x000000008203e089                SetElement
                0x000000008203e0cd                SelectElement
                0x000000008203e219                SearchIndex
                0x000000008203e279                DefaultRoleInstance
                0x000000008203e429                DefaultLogInstance
                0x000000008203e605                DefaultIndicationInstance
                0x000000008203e82d                DefaultPldmInstance
                0x000000008203eb8d                DefaultInbandInstance
                0x000000008203f2bd                UpdateOperationSysCIM
                0x000000008203f305                UpdateSoftwareIdCIM
                0x000000008203f349                GetTotalValue
                0x000000008203f3c5                DefaultSensorInstance
                0x000000008203fa59                UpdateFanCIM
                0x000000008203faad                UpdateSensorCIM
                0x000000008203faf5                DefaultPrivilegeInstance
                0x000000008203fcf5                DefaultElementConformsInstance
                0x000000008203fe81                DefaultRegisterInstance
                0x00000000820400a1                DefaultBiosInstance
                0x00000000820403b9                UpdateBIOSAttrCIM
                0x00000000820403fd                InitialRegister
                0x000000008204043d                ParserNsData
                0x00000000820405c1                PutBodyElement
                0x000000008204095d                gen_nsdata
                0x0000000082040a39                gen_action
                0x0000000082040c05                wsman_identify_stub
                0x0000000082040e31                create_release_response_envelope
                0x0000000082040ef5                create_delete_response_envelope
                0x0000000082041095                create_create_response_envelope
                0x00000000820412d9                create_enumerate_response_envelope
                0x0000000082041421                create_evt_getstatus_response_envelope
                0x000000008204151d                create_evt_renew_response_envelope
                0x0000000082041619                auth_anon
                0x0000000082041679                auth_error
                0x00000000820417c1                response_fault
                0x00000000820418f9                ParserAction
                0x0000000082041989                ResetUsed
                0x00000000820419bd                InitElement
                0x0000000082041a21                getUserState
                0x0000000082041a79                DefaultAccountInstance
                0x0000000082041c51                DefaultInstance
                0x0000000082042b51                UpdateProcessorCIM
                0x0000000082042ba5                UpdateMemoryCIM
                0x0000000082042bf9                UpdateCommonCIM
                0x0000000082042ee9                UpdateBIOSElementCIM
                0x0000000082042f39                genXML
                0x000000008204334d                create_pull_response_envelope
                0x0000000082043b8d                create_get_response_envelope
                0x0000000082043c8d                create_put_response_envelope
                0x0000000082043da1                create_subscribe_response_envelope
                0x0000000082044021                create_unsubscribe_response_envelope
                0x0000000082044149                create_invoke_response_envelope
                0x0000000082044475                register_endpoint
                0x0000000082044559                SearchKey
                0x0000000082044799                SearchReference
                0x0000000082044911                EnableUser
                0x000000008204498d                md_RequestStateChange
                0x0000000082044dad                md_RequestPowerStateChange
                0x0000000082044ec9                md_ApplyBootConfigSetting
                0x0000000082044ecd                md_CreateBootConfigSetting
                0x0000000082044f45                md_ChangeBootOrderPldm
                0x000000008204506d                md_SetBootConfigRole
                0x0000000082045125                md_CreateAccount
                0x00000000820452d9                md_AssignRoles
                0x0000000082045451                md_ModifyRole
                0x00000000820455ed                md_CreateRole
                0x00000000820457cd                md_DeleteRole
                0x0000000082045849                md_FirmwareUpdate
                0x0000000082045865                md_CreateOpaque
                0x0000000082045981                md_ReadWriteOpaque
                0x0000000082045be1                md_ReassignOwnershipOpaque
                0x0000000082045d35                md_SetBIOSAttribute
                0x0000000082045df9                md_RestoreBIOSDefaults
                0x0000000082045e45                CheckSensor
                0x0000000082045e75                ParserBody
                0x0000000082046c25                check_envelope
                0x00000000820471bd                ParserElement
                0x000000008204745d                parseelt
                0x000000008204747d                check_missing
                0x00000000820474bd                debug_printfIP
                0x00000000820474e9                ConnectControl
                0x0000000082047815                wsinit
                0x00000000820478e1                wsman
                0x0000000082047ff5                wsmanSrv
                0x00000000820480bd                wsmanSrvIPv6
                0x0000000082048171                wsmanSrvTLS
                0x000000008204823d                wsmanSrvTLSIPv6
 .text          0x000000008204830c      0x844 obj/tcr_sp.o
                0x000000008204830d                bsp_tcr_init
                0x0000000082048505                tcrrx
                0x0000000082048701                bsp_kcs_init_patch
                0x0000000082048809                bsp_tcr_handler
                0x0000000082048959                bsp_kcs_handler_patch
                0x0000000082048a4d                tcrread
                0x0000000082048ad9                stopTCR
 .text          0x0000000082048b50      0xa48 obj/language_sp.o
                0x0000000082048b51                setLanguageType
                0x0000000082048dad                buildKeyworkTable_foreign
                0x000000008204957d                buildKeyworkTable
 .text          0x0000000082049598      0x7cc obj/eventlog_sp.o
                0x0000000082049599                getEventLogParser
 .text          0x0000000082049d64      0x1b8 obj/gmac_sp.o
                0x0000000082049d65                bsp_inband_push_ack
                0x0000000082049e1d                bsp_get_inband_data
 .text          0x0000000082049f1c      0x414 obj/bsp_sp.o
                0x0000000082049f1d                setIPAddress_withoutFlash
                0x0000000082049fdd                bsp_timer_reinit
                0x000000008204a09d                SetPowerSavingParameter
                0x000000008204a0a1                bsp_setup_R
                0x000000008204a0d9                bsp_IODrvAP_exist
                0x000000008204a0f9                ReadIBReg
                0x000000008204a135                WriteIBReg
                0x000000008204a175                lan_wake
                0x000000008204a1c5                UMAC_RST
                0x000000008204a231                OOB_READ_IB_0
                0x000000008204a26d                OOB_WRITE_IB_0
                0x000000008204a2ad                usb_otg_patch
 .text          0x000000008204a330      0x518 obj/sensor_sp.o
                0x000000008204a405                set_pldm_snr_slave_address
                0x000000008204a455                ParserSensor
                0x000000008204a78d                pldm_snr_read
 .text          0x000000008204a848        0x0 obj/netlib_sp.o
 .text          0x000000008204a848     0x144c obj/x509parse_sp.o
                0x000000008204a931                asn1_get_tag
                0x000000008204abad                asn1_get_int
                0x000000008204ac01                asn1_get_char
                0x000000008204ac51                asn1_get_uint
                0x000000008204aca5                x509parse_dn_gets
                0x000000008204ae75                x509parse_time_expired
                0x000000008204aec9                x509parse_revoked
                0x000000008204af09                x509parse_verify
                0x000000008204b119                x509_free
                0x000000008204b1bd                x509parse_crt
                0x000000008204b7fd                x509_crl_free
                0x000000008204b895                x509parse_crl
 .text          0x000000008204bc94      0x40c obj/lib_sp.o
                0x000000008204bc95                allocIPPkt_4bytesAlignment
                0x000000008204bd15                makeAlertEvent
                0x000000008204bd19                setdirtylen
                0x000000008204bd49                writeflash
                0x000000008204bf49                AcquireIbOobMutex
                0x000000008204bfb9                ReleaseIbOobMutex
                0x000000008204bfe1                setSleepDeep
                0x000000008204bff1                TCRDisable
                0x000000008204c015                TCREnable
                0x000000008204c039                getFwLogParser
 .text          0x000000008204c0a0      0x194 obj/arp_sp.o
                0x000000008204c0a1                findEtherAddr
 .text          0x000000008204c234      0x5a4 obj/rtskt_sp.o
                0x000000008204c235                getDNSAnsRRPos
                0x000000008204c261                getIPAddrPos
                0x000000008204c3e1                getPortNumber
                0x000000008204c411                rtSktEnableRMCPPortFilter
                0x000000008204c415                rtSktDisableRMCPPortFilter
                0x000000008204c419                rtGethostbyname
 .text          0x000000008204c7d8      0x10c obj/ip_sp.o
                0x000000008204c7d9                ipInput
 .text          0x000000008204c8e4      0xaa8 obj/tcp_sp.o
                0x000000008204c8e5                removePCB
                0x000000008204ca4d                matchIntf
                0x000000008204ca71                reserveIBPort
                0x000000008204cb39                SetIBPF
                0x000000008204cb79                SetOOBPF
                0x000000008204cbf9                removePortFilterTableEP
                0x000000008204ce01                reloadFilterTableEP
                0x000000008204cf9d                setNewIBTCAMPortPF
                0x000000008204d135                setPortFilterTableEP
 .text          0x000000008204d38c        0x0 obj/dhcp_sp.o
 .text          0x000000008204d38c     0x1c8c obj/pldm_sp.o
                0x000000008204d38d                _unicode
                0x000000008204d3ed                AddItem
                0x000000008204d41d                ReleasePldm
                0x000000008204d459                SearchAttr
                0x000000008204d4cd                SetValue
                0x000000008204d675                InitialPLDM
                0x000000008204d7dd                getPLDMElement
                0x000000008204d809                CreateAttrVal
                0x000000008204d889                handle_pldm_br_phoenix
                0x000000008204d9d9                handle_pldm_br_ami
                0x000000008204dd45                handle_pldm_bw
                0x000000008204dd49                setPLDMEndPoint
                0x000000008204dd75                handle_pldm_tags
                0x000000008204ded5                pldm_handle_setgettime
                0x000000008204df6d                smbus_process_pldm_br_ami
                0x000000008204e239                smbus_process_pldm_br_phoenix
                0x000000008204e3bd                smbus_process_pldm_bw
 .text          0x000000008204f018      0x8d8 obj/flash_opt.o
                0x000000008204f018                CompareSMBIOS
                0x000000008204f0e0                FlashTask
 .text          0x000000008204f8f0      0x624 obj/asf_opt.o
                0x000000008204f8f0                bsp_set_pldm_slave_address
                0x000000008204f958                bsp_set_asftbl
                0x000000008204f9e0                ParserASFTable
 .text          0x000000008204ff14     0x1d00 obj/genpage_opt.o
                0x000000008204ff14                biosPage
                0x0000000082050398                sysInfoPage
                0x0000000082050518                basedBoardPage
                0x0000000082050698                chassisPage
                0x0000000082050818                sysBootPage
                0x0000000082050938                processorPage
                0x0000000082050b48                phyMemArrayPage
                0x0000000082050d44                cachePage
                0x0000000082050f04                portConnectorPage
                0x00000000820510d8                sysSlotPage
                0x00000000820512a8                memDevPage
                0x000000008205144c                memArrayMapAddrPage
                0x000000008205161c                onBoardDevPage
                0x00000000820517e8                sysEventLogPage
                0x0000000082051b18                genSMBIOSWebPage
 .text          0x0000000082051c14     0x1a04 obj/post_opt.o
                0x0000000082051f30                verifyIPField
                0x0000000082051f40                netSetIPv4Value
                0x00000000820520c8                netSetIPv6Value
                0x000000008205225c                netSet
                0x0000000082052c38                serviceSet
                0x0000000082052e0c                remoteCtlSet
                0x0000000082053324                tlsAuth
                0x0000000082053524                urltoken
 .text          0x0000000082053618     0x280c obj/http_opt.o
                0x0000000082053704                isLegalAuthcredential
                0x00000000820537e8                setAuthCredential
                0x00000000820539c0                releaseAuthCredential
                0x0000000082053ac0                basicAuth
                0x0000000082053ca4                digestAuth
                0x0000000082054de0                webPost
                0x0000000082055044                parsePostRequest
                0x0000000082055580                httpPost
                0x000000008205565c                httpGet
                0x00000000820557fc                http_debug
                0x00000000820558e0                getLanguageType
                0x00000000820559b4                httpRx
                0x0000000082055bf8                getHttpHeaderInfo
                0x0000000082055e1c                initTCPService
 .text          0x0000000082055e24     0x2dd4 obj/tls_opt.o
                0x0000000082055e24                getCertificate
                0x0000000082055e70                createSSL
                0x0000000082055eac                authedSSL
                0x0000000082055f10                getPCBMatchSSL
                0x0000000082056214                parseRecordLayer
                0x000000008205634c                tlsEncodeData
                0x0000000082056568                deCodeTLSData
                0x0000000082056b80                processCertificateVerify
                0x0000000082056c1c                makeTLSRecordLayer
                0x0000000082056c40                processClientHello
                0x0000000082056d70                processClientHelloSSLv2
                0x0000000082056f5c                serverHello
                0x00000000820570c8                serverCertificate
                0x00000000820571bc                serverHelloDone
                0x0000000082057228                serverCertificateReq
                0x00000000820572a8                serverKeyExchange
                0x0000000082057338                sendServerHelloSequence
                0x0000000082057690                tlsPktSend
                0x00000000820576e0                processClientKeyExchange
                0x00000000820577a0                parseChangeCipherSpec
                0x00000000820577e8                parseClientFinish
                0x0000000082057bec                serverFinish
                0x0000000082057e28                sendServerFinish
                0x0000000082057fac                doServerHandshake
                0x0000000082058338                doTLSAccept
                0x0000000082058a80                sendTLSWebPage
                0x0000000082058b88                sendTLSAlert
 .text          0x0000000082058bf8     0x5350 obj/htm_opt.o
                0x0000000082058bf8                atoull
                0x0000000082058ce0                parseBytesToSizeString
                0x0000000082058dc4                genWelcomePage
                0x0000000082058e04                genBannerPage
                0x0000000082058e30                sendWebPagePkt
                0x0000000082058f34                genInfoPage
                0x0000000082059190                genOperationSystemPage
                0x000000008205926c                genPROCESSORPage
                0x00000000820596f8                genMemoryPage
                0x0000000082059c5c                genFanPage
                0x000000008205a060                genSensorPage
                0x000000008205a470                genAssetPage
                0x000000008205b3f0                genBIOSPage
                0x000000008205b8e0                genSoftwareIdentityPage
                0x000000008205bcec                genComputerSystemPage
                0x000000008205bf64                genShowCounterPage
                0x000000008205c000                genClearCounterPage
                0x000000008205c09c                chkSMBIOSReqPages
                0x000000008205c34c                getWebPageID
                0x000000008205c7cc                genSrvSetPage
                0x000000008205c824                IPtoStr
                0x000000008205c884                IPv6toStr
                0x000000008205c930                genNetSetPage
                0x000000008205ced0                genNetSetv6Page
                0x000000008205d0c0                genAboutPage
                0x000000008205d164                sendStaticWebPage
                0x000000008205d334                sendEventLogPage
                0x000000008205d60c                sendSMBIOSWebPage
                0x000000008205d6d0                sendRmoteCtlPage
                0x000000008205d7b8                sendWebPages
 .text          0x000000008205df48     0x1454 obj/wcom_opt.o
                0x000000008205df48                read_hm_sensor
                0x000000008205e100                OOBResponseTask
 .text          0x000000008205f39c        0x0 obj/const.o
 .text          0x000000008205f39c        0x0 obj/hook.o
 *(.text.startup)
 .text.startup  0x000000008205f39c       0x9c obj/app_sp.o
                0x000000008205f39d                main
                0x000000008203bcc0                __text_start_lma = LOADADDR (.text)
                0x000000008203bcc0                __text_start_vma = ADDR (.text)
                0x0000000000023778                __text_size = SIZEOF (.text)

.text.unlikely  0x000000008205f438       0xbc
 .text.unlikely
                0x000000008205f438       0xbc obj/x509parse_sp.o

.rodata         0x000000008205f4f4     0xedc8
                0x000000008205f4f4                . = ALIGN (0x4)
 *(.roexcept)
 *(.rodata .rodata.* .gnu.linkonce.r.*)
 .rodata.str1.4
                0x000000008205f4f4       0x18 obj/app_sp.o
 .rodata.cst4   0x000000008205f50c       0x18 obj/app_sp.o
 .rodata.cst4   0x000000008205f524       0x18 obj/OOBMAC_COMMON_sp.o
 .rodata.str1.4
                0x000000008205f53c       0xd7 obj/ssh_sp.o
                                         0xd8 (size before relaxing)
 *fill*         0x000000008205f613        0x1 
 .rodata        0x000000008205f614       0xf0 obj/ssh_sp.o
                0x000000008205f638                dh_p_val
                0x000000008205f6b8                SSHCompressAlog
                0x000000008205f6c0                SSHMacAlogSrv2Cli
                0x000000008205f6cc                SSHEnAlog
                0x000000008205f6d8                SSHSrvHostKeyAlog
                0x000000008205f6e0                SSHKexAlog
                0x000000008205f6fc                CRLF
                0x000000008205f700                dh_g_val
 .rodata.str1.4
                0x000000008205f704     0x532a obj/dash_sp.o
                                       0x56b8 (size before relaxing)
 *fill*         0x0000000082064a2e        0x2 
 .rodata        0x0000000082064a30      0xdd4 obj/dash_sp.o
                0x0000000082064c00                _RegProfile
                0x0000000082064db8                _Profile
                0x0000000082065408                _PowerManagementCapabilities
                0x000000008206568c                hello_nego
                0x0000000082065718                hello_err
                0x000000008206578c                hello
 .rodata.cst4   0x0000000082065804       0x20 obj/dash_sp.o
 .rodata.str1.4
                0x0000000082065824      0x517 obj/client_sp.o
                                        0x600 (size before relaxing)
 *fill*         0x0000000082065d3b        0x1 
 .rodata.cst4   0x0000000082065d3c       0x78 obj/tcr_sp.o
                                         0x7c (size before relaxing)
 .rodata.str1.4
                0x0000000082065db4      0x1af obj/language_sp.o
                                        0x1b0 (size before relaxing)
 *fill*         0x0000000082065f63        0x1 
 .rodata.cst4   0x0000000082065f64        0x8 obj/language_sp.o
 .rodata.str1.4
                0x0000000082065f6c      0x7ad obj/eventlog_sp.o
                                        0x7cc (size before relaxing)
 *fill*         0x0000000082066719        0x3 
 .rodata.cst4   0x000000008206671c       0x40 obj/eventlog_sp.o
 .rodata.cst4   0x000000008206675c       0x40 obj/bsp_sp.o
                                         0x50 (size before relaxing)
 .rodata.str1.4
                0x000000008206679c        0xe obj/sensor_sp.o
                                         0x10 (size before relaxing)
 *fill*         0x00000000820667aa        0x2 
 .rodata.str1.4
                0x00000000820667ac       0xe2 obj/x509parse_sp.o
                                         0xe8 (size before relaxing)
 *fill*         0x000000008206688e        0x2 
 .rodata.str1.4
                0x0000000082066890       0x8e obj/lib_sp.o
                                         0x90 (size before relaxing)
 *fill*         0x000000008206691e        0x2 
 .rodata.cst4   0x0000000082066920        0xc obj/lib_sp.o
                                         0x10 (size before relaxing)
 .rodata.cst4   0x000000008206692c        0xc obj/rtskt_sp.o
 .rodata        0x0000000082066938        0x8 obj/tcp_sp.o
                0x0000000082066938                Default_RSV_Port
 .rodata.cst4   0x0000000082066940        0x8 obj/tcp_sp.o
 .rodata.str1.4
                0x0000000082066948       0x16 obj/icmp_sp.o
                                         0x18 (size before relaxing)
 *fill*         0x000000008206695e        0x2 
 .rodata.str1.4
                0x0000000082066960       0x15 obj/usb_sp.o
                                         0x30 (size before relaxing)
 *fill*         0x0000000082066975        0x3 
 .rodata        0x0000000082066978       0x6c obj/usb_sp.o
                0x0000000082066980                RtHttpHdr
 .rodata.cst4   0x00000000820669e4        0x8 obj/usb_sp.o
 .rodata        0x00000000820669ec      0x2a4 obj/usbdesc_sp.o
                0x00000000820669ec                disc_conf
                0x0000000082066a78                disc_sense
                0x0000000082066aa0                disc_info
                0x0000000082066ac4                mode_sense
                0x0000000082066ad8                iso_conf
                0x0000000082066ae8                iso_toc
                0x0000000082066b00                inquiry_data
                0x0000000082066b6c                Device_Qualifier
                0x0000000082066b78                str3
                0x0000000082066bd8                str2
                0x0000000082066bf8                str1
                0x0000000082066c08                str0
                0x0000000082066c0c                other_speed
                0x0000000082066c2c                descriptors_cbi
                0x0000000082066c54                descriptors_bulk
                0x0000000082066c74                usb_sector_size
                0x0000000082066c7c                device_desc
 .rodata.str1.4
                0x0000000082066c90        0x5 obj/pldm_sp.o
                                          0x8 (size before relaxing)
 *fill*         0x0000000082066c95        0x3 
 .rodata.cst4   0x0000000082066c98        0x8 obj/pldm_sp.o
 .rodata.str1.4
                0x0000000082066ca0       0x20 obj/usbdevice_interrupt_sp.o
 .rodata.cst4   0x0000000082066cc0       0xc0 obj/usbdevice_interrupt_sp.o
                                         0xe0 (size before relaxing)
 .rodata.str1.4
                0x0000000082066d80       0x46 obj/mmd_sp.o
                                         0x48 (size before relaxing)
 *fill*         0x0000000082066dc6        0x2 
 .rodata.cst4   0x0000000082066dc8       0x10 obj/mmd_sp.o
                                         0x18 (size before relaxing)
 .rodata.cst4   0x0000000082066dd8        0x8 obj/mdio_bitbang_sp.o
                                          0xc (size before relaxing)
 .rodata.cst4   0x0000000082066de0        0x8 obj/testio_gpio_sp.o
                                         0x18 (size before relaxing)
 .rodata.str1.4
                0x0000000082066de8        0xa obj/i2c_gpio_sp.o
                                          0xc (size before relaxing)
 *fill*         0x0000000082066df2        0x2 
 .rodata.str1.4
                0x0000000082066df4       0x68 obj/i2c_gpio_master_sp.o
 .rodata.cst4   0x0000000082066e5c        0x4 obj/i2c_gpio_master_sp.o
                                          0x8 (size before relaxing)
 .rodata.str1.4
                0x0000000082066e60       0x79 obj/telnet_opt.o
                                         0x7c (size before relaxing)
 *fill*         0x0000000082066ed9        0x3 
 .rodata        0x0000000082066edc       0x2c obj/telnet_opt.o
                0x0000000082066f04                lf
 .rodata.str1.4
                0x0000000082066f08       0x62 obj/flash_opt.o
                                         0x64 (size before relaxing)
 *fill*         0x0000000082066f6a        0x2 
 .rodata        0x0000000082066f6c       0x3c obj/flash_opt.o
 .rodata.str1.4
                0x0000000082066fa8        0x5 obj/asf_opt.o
                                          0x8 (size before relaxing)
 *fill*         0x0000000082066fad        0x3 
 .rodata.str1.4
                0x0000000082066fb0      0xa43 obj/genpage_opt.o
                                        0xac8 (size before relaxing)
 *fill*         0x00000000820679f3        0x1 
 .rodata        0x00000000820679f4      0x55c obj/genpage_opt.o
 .rodata.str1.4
                0x0000000082067f50       0xcc obj/post_opt.o
                                         0xe8 (size before relaxing)
 .rodata        0x000000008206801c       0x30 obj/post_opt.o
 .rodata.str1.4
                0x000000008206804c      0x1c5 obj/http_opt.o
                                        0x1e4 (size before relaxing)
 *fill*         0x0000000082068211        0x3 
 .rodata        0x0000000082068214      0x3c4 obj/http_opt.o
                0x0000000082068254                WebUnauthAD
                0x00000000820682c8                WebUnauthDigest
                0x0000000082068368                WebUnauthBasic
                0x00000000820683e0                UnauthDigest
                0x0000000082068490                UnauthBasic
                0x0000000082068508                body
                0x0000000082068570                responseHeader
 .rodata.str1.4
                0x0000000000000000      0x1c5 obj/tls_opt.o
                                          0x4 (size before relaxing)
 .rodata.str1.4
                0x00000000820685d8      0x787 obj/htm_opt.o
                                        0xb9c (size before relaxing)
 *fill*         0x0000000082068d5f        0x1 
 .rodata        0x0000000082068d60     0x4cc8 obj/htm_opt.o
                0x000000008206d6ec                rdcss
                0x000000008206d95c                cookieHdrHtm
                0x000000008206d9b4                headerHtm
                0x000000008206d9f4                okPage
 .rodata.str1.4
                0x000000008206da28       0xa0 obj/wcom_opt.o
                                         0xd0 (size before relaxing)
 .rodata        0x000000008206dac8      0x168 obj/wcom_opt.o
 .rodata        0x000000008206dc30      0x5fc obj/const.o
                0x000000008206dd40                RMCP_IANA
                0x000000008206dd44                asf_ctldata
                0x000000008206dd54                asfalerts
                0x000000008206de54                snrinfo
                0x000000008206dea4                asf_legacy_sensor_num
                0x000000008206dea5                asf_alerts_num
                0x000000008206dea8                snrtbl
                0x000000008206debc                snrstatestr
                0x000000008206df64                pwrtbl
                0x000000008206df84                bootopts
                0x000000008206e17c                tcr_hsstr
                0x000000008206e194                tcr_hslen
                0x000000008206e198                pldmsuccessbr
                0x000000008206e1a8                pldmsuccessbw
                0x000000008206e1b8                MCTPVerSupport
                0x000000008206e1cc                PLDMSNR
                0x000000008206e1dc                RTKUDID
                0x000000008206e1f0                macpattern
 .rodata        0x000000008206e22c       0x90 obj/hook.o
                0x000000008206e2bc                . = ALIGN (0x4)

.data           0x00000000800cbb48     0x37b4 load address 0x000000008206e2bc
                0x00000000800cbb48                . = ALIGN (0x4)
 *(.data)
 .data          0x00000000800cbb48        0x0 obj/app_sp.o
 .data          0x00000000800cbb48        0x0 obj/OOBMAC_COMMON_sp.o
 .data          0x00000000800cbb48       0x20 obj/ssh_sp.o
                0x00000000800cbb48                SSHNameList
 .data          0x00000000800cbb68     0x2b98 obj/dash_sp.o
                0x00000000800cbb7c                e_action
                0x00000000800cbbec                MemoryType_value
                0x00000000800cbc54                RequestedState_value
                0x00000000800cbc88                OperationalStatus_value
                0x00000000800cbcd8                SoftwareElementState_value
                0x00000000800cbce8                softidProp_class
                0x00000000800cbd20                powMangCapProp_powChg
                0x00000000800cbd44                power_state_value
                0x00000000800cbd8c                sys_reqState_value
                0x00000000800cbdc0                sys_enState_value
                0x00000000800cbdec                compSys_Dedicated_value
                0x00000000800cbe88                _OpaqueManagementDataService
                0x00000000800cbec4                _OpaqueManagementData
                0x00000000800cbf84                _RemoteServiceAccessPoint
                0x00000000800cbffc                _RemoteAccessAvailableToElement
                0x00000000800cc020                _BindsTo
                0x00000000800cc044                _SoftwareInstallationService
                0x00000000800cc080                _BIOSPassword
                0x00000000800cc0c8                _ConcreteComponent
                0x00000000800cc110                _SystemBIOS
                0x00000000800cc134                _ConcreteDependency
                0x00000000800cc158                _SAPSAPDependency
                0x00000000800cc17c                _DHCPCapabilities
                0x00000000800cc1c4                _USBDevice
                0x00000000800cc218                _HostedAccessPoint
                0x00000000800cc2a8                _ServiceAccessBySAP
                0x00000000800cc2f0                _AssociatedCooling
                0x00000000800cc314                _DHCPProtocolEndpoint
                0x00000000800cc3a4                _USBTCPProtocolEndpoint
                0x00000000800cc404                _TCPProtocolEndpoint
                0x00000000800cc464                _Chip
                0x00000000800cc4dc                _Slot
                0x00000000800cc53c                _DNSProtocolEndpoint
                0x00000000800cc590                _OperatingSystem
                0x00000000800cc5d8                _USBRedirectionSAP
                0x00000000800cc65c                _USBRedirectionService
                0x00000000800cc6e0                _USBRedirectionCapabilities
                0x00000000800cc77c                _BIOSAttribute
                0x00000000800cc7c4                _BIOSElement
                0x00000000800cc818                _BIOSServiceCapabilities
                0x00000000800cc860                _BIOSService
                0x00000000800cc89c                _TextRedirectionSAP
                0x00000000800cc914                _TextRedirectionService
                0x00000000800cc998                _LogEntry
                0x00000000800cca04                _LogManagesRecord
                0x00000000800cca28                _RecordLog
                0x00000000800cca88                _StaticIPAssignmentSettingData
                0x00000000800ccadc                _IPProtocolEndpoint
                0x00000000800ccb84                _AlertIndication
                0x00000000800ccb9c                _AssignedIdentity
                0x00000000800ccbc0                _UserContact
                0x00000000800ccbfc                _Identity
                0x00000000800ccc20                _Privilege
                0x00000000800ccc80                _Account
                0x00000000800ccd04                _ServiceAvailableToElement
                0x00000000800ccd28                _Realizes
                0x00000000800ccd4c                _PhysicalAssetCapabilities
                0x00000000800ccd7c                _Chassis
                0x00000000800cce18                _RoleLimitedToTarget
                0x00000000800cce3c                _Role
                0x00000000800cce84                _RoleBasedManagementCapabilities
                0x00000000800ccee4                _RoleBasedAuthorizationService
                0x00000000800ccf2c                _AccountManagementCapabilities
                0x00000000800ccf80                _AccountManagementService
                0x00000000800ccfe0                _Container
                0x00000000800cd004                _Card
                0x00000000800cd088                _PhysicalMemory
                0x00000000800cd130                _PhysicalPackage
                0x00000000800cd148                _PhysicalElement
                0x00000000800cd190                _PhysicalFrame
                0x00000000800cd1a8                _PhysicalConnector
                0x00000000800cd1c0                _PhysicalComponent
                0x00000000800cd1e4                _PowerSupply
                0x00000000800cd274                _AssociatedSensor
                0x00000000800cd298                _Fan
                0x00000000800cd334                _NumericSensor
                0x00000000800cd4e4                _SoftwareIdentity
                0x00000000800cd580                _OwningCollectionElement
                0x00000000800cd5c8                _IndicationSubscription
                0x00000000800cd5ec                _FilterCollectionSubscription
                0x00000000800cd640                _MemberOfCollection
                0x00000000800cd688                _ListenerDestinationWSManagement
                0x00000000800cd6e8                _FilterCollection
                0x00000000800cd718                _IndicationFilter
                0x00000000800cd784                _IndicationServiceSettingData
                0x00000000800cd7d8                _IndicationService
                0x00000000800cd85c                _AssociatedPowerManagementService
                0x00000000800cd8e0                _SystemPackaging
                0x00000000800cd904                _ComputerSystemPackage
                0x00000000800cd934                _SystemDevice
                0x00000000800cd9e8                _ServiceAffectsElement
                0x00000000800cdad8                _OrderedComponent
                0x00000000800cdb08                _ElementSettingData
                0x00000000800cdb50                _ReferencedProfile
                0x00000000800cdb74                _ElementConformsToProfile
                0x00000000800cdb98                _HostedService
                0x00000000800cdc94                _PowerManagementService
                0x00000000800cdce8                _BootServiceCapabilities
                0x00000000800cdd30                _BootSourceSetting
                0x00000000800cdd6c                _BootConfigSetting
                0x00000000800cdd90                _BootService
                0x00000000800cddd8                _CacheMemory
                0x00000000800cde8c                _Memory
                0x00000000800cdf40                _AssociatedCacheMemory
                0x00000000800cdfac                _Processor
                0x00000000800ce0b4                _ComputerSystem
                0x00000000800ce1c8                _ManagedElement
                0x00000000800ce1ec                _RegisteredProfile
                0x00000000800ce240                _EnabledLogicalElementCapabilities
                0x00000000800ce2a0                _ElementCapabilities
                0x00000000800ce378                Ns
                0x00000000800ce4a4                bodyelement
                0x00000000800ce57c                inband_status
                0x00000000800ce580                scode
                0x00000000800ce67f                AssociatedCooling
                0x00000000800ce680                NextInstance
                0x00000000800ce684                PowerChangeCapabilities
                0x00000000800ce688                request_state
                0x00000000800ce68c                client_state
                0x00000000800ce690                dhcp_state
                0x00000000800ce694                enabled_state
                0x00000000800ce698                power_state
                0x00000000800ce69c                state
                0x00000000800ce6a0                new_gateway
                0x00000000800ce6b0                new_netmask
                0x00000000800ce6c0                new_ip
                0x00000000800ce6d0                local_gateway
                0x00000000800ce6e0                local_netmask
                0x00000000800ce6f0                local_ip
 .data          0x00000000800ce700       0x3c obj/client_sp.o
                0x00000000800ce700                _EventAlertIndication
 .data          0x00000000800ce73c        0x0 obj/tcr_sp.o
 .data          0x00000000800ce73c        0x0 obj/language_sp.o
 .data          0x00000000800ce73c        0x0 obj/eventlog_sp.o
 .data          0x00000000800ce73c        0x0 obj/gmac_sp.o
 .data          0x00000000800ce73c        0x4 obj/bsp_sp.o
                0x00000000800ce73c                BSP_CPU_DEFAULT_FREQ
 .data          0x00000000800ce740        0x2 obj/sensor_sp.o
 .data          0x00000000800ce742        0x0 obj/netlib_sp.o
 .data          0x00000000800ce742        0x0 obj/x509parse_sp.o
 *fill*         0x00000000800ce742        0x2 
 .data          0x00000000800ce744        0x8 obj/lib_sp.o
                0x00000000800ce744                bsp_wait_cnt
                0x00000000800ce748                m_LucidTimer
 .data          0x00000000800ce74c        0x0 obj/arp_sp.o
 .data          0x00000000800ce74c        0x0 obj/rtskt_sp.o
 .data          0x00000000800ce74c        0x0 obj/ip_sp.o
 .data          0x00000000800ce74c        0x0 obj/tcp_sp.o
 .data          0x00000000800ce74c        0x0 obj/dhcp_sp.o
 .data          0x00000000800ce74c        0x0 obj/icmp_sp.o
 .data          0x00000000800ce74c       0x54 obj/usb_sp.o
                0x00000000800ce74c                tip
                0x00000000800ce750                fn
 .data          0x00000000800ce7a0        0x0 obj/usb_ata_sp.o
 .data          0x00000000800ce7a0       0x4c obj/usbdesc_sp.o
                0x00000000800ce7a0                device_report_type1
 .data          0x00000000800ce7ec        0x0 obj/udp_sp.o
 .data          0x00000000800ce7ec        0x1 obj/pldm_sp.o
 .data          0x00000000800ce7ed        0x0 obj/usbdevice_interrupt_sp.o
 .data          0x00000000800ce7ed        0x0 obj/parammd_sp.o
 .data          0x00000000800ce7ed        0x0 obj/mmd_sp.o
 .data          0x00000000800ce7ed        0x0 obj/mdio_bitbang_sp.o
 .data          0x00000000800ce7ed        0x0 obj/testio_gpio_sp.o
 .data          0x00000000800ce7ed        0x0 obj/i2c_gpio_sp.o
 *fill*         0x00000000800ce7ed        0x3 
 .data          0x00000000800ce7f0       0x10 obj/i2c_gpio_master_sp.o
                0x00000000800ce7f0                i2c_retry_maxcnt
                0x00000000800ce7f4                i2c_retry_period
                0x00000000800ce7f8                max_reg_retry_cnt
                0x00000000800ce7fc                slaveaddr
                0x00000000800ce7fd                BitR
 .data          0x00000000800ce800        0x0 obj/init_opt.o
 .data          0x00000000800ce800      0x114 obj/telnet_opt.o
                0x00000000800ce800                TelUnknowCMDMsg
                0x00000000800ce814                TelHelpMsg
                0x00000000800ce88c                TelByeByeMsg
                0x00000000800ce898                TelLoginMsg
                0x00000000800ce8e8                TelLoginSuccMsg
                0x00000000800ce900                TelPwd
                0x00000000800ce90c                TelLogin
 .data          0x00000000800ce914        0x0 obj/flash_opt.o
 .data          0x00000000800ce914        0x0 obj/asf_opt.o
 .data          0x00000000800ce914       0x84 obj/genpage_opt.o
                0x00000000800ce914                pageFun
 .data          0x00000000800ce998      0x19c obj/post_opt.o
                0x00000000800ce998                settingSuccess
                0x00000000800ce9d0                IBChgIPWarrningMsg
                0x00000000800cea14                pwdError
                0x00000000800cea4c                invalidParameters
                0x00000000800cea84                unKnownOperation
                0x00000000800ceabc                echoDisable
                0x00000000800ceaf8                echoEnable
 .data          0x00000000800ceb34        0x0 obj/http_opt.o
 .data          0x00000000800ceb34        0x0 obj/tls_opt.o
 .data          0x00000000800ceb34      0x454 obj/htm_opt.o
 .data          0x00000000800cef88        0x4 obj/wcom_opt.o
                0x00000000800cef88                m_isUpdateSMBIOS
 .data          0x00000000800cef8c      0x370 obj/const.o
                0x00000000800cef8c                dpdefault
 .data          0x00000000800cf2fc        0x0 obj/hook.o
 *(.sdata)
 *(.lit4)
 *(.lit8)
                0x00000000800cf2fc                . = ALIGN (0x4)
                0x000000008206e2bc                __data_start_lma = LOADADDR (.data)
                0x00000000800cbb48                __data_start_vma = ADDR (.data)
                0x00000000000037b4                __data_size = SIZEOF (.data)

.bss            0x00000000800cf2fc     0x7108 load address 0x0000000082071a70
                0x00000000800cf2fc                __bss_start = .
 *(.sbss)
 *(.bss)
 .bss           0x00000000800cf2fc        0x0 obj/app_sp.o
 .bss           0x00000000800cf2fc        0x0 obj/OOBMAC_COMMON_sp.o
 .bss           0x00000000800cf2fc        0x8 obj/ssh_sp.o
                0x00000000800cf2fc                debugssh
                0x00000000800cf300                NewSSHCli
 .bss           0x00000000800cf304      0x2fc obj/dash_sp.o
                0x00000000800cf304                _ManagedSystemElement
                0x00000000800cf310                AttrValBuf
                0x00000000800cf314                OpaqueMask
                0x00000000800cf318                AttrValOff
                0x00000000800cf31c                m_PhyMemCIM
                0x00000000800cf320                m_ChipCIM
                0x00000000800cf324                m_SlotCIM
                0x00000000800cf328                m_ChassisCIM
                0x00000000800cf32c                m_CardCIM
                0x00000000800cf330                m_SensorCIM
                0x00000000800cf334                m_fanCIM
                0x00000000800cf338                m_OperationSysCIM
                0x00000000800cf33c                m_memoryCIM
                0x00000000800cf340                m_processorCIM
                0x00000000800cf344                m_biosElement
                0x00000000800cf348                m_biosAttr
                0x00000000800cf34c                m_softId
                0x00000000800cf350                memuse
                0x00000000800cf354                change_sub
                0x00000000800cf358                LogEnd
                0x00000000800cf35c                SetDHCP
                0x00000000800cf35d                SelectorEnabled
                0x00000000800cf35e                SubClassProperties
                0x00000000800cf360                Method
                0x00000000800cf45f                StartingBoot
                0x00000000800cf460                p_selector
                0x00000000800cf560                access_info
                0x00000000800cf5e0                AllClass
                0x00000000800cf5e4                tmp_memtail
                0x00000000800cf5e8                tmp_memhead
                0x00000000800cf5ec                memtail
                0x00000000800cf5f0                memhead
 .bss           0x00000000800cf600        0x4 obj/client_sp.o
                0x00000000800cf600                EventStartOff
 .bss           0x00000000800cf604       0x10 obj/tcr_sp.o
 .bss           0x00000000800cf614        0x0 obj/language_sp.o
 .bss           0x00000000800cf614        0x0 obj/eventlog_sp.o
 .bss           0x00000000800cf614        0x8 obj/gmac_sp.o
                0x00000000800cf614                PCI_BRIDGE_WAIT
                0x00000000800cf618                CMAC_STOP
 .bss           0x00000000800cf61c       0x14 obj/bsp_sp.o
                0x00000000800cf61c                usb_pcie_wt
                0x00000000800cf620                usb_pcie_rd
                0x00000000800cf624                usb_mode_wt
                0x00000000800cf628                usb_mode_rd
 .bss           0x00000000800cf630        0x4 obj/sensor_sp.o
 .bss           0x00000000800cf634        0x0 obj/netlib_sp.o
 .bss           0x00000000800cf634        0x0 obj/x509parse_sp.o
 .bss           0x00000000800cf634       0x10 obj/lib_sp.o
                0x00000000800cf634                stop_sleep_couter
                0x00000000800cf638                sleepControler
                0x00000000800cf63c                last_notice_tick
                0x00000000800cf640                idle_times
 .bss           0x00000000800cf644        0x0 obj/arp_sp.o
 .bss           0x00000000800cf644        0x0 obj/rtskt_sp.o
 .bss           0x00000000800cf644        0x0 obj/ip_sp.o
 .bss           0x00000000800cf644        0x0 obj/tcp_sp.o
 .bss           0x00000000800cf644        0x0 obj/dhcp_sp.o
 .bss           0x00000000800cf644        0x0 obj/icmp_sp.o
 .bss           0x00000000800cf644        0xc obj/usb_sp.o
 .bss           0x00000000800cf650        0x2 obj/usb_ata_sp.o
 .bss           0x00000000800cf652        0x0 obj/usbdesc_sp.o
 .bss           0x00000000800cf652        0x0 obj/udp_sp.o
 *fill*         0x00000000800cf652        0x2 
 .bss           0x00000000800cf654       0x30 obj/pldm_sp.o
 .bss           0x00000000800cf684       0x18 obj/usbdevice_interrupt_sp.o
 .bss           0x00000000800cf69c        0x0 obj/parammd_sp.o
 .bss           0x00000000800cf69c        0x0 obj/mmd_sp.o
 .bss           0x00000000800cf69c        0x0 obj/mdio_bitbang_sp.o
 .bss           0x00000000800cf69c        0x0 obj/testio_gpio_sp.o
 .bss           0x00000000800cf69c        0x0 obj/i2c_gpio_sp.o
 .bss           0x00000000800cf69c        0x2 obj/i2c_gpio_master_sp.o
                0x00000000800cf69c                BitW
                0x00000000800cf69d                started
 .bss           0x00000000800cf69e        0x0 obj/init_opt.o
 .bss           0x00000000800cf69e        0x6 obj/telnet_opt.o
                0x00000000800cf69e                NewTelCli
 .bss           0x00000000800cf6a4        0x0 obj/flash_opt.o
 .bss           0x00000000800cf6a4        0x0 obj/asf_opt.o
 .bss           0x00000000800cf6a4        0x0 obj/genpage_opt.o
 .bss           0x00000000800cf6a4        0x0 obj/post_opt.o
 .bss           0x00000000800cf6a4        0x0 obj/http_opt.o
 .bss           0x00000000800cf6a4        0x4 obj/tls_opt.o
 .bss           0x00000000800cf6a8        0x4 obj/htm_opt.o
                0x00000000800cf6a8                COOKIE_Idx
 .bss           0x00000000800cf6ac        0x0 obj/wcom_opt.o
 .bss           0x00000000800cf6ac        0x0 obj/const.o
 .bss           0x00000000800cf6ac        0x0 obj/hook.o
 *(.scommon)
 *(COMMON)
 COMMON         0x00000000800cf6ac     0x5a00 obj/app_sp.o
                0x00000000800cf6ac                IndicationStk
                0x00000000800cfeac                DHCPv4Stk
                0x00000000800d02ac                TaskSMBUSLOGStk
                0x00000000800d0aac                TaskSNRReadStk
                0x00000000800d0eac                TCPTimerStk
                0x00000000800d14ac                TelnetSrvStk
                0x00000000800d18ac                TaskWSMANTLSStk
                0x00000000800d22ac                TaskWSMANStk
                0x00000000800d2cac                TaskTCPStk
                0x00000000800d3aac                TaskSMBUSStk
                0x00000000800d3eac                AppTaskStartStk
                0x00000000800d42ac                OOBResponseStk
                0x00000000800d46ac                TaskUSBStk
                0x00000000800d4cac                TaskFlashStk
 COMMON         0x00000000800d50ac        0x4 obj/OOBMAC_COMMON_sp.o
                0x00000000800d50ac                cpu_sr
 COMMON         0x00000000800d50b0      0x388 obj/dash_sp.o
                0x00000000800d50b0                m_dashPtype
                0x00000000800d50b4                xuuid
                0x00000000800d50d4                Role
                0x00000000800d5154                m_processorInstance
                0x00000000800d5168                current_state
                0x00000000800d5178                m_biosAttrInstance
                0x00000000800d51a0                m_biosEleInstance
                0x00000000800d51b4                health_state
                0x00000000800d51c4                currentPort
                0x00000000800d51c6                new_power
                0x00000000800d51c8                m_swIdInstance
                0x00000000800d522c                m_ChipInstance
                0x00000000800d5240                m_CardInstance
                0x00000000800d5254                ResultRole
                0x00000000800d52d4                m_ChassisInstance
                0x00000000800d52e8                to
                0x00000000800d52ec                m_SlotInstance
                0x00000000800d5314                m_sensorInstance
                0x00000000800d5328                m_memInstance
                0x00000000800d533c                sk
                0x00000000800d5340                bind_port
                0x00000000800d5344                m_PhyMemInstance
                0x00000000800d536c                privilege
                0x00000000800d538c                boot_seq
                0x00000000800d539c                ResourceURI
                0x00000000800d541c                PLDMptr
                0x00000000800d5420                OpaqueBuf
                0x00000000800d5424                m_fanInstance
 COMMON         0x00000000800d5438       0x70 obj/client_sp.o
                0x00000000800d5438                EData
                0x00000000800d543c                dest
                0x00000000800d544c                c_subhead
                0x00000000800d5450                source
                0x00000000800d5460                uri
                0x00000000800d54a0                buf
                0x00000000800d54a4                port
 COMMON         0x00000000800d54a8       0xc8 obj/language_sp.o
                0x00000000800d54a8                s_eventLog
                0x00000000800d54ac                s_matchCondition_f
                0x00000000800d54b0                s_startxxx_f
                0x00000000800d54b4                s_gigaEthControl
                0x00000000800d54b8                s_opSystem
                0x00000000800d54bc                s_dashtech
                0x00000000800d54c0                s_about_f
                0x00000000800d54c4                s_networkSetting
                0x00000000800d54c8                s_opSystem_f
                0x00000000800d54cc                s_serviceSetting_f
                0x00000000800d54d0                s_matchCondition
                0x00000000800d54d4                s_fan
                0x00000000800d54d8                s_mailAccount
                0x00000000800d54dc                s_realtek
                0x00000000800d54e0                s_eventLog_f
                0x00000000800d54e4                s_asset
                0x00000000800d54e8                s_bios_f
                0x00000000800d54ec                s_realtek_f
                0x00000000800d54f0                s_sensorstring_f
                0x00000000800d54f4                s_startxxx
                0x00000000800d54f8                s_memDevice_f
                0x00000000800d54fc                s_cpu_f
                0x00000000800d5500                s_about
                0x00000000800d5504                s_realtekCop_f
                0x00000000800d5508                s_memDevice
                0x00000000800d550c                s_asset_f
                0x00000000800d5510                s_welcome_f
                0x00000000800d5514                s_dashtech_f
                0x00000000800d5518                s_welstr_f
                0x00000000800d551c                s_computerSys_f
                0x00000000800d5520                s_networkSetting_f
                0x00000000800d5524                s_mailWakeup
                0x00000000800d5528                s_mailWakeup_f
                0x00000000800d552c                s_softwIdentity
                0x00000000800d5530                s_cpu
                0x00000000800d5534                s_systemInfo_f
                0x00000000800d5538                s_sensorstring
                0x00000000800d553c                s_remoteControl
                0x00000000800d5540                s_gigaEthControl_f
                0x00000000800d5544                s_welcome
                0x00000000800d5548                s_mailAccount_f
                0x00000000800d554c                s_bios
                0x00000000800d5550                s_serviceSetting
                0x00000000800d5554                s_systemInfo
                0x00000000800d5558                s_welstr
                0x00000000800d555c                s_computerSys
                0x00000000800d5560                s_realtekCop
                0x00000000800d5564                s_fan_f
                0x00000000800d5568                s_remoteControl_f
                0x00000000800d556c                s_softwIdentity_f
 COMMON         0x00000000800d5570        0xc obj/gmac_sp.o
                0x00000000800d5570                RISC_ACC_STATUS
                0x00000000800d5574                RISC_ACC_BYTEEN
                0x00000000800d5578                RISC_RW_SEL
 COMMON         0x00000000800d557c       0xc0 obj/bsp_sp.o
                0x00000000800d557c                TCRMsg
                0x00000000800d55fc                USBMsg
 COMMON         0x00000000800d563c       0x7c obj/lib_sp.o
                0x00000000800d563c                mLanguageType
                0x00000000800d5640                dirty_ext
 COMMON         0x00000000800d56b8        0xc obj/usb_sp.o
                0x00000000800d56b8                usbSrv
                0x00000000800d56bc                USBQ
                0x00000000800d56c0                USBTxSem
 COMMON         0x00000000800d56c4        0x9 obj/usb_ata_sp.o
                0x00000000800d56c4                lcErr
                0x00000000800d56c8                usbcs
                0x00000000800d56cc                lc
 *fill*         0x00000000800d56cd        0x3 
 COMMON         0x00000000800d56d0      0x120 obj/usbdesc_sp.o
                0x00000000800d56d0                usbcb
 COMMON         0x00000000800d57f0        0x4 obj/mmd_sp.o
                0x00000000800d57f0                Freq_MMD
 COMMON         0x00000000800d57f4        0x4 obj/testio_gpio_sp.o
                0x00000000800d57f4                Freq_TESTIO
 COMMON         0x00000000800d57f8       0x80 obj/i2c_gpio_master_sp.o
                0x00000000800d57f8                read_data
 COMMON         0x00000000800d5878      0xa04 obj/telnet_opt.o
                0x00000000800d5878                uInfo
                0x00000000800d587c                TelnetClientStk
 COMMON         0x00000000800d627c        0x4 obj/flash_opt.o
                0x00000000800d627c                m_whocallSMBIOS
 COMMON         0x00000000800d6280        0x4 obj/asf_opt.o
                0x00000000800d6280                asfconfig
 COMMON         0x00000000800d6284      0x16c obj/http_opt.o
                0x00000000800d6284                m_httpAuthcredential
                0x00000000800d63ec                WebSem
 COMMON         0x00000000800d63f0        0xc obj/htm_opt.o
                0x00000000800d63f0                COOKIE_ID
 COMMON         0x00000000800d63fc        0x8 obj/wcom_opt.o
                0x00000000800d63fc                m_CalChksum
                0x00000000800d6400                m_ShouldChksum
 COMMON         0x00000000800d6404        0x0 obj/const.o
                0x00000000800d6404                . = ALIGN (0x4)
                0x00000000800d6404                __bss_end = .

.eh_frame
 *(.eh_frame)

.rel.dyn        0x0000000000000000        0x0
 *(.rel.dyn)
 .rel.dyn       0x0000000000000000        0x0 obj/ssh_sp.o

.stab
 *(.stab)

.stabstr
 *(.stabstr)

.stab.excl
 *(.stab.excl)

.stab.exclstr
 *(.stab.exclstr)

.stab.index
 *(.stab.index)

.stab.indexstr
 *(.stab.indexstr)

.comment        0x0000000000000000       0x41
 *(.comment)
 .comment       0x0000000000000000       0x41 obj/app_sp.o
                                         0x42 (size before relaxing)
 .comment       0x0000000000000000       0x42 obj/OOBMAC_COMMON_sp.o
 .comment       0x0000000000000000       0x42 obj/ssh_sp.o
 .comment       0x0000000000000000       0x42 obj/dash_sp.o
 .comment       0x0000000000000000       0x42 obj/client_sp.o
 .comment       0x0000000000000000       0x42 obj/tcr_sp.o
 .comment       0x0000000000000000       0x42 obj/language_sp.o
 .comment       0x0000000000000000       0x42 obj/eventlog_sp.o
 .comment       0x0000000000000000       0x42 obj/gmac_sp.o
 .comment       0x0000000000000000       0x42 obj/bsp_sp.o
 .comment       0x0000000000000000       0x42 obj/sensor_sp.o
 .comment       0x0000000000000000       0x42 obj/netlib_sp.o
 .comment       0x0000000000000000       0x42 obj/x509parse_sp.o
 .comment       0x0000000000000000       0x42 obj/lib_sp.o
 .comment       0x0000000000000000       0x42 obj/arp_sp.o
 .comment       0x0000000000000000       0x42 obj/rtskt_sp.o
 .comment       0x0000000000000000       0x42 obj/ip_sp.o
 .comment       0x0000000000000000       0x42 obj/tcp_sp.o
 .comment       0x0000000000000000       0x42 obj/dhcp_sp.o
 .comment       0x0000000000000000       0x42 obj/icmp_sp.o
 .comment       0x0000000000000000       0x42 obj/usb_sp.o
 .comment       0x0000000000000000       0x42 obj/usb_ata_sp.o
 .comment       0x0000000000000000       0x42 obj/usbdesc_sp.o
 .comment       0x0000000000000000       0x42 obj/udp_sp.o
 .comment       0x0000000000000000       0x42 obj/pldm_sp.o
 .comment       0x0000000000000000       0x42 obj/usbdevice_interrupt_sp.o
 .comment       0x0000000000000000       0x42 obj/parammd_sp.o
 .comment       0x0000000000000000       0x42 obj/mmd_sp.o
 .comment       0x0000000000000000       0x42 obj/mdio_bitbang_sp.o
 .comment       0x0000000000000000       0x42 obj/testio_gpio_sp.o
 .comment       0x0000000000000000       0x42 obj/i2c_gpio_sp.o
 .comment       0x0000000000000000       0x42 obj/i2c_gpio_master_sp.o
 .comment       0x0000000000000000       0x42 obj/init_opt.o
 .comment       0x0000000000000000       0x42 obj/telnet_opt.o
 .comment       0x0000000000000000       0x42 obj/flash_opt.o
 .comment       0x0000000000000000       0x42 obj/asf_opt.o
 .comment       0x0000000000000000       0x42 obj/genpage_opt.o
 .comment       0x0000000000000000       0x42 obj/post_opt.o
 .comment       0x0000000000000000       0x42 obj/http_opt.o
 .comment       0x0000000000000000       0x42 obj/tls_opt.o
 .comment       0x0000000000000000       0x42 obj/htm_opt.o
 .comment       0x0000000000000000       0x42 obj/wcom_opt.o
 .comment       0x0000000000000000       0x42 obj/const.o
 .comment       0x0000000000000000       0x42 obj/hook.o

.reginfo        0x0000000000000000       0x18
 .reginfo       0x0000000000000000       0x18 obj/app_sp.o

.pdr            0x0000000000000000     0x4900
 .pdr           0x0000000000000000       0xc0 obj/app_sp.o
 .pdr           0x00000000000000c0      0x120 obj/OOBMAC_COMMON_sp.o
 .pdr           0x00000000000001e0      0x380 obj/ssh_sp.o
 .pdr           0x0000000000000560     0x1180 obj/dash_sp.o
 .pdr           0x00000000000016e0      0x180 obj/client_sp.o
 .pdr           0x0000000000001860       0xe0 obj/tcr_sp.o
 .pdr           0x0000000000001940       0x60 obj/language_sp.o
 .pdr           0x00000000000019a0       0x20 obj/eventlog_sp.o
 .pdr           0x00000000000019c0       0x40 obj/gmac_sp.o
 .pdr           0x0000000000001a00      0x1e0 obj/bsp_sp.o
 .pdr           0x0000000000001be0       0x80 obj/sensor_sp.o
 .pdr           0x0000000000001c60        0x0 obj/netlib_sp.o
 .pdr           0x0000000000001c60      0x2c0 obj/x509parse_sp.o
 .pdr           0x0000000000001f20      0x160 obj/lib_sp.o
 .pdr           0x0000000000002080       0x20 obj/arp_sp.o
 .pdr           0x00000000000020a0      0x140 obj/rtskt_sp.o
 .pdr           0x00000000000021e0       0x20 obj/ip_sp.o
 .pdr           0x0000000000002200      0x200 obj/tcp_sp.o
 .pdr           0x0000000000002400        0x0 obj/dhcp_sp.o
 .pdr           0x0000000000002400      0x140 obj/icmp_sp.o
 .pdr           0x0000000000002540      0x160 obj/usb_sp.o
 .pdr           0x00000000000026a0       0xa0 obj/usb_ata_sp.o
 .pdr           0x0000000000002740       0x20 obj/usbdesc_sp.o
 .pdr           0x0000000000002760        0x0 obj/udp_sp.o
 .pdr           0x0000000000002760      0x240 obj/pldm_sp.o
 .pdr           0x00000000000029a0      0x360 obj/usbdevice_interrupt_sp.o
 .pdr           0x0000000000002d00        0x0 obj/parammd_sp.o
 .pdr           0x0000000000002d00      0x1e0 obj/mmd_sp.o
 .pdr           0x0000000000002ee0      0x180 obj/mdio_bitbang_sp.o
 .pdr           0x0000000000003060      0x400 obj/testio_gpio_sp.o
 .pdr           0x0000000000003460      0x220 obj/i2c_gpio_sp.o
 .pdr           0x0000000000003680      0x240 obj/i2c_gpio_master_sp.o
 .pdr           0x00000000000038c0       0x60 obj/init_opt.o
 .pdr           0x0000000000003920      0x2a0 obj/telnet_opt.o
 .pdr           0x0000000000003bc0       0x40 obj/flash_opt.o
 .pdr           0x0000000000003c00       0x80 obj/asf_opt.o
 .pdr           0x0000000000003c80      0x1e0 obj/genpage_opt.o
 .pdr           0x0000000000003e60      0x120 obj/post_opt.o
 .pdr           0x0000000000003f80      0x220 obj/http_opt.o
 .pdr           0x00000000000041a0      0x360 obj/tls_opt.o
 .pdr           0x0000000000004500      0x3c0 obj/htm_opt.o
 .pdr           0x00000000000048c0       0x40 obj/wcom_opt.o
 .pdr           0x0000000000004900        0x0 obj/const.o
 .pdr           0x0000000000004900        0x0 obj/hook.o

.gnu.attributes
                0x0000000000000000       0x10
 .gnu.attributes
                0x0000000000000000       0x10 obj/app_sp.o
 .gnu.attributes
                0x0000000000000010       0x10 obj/OOBMAC_COMMON_sp.o
 .gnu.attributes
                0x0000000000000020       0x10 obj/ssh_sp.o
 .gnu.attributes
                0x0000000000000030       0x10 obj/dash_sp.o
 .gnu.attributes
                0x0000000000000040       0x10 obj/client_sp.o
 .gnu.attributes
                0x0000000000000050       0x10 obj/tcr_sp.o
 .gnu.attributes
                0x0000000000000060       0x10 obj/language_sp.o
 .gnu.attributes
                0x0000000000000070       0x10 obj/eventlog_sp.o
 .gnu.attributes
                0x0000000000000080       0x10 obj/gmac_sp.o
 .gnu.attributes
                0x0000000000000090       0x10 obj/bsp_sp.o
 .gnu.attributes
                0x00000000000000a0       0x10 obj/sensor_sp.o
 .gnu.attributes
                0x00000000000000b0       0x10 obj/netlib_sp.o
 .gnu.attributes
                0x00000000000000c0       0x10 obj/x509parse_sp.o
 .gnu.attributes
                0x00000000000000d0       0x10 obj/lib_sp.o
 .gnu.attributes
                0x00000000000000e0       0x10 obj/arp_sp.o
 .gnu.attributes
                0x00000000000000f0       0x10 obj/rtskt_sp.o
 .gnu.attributes
                0x0000000000000100       0x10 obj/ip_sp.o
 .gnu.attributes
                0x0000000000000110       0x10 obj/tcp_sp.o
 .gnu.attributes
                0x0000000000000120       0x10 obj/dhcp_sp.o
 .gnu.attributes
                0x0000000000000130       0x10 obj/icmp_sp.o
 .gnu.attributes
                0x0000000000000140       0x10 obj/usb_sp.o
 .gnu.attributes
                0x0000000000000150       0x10 obj/usb_ata_sp.o
 .gnu.attributes
                0x0000000000000160       0x10 obj/usbdesc_sp.o
 .gnu.attributes
                0x0000000000000170       0x10 obj/udp_sp.o
 .gnu.attributes
                0x0000000000000180       0x10 obj/pldm_sp.o
 .gnu.attributes
                0x0000000000000190       0x10 obj/usbdevice_interrupt_sp.o
 .gnu.attributes
                0x00000000000001a0       0x10 obj/parammd_sp.o
 .gnu.attributes
                0x00000000000001b0       0x10 obj/mmd_sp.o
 .gnu.attributes
                0x00000000000001c0       0x10 obj/mdio_bitbang_sp.o
 .gnu.attributes
                0x00000000000001d0       0x10 obj/testio_gpio_sp.o
 .gnu.attributes