
Allocating common symbols
Common symbol       size              file

IndicationStk       0x800             obj/app_sp.o
EData               0x4               obj/client_sp.o
m_dashPtype         0x2               obj/dash_sp.o
lcErr               0x1               obj/usb_ata_sp.o
mLanguageType       0x4               obj/lib_sp.o
dest                0x10              obj/client_sp.o
s_eventLog          0x4               obj/language_sp.o
s_matchCondition_f  0x4               obj/language_sp.o
s_startxxx_f        0x4               obj/language_sp.o
xuuid               0x20              obj/dash_sp.o
s_gigaEthControl    0x4               obj/language_sp.o
usbcs               0x4               obj/usb_ata_sp.o
dirty_ext           0x78              obj/lib_sp.o
RISC_ACC_STATUS     0x4               obj/gmac_sp.o
s_opSystem          0x4               obj/language_sp.o
s_dashtech          0x4               obj/language_sp.o
s_about_f           0x4               obj/language_sp.o
usbSrv              0x4               obj/usb_sp.o
Role                0x80              obj/dash_sp.o
s_networkSetting    0x4               obj/language_sp.o
DHCPv4Stk           0x400             obj/app_sp.o
Freq_MMD            0x4               obj/mmd_sp.o
m_CalChksum         0x4               obj/wcom_opt.o
m_processorInstance
                    0x14              obj/dash_sp.o
Freq_TESTIO         0x4               obj/testio_gpio_sp.o
current_state       0x10              obj/dash_sp.o
c_subhead           0x4               obj/client_sp.o
s_opSystem_f        0x4               obj/language_sp.o
m_biosAttrInstance  0x28              obj/dash_sp.o
s_serviceSetting_f  0x4               obj/language_sp.o
s_matchCondition    0x4               obj/language_sp.o
TaskSMBUSLOGStk     0x800             obj/app_sp.o
s_fan               0x4               obj/language_sp.o
m_biosEleInstance   0x14              obj/dash_sp.o
health_state        0x10              obj/dash_sp.o
s_mailAccount       0x4               obj/language_sp.o
USBQ                0x4               obj/usb_sp.o
s_realtek           0x4               obj/language_sp.o
TaskSNRReadStk      0x400             obj/app_sp.o
currentPort         0x2               obj/dash_sp.o
new_power           0x2               obj/dash_sp.o
s_eventLog_f        0x4               obj/language_sp.o
cpu_sr              0x4               obj/OOBMAC_COMMON_sp.o
s_asset             0x4               obj/language_sp.o
s_bios_f            0x4               obj/language_sp.o
s_realtek_f         0x4               obj/language_sp.o
TCPTimerStk         0x600             obj/app_sp.o
s_sensorstring_f    0x4               obj/language_sp.o
TelnetSrvStk        0x400             obj/app_sp.o
s_startxxx          0x4               obj/language_sp.o
TCRMsg              0x80              obj/bsp_sp.o
s_memDevice_f       0x4               obj/language_sp.o
m_swIdInstance      0x64              obj/dash_sp.o
m_ChipInstance      0x14              obj/dash_sp.o
s_cpu_f             0x4               obj/language_sp.o
s_about             0x4               obj/language_sp.o
s_realtekCop_f      0x4               obj/language_sp.o
TaskWSMANTLSStk     0xa00             obj/app_sp.o
m_CardInstance      0x14              obj/dash_sp.o
s_memDevice         0x4               obj/language_sp.o
source              0x10              obj/client_sp.o
s_asset_f           0x4               obj/language_sp.o
ResultRole          0x80              obj/dash_sp.o
s_welcome_f         0x4               obj/language_sp.o
s_dashtech_f        0x4               obj/language_sp.o
m_ChassisInstance   0x14              obj/dash_sp.o
read_data           0x80              obj/i2c_gpio_master_sp.o
USBTxSem            0x4               obj/usb_sp.o
m_httpAuthcredential
                    0x168             obj/http_opt.o
s_welstr_f          0x4               obj/language_sp.o
to                  0x4               obj/dash_sp.o
m_SlotInstance      0x28              obj/dash_sp.o
m_sensorInstance    0x14              obj/dash_sp.o
s_computerSys_f     0x4               obj/language_sp.o
m_memInstance       0x14              obj/dash_sp.o
sk                  0x4               obj/dash_sp.o
RISC_ACC_BYTEEN     0x4               obj/gmac_sp.o
RISC_RW_SEL         0x4               obj/gmac_sp.o
bind_port           0x4               obj/dash_sp.o
uri                 0x40              obj/client_sp.o
TaskWSMANStk        0xa00             obj/app_sp.o
s_networkSetting_f  0x4               obj/language_sp.o
s_mailWakeup        0x4               obj/language_sp.o
m_PhyMemInstance    0x28              obj/dash_sp.o
privilege           0x20              obj/dash_sp.o
boot_seq            0x10              obj/dash_sp.o
TaskTCPStk          0xe00             obj/app_sp.o
s_mailWakeup_f      0x4               obj/language_sp.o
m_ShouldChksum      0x4               obj/wcom_opt.o
TaskSMBUSStk        0x400             obj/app_sp.o
[...]
Memory Configuration

Name             Origin             Length             Attributes
sram             0x00000000800c0000 0x0000000000026c00
boot             0x000000009fc00000 0x0000000000004000
flash            0x0000000082030000 0x00000000000c0000
conf             0x0000000082020000 0x0000000000010000
wake             0x0000000082022000 0x0000000000002000
ddrdata          0x0000000088800000 0x0000000000400000
ddrcode          0x0000000088c00000 0x0000000000400000
VGA_ROM          0x0000000082000000 0x0000000000005000
VGA_DDR          0x0000000088000000 0x0000000000800000
language_en      0x00000000820f0000 0x0000000000008000
language_2       0x00000000820f8000 0x0000000000008000
irom             0x0000000000000000 0xffffffffffffffff
imem0            0x0000000000000000 0xffffffffffffffff
ddr              0x0000000000000000 0xffffffffffffffff
*default*        0x0000000000000000 0xffffffffffffffff

Linker script and memory map

LOAD obj/app_sp.o
LOAD obj/OOBMAC_COMMON_sp.o
LOAD obj/ssh_sp.o
LOAD obj/dash_sp.o
LOAD obj/client_sp.o
LOAD obj/tcr_sp.o
LOAD obj/language_sp.o
LOAD obj/eventlog_sp.o
LOAD obj/gmac_sp.o
LOAD obj/bsp_sp.o
LOAD obj/sensor_sp.o
LOAD obj/netlib_sp.o
LOAD obj/x509parse_sp.o
LOAD obj/lib_sp.o
LOAD obj/arp_sp.o
LOAD obj/rtskt_sp.o
LOAD obj/ip_sp.o
LOAD obj/tcp_sp.o
LOAD obj/dhcp_sp.o
LOAD obj/icmp_sp.o
LOAD obj/usb_sp.o
LOAD obj/usb_ata_sp.o
LOAD obj/usbdesc_sp.o
LOAD obj/udp_sp.o
LOAD obj/pldm_sp.o
LOAD obj/usbdevice_interrupt_sp.o
LOAD obj/parammd_sp.o
LOAD obj/mmd_sp.o
LOAD obj/mdio_bitbang_sp.o
LOAD obj/testio_gpio_sp.o
LOAD obj/i2c_gpio_sp.o
LOAD obj/i2c_gpio_master_sp.o
LOAD obj/init_opt.o
LOAD obj/telnet_opt.o
LOAD obj/flash_opt.o
LOAD obj/asf_opt.o
LOAD obj/genpage_opt.o
LOAD obj/post_opt.o
LOAD obj/http_opt.o
LOAD obj/tls_opt.o
LOAD obj/htm_opt.o
LOAD obj/wcom_opt.o
LOAD obj/const.o
LOAD obj/hook.o

.conf           0x0000000082020000     0x2000
 *(.conf)
 .conf          0x0000000082020000     0x2000 obj/const.o
                0x0000000082020000                dpstart
                0x000000008202008c                padc
                0x0000000082021000                dpset
                0x0000000082021370                pad

.wake
 *(.wake)

.boot
 *(.boot)

.language_en    0x00000000820f0000      0x174
 *(.language_en)
 .language_en   0x00000000820f0000      0x174 obj/language_sp.o
                0x00000000820f0000                s_startxxx_en
                0x00000000820f0004                s_dashtech_en
                0x00000000820f001c                s_computerSys_en
                0x00000000820f002c                s_opSystem_en
                0x00000000820f0040                s_softwIdentity_en
                0x00000000820f0054                s_systemInfo_en
                0x00000000820f0068                s_bios_en
                0x00000000820f0070                s_cpu_en
                0x00000000820f0074                s_memDevice_en
                0x00000000820f0084                s_fan_en
                0x00000000820f0088                s_sensorstring_en
                0x00000000820f0090                s_asset_en
                0x00000000820f0098                s_remoteControl_en
                0x00000000820f00a8                s_eventLog_en
                0x00000000820f00b4                s_networkSetting_en
                0x00000000820f00c4                s_serviceSetting_en
                0x00000000820f00d4                s_mailWakeup_en
                0x00000000820f00e4                s_mailAccount_en
                0x00000000820f00f4                s_matchCondition_en
                0x00000000820f0104                s_about_en
                0x00000000820f010c                s_realtek_en
                0x00000000820f0114                s_welcome_en
                0x00000000820f011c                s_welstr_en
                0x00000000820f013c                s_gigaEthControl_en
                0x00000000820f0158                s_realtekCop_en

.language_2     0x00000000820f8000      0x3d0
 *(.language_2)
 .language_2    0x00000000820f8000      0x3d0 obj/language_sp.o
                0x00000000820f8000                s_startxxx_2
                0x00000000820f8018                s_dashtech_2
                0x00000000820f8048                s_computerSys_2
                0x00000000820f8070                s_opSystem_2
                0x00000000820f8098                s_softwIdentity_2
                0x00000000820f80c4                s_systemInfo_2
                0x00000000820f80f0                s_bios_2
                0x00000000820f8108                s_cpu_2
                0x00000000820f8120                s_memDevice_2
                0x00000000820f8148                s_fan_2
                0x00000000820f8160                s_sensorstring_2
                0x00000000820f817c                s_asset_2
                0x00000000820f8198                s_remoteControl_2
                0x00000000820f81c4                s_eventLog_2
                0x00000000820f81e8                s_networkSetting_2
                0x00000000820f8218                s_serviceSetting_2
                0x00000000820f8248                s_mailWakeup_2
                0x00000000820f8270                s_mailAccount_2
                0x00000000820f8298                s_matchCondition_2
                0x00000000820f82c8                s_about_2
                0x00000000820f82e4                s_realtek_2
                0x00000000820f8300                s_welcome_2
                0x00000000820f831c                s_welstr_2
                0x00000000820f835c                s_gigaEthControl_2
                0x00000000820f8398                s_realtekCop_2

.imem0
 *(.trap_handler)

.init           0x0000000082030000      0x178
 obj/init*.o(*.text)
 .text          0x0000000082030000      0x178 obj/init_opt.o
                0x0000000082030000                c_init
                0x0000000082030080                init_NIC_SD
                0x00000000820300e0                init_testItem_SD
 *(.init)

.sram           0x00000000800c0000     0xbbc4 load address 0x0000000082030178
 obj/8168h*.o(.text)
 obj/vga*.o(.text)
 obj/vnc*.o(.text)
 obj/des*.o(.text)
 obj/smbus*.o(.text)
 obj/telnet*.o(.text)
 .text          0x00000000800c0000     0x1cc8 obj/telnet_opt.o
                0x00000000800c0000                sendUSBPkt_F
                0x00000000800c02a4                USBClientTask
                0x00000000800c062c                FREQ
                0x00000000800c0664                USBSrvTask
                0x00000000800c0718                flushTelnetSendBuffer
                0x00000000800c08dc                sendNVTOpt
                0x00000000800c094c                sendNVTSubOpt
                0x00000000800c09c8                sendTelnetData
                0x00000000800c0b20                putCMDBuf
                0x00000000800c0b50                putSendBuf
                0x00000000800c0ba4                parseCmdBufffer
                0x00000000800c0fec                sendShellTag
                0x00000000800c106c                getShellCmd
                0x00000000800c1294                negoNVTCTLWill
                0x00000000800c1368                negoNVTCTLWont
                0x00000000800c1370                negoNVTCTLDo
                0x00000000800c141c                negoNVTCTLDont
                0x00000000800c1424                negoNVTCTLSB
                0x00000000800c1670                parseNVTOpt
                0x00000000800c16cc                negoTelnetOpt
                0x00000000800c17e8                telnetConsole
 obj/usb*.o(.text)
 .text          0x00000000800c1cc8      0x86c obj/usb_sp.o
                0x00000000800c1cc9                usb_config_init
                0x00000000800c1d69                USBDataWebGet
                0x00000000800c1e15                getDiskSize
                0x00000000800c1e79                getWebData
                0x00000000800c1f41                getType
                0x00000000800c2061                getMBR
                0x00000000800c219d                sendUSBPkt
                0x00000000800c230d                handle_ep_complete
                0x00000000800c234d                USBQHandle
                0x00000000800c2415                stopUSB
                0x00000000800c24fd                wait_AHB_idle
 .text          0x00000000800c2534      0x1fc obj/usb_ata_sp.o
                0x00000000800c2535                FWupdate_Parsing
                0x00000000800c25e1                CMD_Parsing
                0x00000000800c2685                ata_cbw
                0x00000000800c26bd                ata_csw
                0x00000000800c272d                IsValidCBW
 .text          0x00000000800c2730      0x188 obj/usbdesc_sp.o
                0x00000000800c2731                usb_desc_init
 .text          0x00000000800c28b8     0x1340 obj/usbdevice_interrupt_sp.o
                0x00000000800c28ed                otg_usb_enabled
                0x00000000800c2929                otg_usb_disabled
                0x00000000800c296d                device_int_suspend
                0x00000000800c2995                device_int_resume
                0x00000000800c29ad                core_reset
                0x00000000800c2a21                Rd_UPHY
                0x00000000800c2aa1                Wt_UPHY
                0x00000000800c2b2d                dwc_otg_flush_tx_fifo
                0x00000000800c2b79                dwc_otg_flush_rx_fifo
                0x00000000800c2bad                usb_dev_init
                0x00000000800c2db5                otg_usb_init
                0x00000000800c2e49                ep0_out_start
                0x00000000800c2eb9                usb_dev_reset
                0x00000000800c2fc5                set_usb_hs
                0x00000000800c2ff5                set_usb_fs
                0x00000000800c3021                device_int_enum_done
                0x00000000800c30f9                dwc_otg_ep0_start_transfer
                0x00000000800c3169                dwc_otg_ep_start_transfer
                0x00000000800c32cd                dwc_otg_ep_activate
                0x00000000800c33a5                ep_set_stall
                0x00000000800c3411                ep_clear_stall
                0x00000000800c3461                setup_phase
                0x00000000800c3871                handle_ep0
                0x00000000800c38b9                device_int_out_ep
                0x00000000800c3a01                device_int_in_ep
                0x00000000800c3ad1                bsp_usb_handler
 obj/ssh*.o(.text)
 .text          0x00000000800c3bf8     0x1fb0 obj/ssh_sp.o
                0x00000000800c3c79                buf_init
                0x00000000800c3c9d                buf_clear
                0x00000000800c3cad                buf_new
                0x00000000800c3cd1                buf_free
                0x00000000800c3ced                setInt
                0x00000000800c3f49                rsa_pkcs1_sign_sechash
                0x00000000800c40ad                sendSrvSSHPtlVerExMsg
                0x00000000800c4119                SSHFree
                0x00000000800c41c9                genrandom
                0x00000000800c447d                srvKeyExInit
                0x00000000800c4645                SSHInit
                0x00000000800c4829                sshEncodeData
                0x00000000800c483d                sshEncodeBanner
                0x00000000800c4851                send_msg_channel_close
                0x00000000800c48c5                channelRequest
                0x00000000800c57d1                recv_unimplemented
                0x00000000800c57d5                sshrx
                0x00000000800c5ab9                sshClient
                0x00000000800c5af5                sshSrv
 obj/client*.o(.text)
 .text          0x00000000800c5ba8      0xb84 obj/client_sp.o
                0x00000000800c5ba9                c_insertlen
                0x00000000800c5c0d                c_sendpacket
                0x00000000800c5c69                c_new_send_list
                0x00000000800c5ca1                parser_subinfo
                0x00000000800c5d85                send_heartbeat
                0x00000000800c5fb1                EgenXML
                0x00000000800c605d                send_event
                0x00000000800c628d                ReleaseEvent
                0x00000000800c62bd                EventDefaultInstance
                0x00000000800c635d                c_subscribe
                0x00000000800c638d                ReleaseSub
                0x00000000800c63c1                clientTask1
 obj/icmp*.o(.text)
 .text          0x00000000800c672c      0xa0c obj/icmp_sp.o
                0x00000000800c672d                icmpInput_debug
                0x00000000800c684d                routerAdvertise
                0x00000000800c6941                icmpv6EchoReply
                0x00000000800c6a89                icmpv6Solicitation
                0x00000000800c6bf5                getLinkLocalEUIAddr
                0x00000000800c6c61                chkLinkLocalEUIAddr
                0x00000000800c6cb1                icmpv6Advertisement
                0x00000000800c6d75                icmpv6Input
                0x00000000800c6e2d                neighborSolicite
                0x00000000800c6fe1                routerSolicite
 obj/udp*.o(.text)
 .text          0x00000000800c7138        0x0 obj/udp_sp.o
 obj/snmp*.o(.text)
 *(.sram)
 .sram          0x00000000800c7138      0x2a4 obj/bsp_sp.o
                0x00000000800c7181                bsp_timer_init
                0x00000000800c7265                bsp_setup
 .sram          0x00000000800c73dc      0x244 obj/lib_sp.o
                0x00000000800c73dd                setupPatchFun
 .sram          0x00000000800c7620      0x5e4 obj/rtskt_sp.o
                0x00000000800c7621                rtSktAccept
                0x00000000800c76e1                rtSktUDPSendTo
                0x00000000800c7999                getUDPAddressInfo
                0x00000000800c79e9                rtSktConnect
 .sram          0x00000000800c7c04     0x1050 obj/tcp_sp.o
                0x00000000800c7c05                tcpProcess
                0x00000000800c8111                tcpRxInput
                0x00000000800c82c5                addTcpHeader
                0x00000000800c8605                tcpDequeue
                0x00000000800c86a9                tcpPeriodChk
                0x00000000800c87a1                tcpInput
                0x00000000800c8a5d                tcpTimerTask
 .sram          0x00000000800c8c54      0x220 obj/pldm_sp.o
                0x00000000800c8c55                bsp_pldm_set
 .sram          0x00000000800c8e74      0x210 obj/asf_opt.o
                0x00000000800c8e74                bsp_load_asf_default
 obj/parammd*.o(.text)
 .text          0x00000000800c9084        0x0 obj/parammd_sp.o
 obj/mmd*.o(.text)
 .text          0x00000000800c9084      0xc7c obj/mmd_sp.o
                0x00000000800c9085                OCD_Write
                0x00000000800c9165                OCD_Read
                0x00000000800c923d                Direct_Write
                0x00000000800c9279                Direct_Read
                0x00000000800c92b5                Direct_post_Read
                0x00000000800c92f1                EFUSE_read
                0x00000000800c937d                EFUSE_write
                0x00000000800c9409                GPHY_read
                0x00000000800c9479                GPHY_write
                0x00000000800c951d                EPHY_read
                0x00000000800c958d                EPHY_write
                0x00000000800c9631                MMD_Processing
                0x00000000800c9b61                MMD_Parsing
                0x00000000800c9c49                MMD_Init
                0x00000000800c9c69                MMD_Test_Task
 obj/mdio_bitbang*.o(.text)
 .text          0x00000000800c9d00      0x46c obj/mdio_bitbang_sp.o
                0x00000000800c9d01                check_test_timer
                0x00000000800c9d25                get_timer
                0x00000000800c9d49                wr_ndelay
                0x00000000800c9ea9                rd_ndelay
                0x00000000800c9fc1                mdiobb_read
                0x00000000800ca059                mdiobb_post_read
                0x00000000800ca0f1                mdiobb_write
 obj/testio_gpio*.o(.text)
 .text          0x00000000800ca16c      0xb8c obj/testio_gpio_sp.o
                0x00000000800ca16d                Testio_Gpio_Init
                0x00000000800ca195                TESTIO_Direct_Write
                0x00000000800ca1cd                TESTIO_Direct_Read
                0x00000000800ca205                RdOCPAddr
                0x00000000800ca27d                ParaOCPMCUSTALLRead
                0x00000000800ca291                ReadOCPMCUSTALLRegTestIO
                0x00000000800ca2a5                WtOCPAddr
                0x00000000800ca321                ParaOCPMCUSTALLWrite
                0x00000000800ca335                WriteOCPMCUSTALLRegTestIO
                0x00000000800ca3e1                RdOCPAddr_Alive
                0x00000000800ca471                WtOCPAddr_Alive
                0x00000000800ca509                ParaOCPRead
                0x00000000800ca51d                ParaOCPWrite
                0x00000000800ca53d                ParaGPHYWrite
                0x00000000800ca585                ParaGPHYRead
                0x00000000800ca5c1                ReadPhyRegNoPageTestIO
                0x00000000800ca5d5                WritePhyRegNoPageTestIO
                0x00000000800ca62d                ParaEFUSERead
                0x00000000800ca671                ReadEFUSETestIO
                0x00000000800ca685                ReadEFUSETestIO16
                0x00000000800ca699                ParaEFUSEWrite
                0x00000000800ca6e9                WriteEFUSETestIO
                0x00000000800ca73d                ParaEFUSEWrite16
                0x00000000800ca7a5                WriteEFUSETestIO16
                0x00000000800ca811                ParaEPHYRead
                0x00000000800ca849                ReadEPhyRegTestIO
                0x00000000800ca85d                ParaEPHYWrite
                0x00000000800ca8a5                WriteEPhyRegTestIO
                0x00000000800ca901                ReadOCPRegTestIO
                0x00000000800ca915                WriteOCPRegTestIO
                0x00000000800ca995                Testio_Processing
                0x00000000800cabd9                Testio_Parsing
 obj/i2c_gpio*.o(.text)
 .text          0x00000000800cacf8      0x5e4 obj/i2c_gpio_sp.o
                0x00000000800cacf9                i2c_start
                0x00000000800cad3d                i2c_stop
                0x00000000800cad71                i2c_read_ack
                0x00000000800cadb5                i2c_send_ack
                0x00000000800caded                i2c_send_nack
                0x00000000800cae25                i2c_write_byte
                0x00000000800cae99                i2c_read_byte
                0x00000000800caf09                i2c_read
                0x00000000800caf69                i2c_write
                0x00000000800cafbd                write_reg
                0x00000000800cafe1                read_reg
                0x00000000800cb019                set_port_dir
                0x00000000800cb085                get_port_val
                0x00000000800cb0c5                set_port_val
                0x00000000800cb12d                GPIO_IIC_Init
                0x00000000800cb141                GPIO_Processing
                0x00000000800cb209                GPIO_Parsing
 .text          0x00000000800cb2dc      0x8e8 obj/i2c_gpio_master_sp.o
                0x00000000800cb309                wait_us
                0x00000000800cb405                I2C_delay
                0x00000000800cb415                wait_us_S
                0x00000000800cb45d                I2C_delay_S
                0x00000000800cb46d                init_gpio_dir
                0x00000000800cb4bd                set_gpio_output
                0x00000000800cb501                get_gpio_input
                0x00000000800cb531                i2c_start_cond
                0x00000000800cb59d                i2c_stop_cond
                0x00000000800cb5fd                i2c_write_bit
                0x00000000800cb651                i2c_read_bit
                0x00000000800cb6b9                i2c_write_byte_M
                0x00000000800cb711                i2c_read_byte_M
                0x00000000800cb761                i2c_cp_write_byte
                0x00000000800cb7ed                i2c_write_byte_retry
                0x00000000800cb851                i2c_cp_write_multibyte
                0x00000000800cb8d5                i2c_cp_read_multibyte
                0x00000000800cb9f1                i2c_chargerIC_USB3750_reset
                0x00000000800cba31                I2C_gpio_init

.ddr
                0x0000000082030178                __sram_start_lma = LOADADDR (.sram)
                0x00000000800c0000                __sram_start_vma = ADDR (.sram)
                0x000000000000bbc4                __sram_size = SIZEOF (.sram)

.text           0x000000008203bd3c    0x23778
 *(.text)
 .text          0x000000008203bd3c      0x13c obj/app_sp.o
                0x000000008203bdd5                bsp_KCS_RKVM_NCSI_shareHandler
                0x000000008203bde9                bsp_FUN0_EHCI_shareHandler
                0x000000008203bdf9                Function0_Interrupt_shareHandler
                0x000000008203be3d                RISC_FRE_divide
 .text          0x000000008203be78      0x43c obj/OOBMAC_COMMON_sp.o
                0x000000008203be79                OOB_access_IB_channel
                0x000000008203bead                OOB_READ_IB
                0x000000008203bef9                OOB_WRITE_IB
                0x000000008203bf3d                OOB_WRITE_IB_BIT
                0x000000008203c029                OOBMAC_sharepin_mode_set
                0x000000008203c0f1                OOBMAC_gpio_init
                0x000000008203c1e9                OOBMAC_gpio_output
                0x000000008203c241                OOBMAC_gpio_input
                0x000000008203c261                OOBMAC_gpio_input_general
 .text          0x000000008203c2b4     0xc0d4 obj/dash_sp.o
                0x000000008203c2b5                UpdateComputerSystemCIM
                0x000000008203c325                getEnableState
                0x000000008203c379                getRequestedState
                0x000000008203c3c5                getOperationalStatus
                0x000000008203c40d                getMemoryType
                0x000000008203c455                getAccess
                0x000000008203c489                getHealthState
                0x000000008203c4fd                getSwIdInstanceCount
                0x000000008203c569                getbiosAttrInstanceCount
                0x000000008203c5d5                getMemInstanceCount
                0x000000008203c641                getProcessorInstanceCount
                0x000000008203c6ad                getbiosEleInstanceCount
                0x000000008203c715                getFanInstanceCount
                0x000000008203c77d                getSensorInstanceCount
                0x000000008203c7e5                getCommonInstanceCount
                0x000000008203c9c1                returnOperationSys
                0x000000008203cb35                getBIOSElemProperty
                0x000000008203cbcd                getBIOSAttrProperty
                0x000000008203cc15                getCommonProperty
                0x000000008203d039                getPowerMangSrvProperty
                0x000000008203d0d5                getTestCIMProperty_debug
                0x000000008203d109                getOsPropertyFromIdata
                0x000000008203d119                getOperationSysProperty
                0x000000008203d241                getComputerSysProperty
                0x000000008203d341                getPowerMangCapProperty
                0x000000008203d3dd                NewMem
                0x000000008203d435                ReleaseBuf
                0x000000008203d47d                TmpNewMem
                0x000000008203d4d5                TmpReleaseBuf
                0x000000008203d51d                generate_uuid
                0x000000008203d621                strback
                0x000000008203d639                str2hex
                0x000000008203d6a5                subscribe
                0x000000008203d725                unsubscribe
                0x000000008203d7b1                sendpacket
                0x000000008203d829                ReleaseProfile
                0x000000008203d845                releaseSoftwareIdCIM
                0x000000008203d88d                releaseBIOSElementCIM
                0x000000008203d8d5                releaseBIOSAttrCIM
                0x000000008203d91d                releaseProcessorCIM
                0x000000008203d965                releaseMemoryCIM
                0x000000008203d9ad                releaseSensorCIM
                0x000000008203d9f5                releaseFanCIM
                0x000000008203da3d                releaseCommonCIM
                0x000000008203dc19                releaseOperationSysCIM
                0x000000008203dc49                releaseCardCIM
                0x000000008203dc91                releaseChassisCIM
                0x000000008203dcd9                ClearSendBuf
                0x000000008203dd15                new_send_list
                0x000000008203dd51                insertlen
                0x000000008203dde5                ProfileEntry
                0x000000008203ded9                SearchEnd
                0x000000008203df4d                GetInstanceCount
                0x000000008203e08d                GetElement
                0x000000008203e105                SetElement
                0x000000008203e149                SelectElement
                0x000000008203e295                SearchIndex
                0x000000008203e2f5                DefaultRoleInstance
                0x000000008203e4a5                DefaultLogInstance
                0x000000008203e681                DefaultIndicationInstance
                0x000000008203e8a9                DefaultPldmInstance
                0x000000008203ec09                DefaultInbandInstance
                0x000000008203f339                UpdateOperationSysCIM
                0x000000008203f381                UpdateSoftwareIdCIM
                0x000000008203f3c5                GetTotalValue
                0x000000008203f441                DefaultSensorInstance
                0x000000008203fad5                UpdateFanCIM
                0x000000008203fb29                UpdateSensorCIM
                0x000000008203fb71                DefaultPrivilegeInstance
                0x000000008203fd71                DefaultElementConformsInstance
                0x000000008203fefd                DefaultRegisterInstance
                0x000000008204011d                DefaultBiosInstance
                0x0000000082040435                UpdateBIOSAttrCIM
                0x0000000082040479                InitialRegister
                0x00000000820404b9                ParserNsData
                0x000000008204063d                PutBodyElement
                0x00000000820409d9                gen_nsdata
                0x0000000082040ab5                gen_action
                0x0000000082040c81                wsman_identify_stub
                0x0000000082040ead                create_release_response_envelope
                0x0000000082040f71                create_delete_response_envelope
                0x0000000082041111                create_create_response_envelope
                0x0000000082041355                create_enumerate_response_envelope
                0x000000008204149d                create_evt_getstatus_response_envelope
                0x0000000082041599                create_evt_renew_response_envelope
                0x0000000082041695                auth_anon
                0x00000000820416f5                auth_error
                0x000000008204183d                response_fault
                0x0000000082041975                ParserAction
                0x0000000082041a05                ResetUsed
                0x0000000082041a39                InitElement
                0x0000000082041a9d                getUserState
                0x0000000082041af5                DefaultAccountInstance
                0x0000000082041ccd                DefaultInstance
                0x0000000082042bcd                UpdateProcessorCIM
                0x0000000082042c21                UpdateMemoryCIM
                0x0000000082042c75                UpdateCommonCIM
                0x0000000082042f65                UpdateBIOSElementCIM
                0x0000000082042fb5                genXML
                0x00000000820433c9                create_pull_response_envelope
                0x0000000082043c09                create_get_response_envelope
                0x0000000082043d09                create_put_response_envelope
                0x0000000082043e1d                create_subscribe_response_envelope
                0x000000008204409d                create_unsubscribe_response_envelope
                0x00000000820441c5                create_invoke_response_envelope
                0x00000000820444f1                register_endpoint
                0x00000000820445d5                SearchKey
                0x0000000082044815                SearchReference
                0x000000008204498d                EnableUser
                0x0000000082044a09                md_RequestStateChange
                0x0000000082044e29                md_RequestPowerStateChange
                0x0000000082044f45                md_ApplyBootConfigSetting
                0x0000000082044f49                md_CreateBootConfigSetting
                0x0000000082044fc1                md_ChangeBootOrderPldm
                0x00000000820450e9                md_SetBootConfigRole
                0x00000000820451a1                md_CreateAccount
                0x0000000082045355                md_AssignRoles
                0x00000000820454cd                md_ModifyRole
                0x0000000082045669                md_CreateRole
                0x0000000082045849                md_DeleteRole
                0x00000000820458c5                md_FirmwareUpdate
                0x00000000820458e1                md_CreateOpaque
                0x00000000820459fd                md_ReadWriteOpaque
                0x0000000082045c5d                md_ReassignOwnershipOpaque
                0x0000000082045db1                md_SetBIOSAttribute
                0x0000000082045e75                md_RestoreBIOSDefaults
                0x0000000082045ec1                CheckSensor
                0x0000000082045ef1                ParserBody
                0x0000000082046ca1                check_envelope
                0x0000000082047239                ParserElement
                0x00000000820474d9                parseelt
                0x00000000820474f9                check_missing
                0x0000000082047539                debug_printfIP
                0x0000000082047565                ConnectControl
                0x0000000082047891                wsinit
                0x000000008204795d                wsman
                0x0000000082048071                wsmanSrv
                0x0000000082048139                wsmanSrvIPv6
                0x00000000820481ed                wsmanSrvTLS
                0x00000000820482b9                wsmanSrvTLSIPv6
 .text          0x0000000082048388      0x844 obj/tcr_sp.o
                0x0000000082048389                bsp_tcr_init
                0x0000000082048581                tcrrx
                0x000000008204877d                bsp_kcs_init_patch
                0x0000000082048885                bsp_tcr_handler
                0x00000000820489d5                bsp_kcs_handler_patch
                0x0000000082048ac9                tcrread
                0x0000000082048b55                stopTCR
 .text          0x0000000082048bcc      0xa48 obj/language_sp.o
                0x0000000082048bcd                setLanguageType
                0x0000000082048e29                buildKeyworkTable_foreign
                0x00000000820495f9                buildKeyworkTable
 .text          0x0000000082049614      0x7cc obj/eventlog_sp.o
                0x0000000082049615                getEventLogParser
 .text          0x0000000082049de0      0x1b8 obj/gmac_sp.o
                0x0000000082049de1                bsp_inband_push_ack
                0x0000000082049e99                bsp_get_inband_data
 .text          0x0000000082049f98      0x414 obj/bsp_sp.o
                0x0000000082049f99                setIPAddress_withoutFlash
                0x000000008204a059                bsp_timer_reinit
                0x000000008204a119                SetPowerSavingParameter
                0x000000008204a11d                bsp_setup_R
                0x000000008204a155                bsp_IODrvAP_exist
                0x000000008204a175                ReadIBReg
                0x000000008204a1b1                WriteIBReg
                0x000000008204a1f1                lan_wake
                0x000000008204a241                UMAC_RST
                0x000000008204a2ad                OOB_READ_IB_0
                0x000000008204a2e9                OOB_WRITE_IB_0
                0x000000008204a329                usb_otg_patch
 .text          0x000000008204a3ac      0x518 obj/sensor_sp.o
                0x000000008204a481                set_pldm_snr_slave_address
                0x000000008204a4d1                ParserSensor
                0x000000008204a809                pldm_snr_read
 .text          0x000000008204a8c4        0x0 obj/netlib_sp.o
 .text          0x000000008204a8c4     0x144c obj/x509parse_sp.o
                0x000000008204a9ad                asn1_get_tag
                0x000000008204ac29                asn1_get_int
                0x000000008204ac7d                asn1_get_char
                0x000000008204accd                asn1_get_uint
                0x000000008204ad21                x509parse_dn_gets
                0x000000008204aef1                x509parse_time_expired
                0x000000008204af45                x509parse_revoked
                0x000000008204af85                x509parse_verify
                0x000000008204b195                x509_free
                0x000000008204b239                x509parse_crt
                0x000000008204b879                x509_crl_free
                0x000000008204b911                x509parse_crl
 .text          0x000000008204bd10      0x40c obj/lib_sp.o
                0x000000008204bd11                allocIPPkt_4bytesAlignment
                0x000000008204bd91                makeAlertEvent
                0x000000008204bd95                setdirtylen
                0x000000008204bdc5                writeflash
                0x000000008204bfc5                AcquireIbOobMutex
                0x000000008204c035                ReleaseIbOobMutex
                0x000000008204c05d                setSleepDeep
                0x000000008204c06d                TCRDisable
                0x000000008204c091                TCREnable
                0x000000008204c0b5                getFwLogParser
 .text          0x000000008204c11c      0x194 obj/arp_sp.o
                0x000000008204c11d                findEtherAddr
 .text          0x000000008204c2b0      0x5a4 obj/rtskt_sp.o
                0x000000008204c2b1                getDNSAnsRRPos
                0x000000008204c2dd                getIPAddrPos
                0x000000008204c45d                getPortNumber
                0x000000008204c48d                rtSktEnableRMCPPortFilter
                0x000000008204c491                rtSktDisableRMCPPortFilter
                0x000000008204c495                rtGethostbyname
 .text          0x000000008204c854      0x10c obj/ip_sp.o
                0x000000008204c855                ipInput
 .text          0x000000008204c960      0xaa8 obj/tcp_sp.o
                0x000000008204c961                removePCB
                0x000000008204cac9                matchIntf
                0x000000008204caed                reserveIBPort
                0x000000008204cbb5                SetIBPF
                0x000000008204cbf5                SetOOBPF
                0x000000008204cc75                removePortFilterTableEP
                0x000000008204ce7d                reloadFilterTableEP
                0x000000008204d019                setNewIBTCAMPortPF
                0x000000008204d1b1                setPortFilterTableEP
 .text          0x000000008204d408        0x0 obj/dhcp_sp.o
 .text          0x000000008204d408     0x1c8c obj/pldm_sp.o
                0x000000008204d409                _unicode
                0x000000008204d469                AddItem
                0x000000008204d499                ReleasePldm
                0x000000008204d4d5                SearchAttr
                0x000000008204d549                SetValue
                0x000000008204d6f1                InitialPLDM
                0x000000008204d859                getPLDMElement
                0x000000008204d885                CreateAttrVal
                0x000000008204d905                handle_pldm_br_phoenix
                0x000000008204da55                handle_pldm_br_ami
                0x000000008204ddc1                handle_pldm_bw
                0x000000008204ddc5                setPLDMEndPoint
                0x000000008204ddf1                handle_pldm_tags
                0x000000008204df51                pldm_handle_setgettime
                0x000000008204dfe9                smbus_process_pldm_br_ami
                0x000000008204e2b5                smbus_process_pldm_br_phoenix
                0x000000008204e439                smbus_process_pldm_bw
 .text          0x000000008204f094      0x8d8 obj/flash_opt.o
                0x000000008204f094                CompareSMBIOS
                0x000000008204f15c                FlashTask
 .text          0x000000008204f96c      0x624 obj/asf_opt.o
                0x000000008204f96c                bsp_set_pldm_slave_address
                0x000000008204f9d4                bsp_set_asftbl
                0x000000008204fa5c                ParserASFTable
 .text          0x000000008204ff90     0x1d00 obj/genpage_opt.o
                0x000000008204ff90                biosPage
                0x0000000082050414                sysInfoPage
                0x0000000082050594                basedBoardPage
                0x0000000082050714                chassisPage
                0x0000000082050894                sysBootPage
                0x00000000820509b4                processorPage
                0x0000000082050bc4                phyMemArrayPage
                0x0000000082050dc0                cachePage
                0x0000000082050f80                portConnectorPage
                0x0000000082051154                sysSlotPage
                0x0000000082051324                memDevPage
                0x00000000820514c8                memArrayMapAddrPage
                0x0000000082051698                onBoardDevPage
                0x0000000082051864                sysEventLogPage
                0x0000000082051b94                genSMBIOSWebPage
 .text          0x0000000082051c90     0x1a04 obj/post_opt.o
                0x0000000082051fac                verifyIPField
                0x0000000082051fbc                netSetIPv4Value
                0x0000000082052144                netSetIPv6Value
                0x00000000820522d8                netSet
                0x0000000082052cb4                serviceSet
                0x0000000082052e88                remoteCtlSet
                0x00000000820533a0                tlsAuth
                0x00000000820535a0                urltoken
 .text          0x0000000082053694     0x280c obj/http_opt.o
                0x0000000082053780                isLegalAuthcredential
                0x0000000082053864                setAuthCredential
                0x0000000082053a3c                releaseAuthCredential
                0x0000000082053b3c                basicAuth
                0x0000000082053d20                digestAuth
                0x0000000082054e5c                webPost
                0x00000000820550c0                parsePostRequest
                0x00000000820555fc                httpPost
                0x00000000820556d8                httpGet
                0x0000000082055878                http_debug
                0x000000008205595c                getLanguageType
                0x0000000082055a30                httpRx
                0x0000000082055c74                getHttpHeaderInfo
                0x0000000082055e98                initTCPService
 .text          0x0000000082055ea0     0x2dd4 obj/tls_opt.o
                0x0000000082055ea0                getCertificate
                0x0000000082055eec                createSSL
                0x0000000082055f28                authedSSL
                0x0000000082055f8c                getPCBMatchSSL
                0x0000000082056290                parseRecordLayer
                0x00000000820563c8                tlsEncodeData
                0x00000000820565e4                deCodeTLSData
                0x0000000082056bfc                processCertificateVerify
                0x0000000082056c98                makeTLSRecordLayer
                0x0000000082056cbc                processClientHello
                0x0000000082056dec                processClientHelloSSLv2
                0x0000000082056fd8                serverHello
                0x0000000082057144                serverCertificate
                0x0000000082057238                serverHelloDone
                0x00000000820572a4                serverCertificateReq
                0x0000000082057324                serverKeyExchange
                0x00000000820573b4                sendServerHelloSequence
                0x000000008205770c                tlsPktSend
                0x000000008205775c                processClientKeyExchange
                0x000000008205781c                parseChangeCipherSpec
                0x0000000082057864                parseClientFinish
                0x0000000082057c68                serverFinish
                0x0000000082057ea4                sendServerFinish
                0x0000000082058028                doServerHandshake
                0x00000000820583b4                doTLSAccept
                0x0000000082058afc                sendTLSWebPage
                0x0000000082058c04                sendTLSAlert
 .text          0x0000000082058c74     0x5350 obj/htm_opt.o
                0x0000000082058c74                atoull
                0x0000000082058d5c                parseBytesToSizeString
                0x0000000082058e40                genWelcomePage
                0x0000000082058e80                genBannerPage
                0x0000000082058eac                sendWebPagePkt
                0x0000000082058fb0                genInfoPage
                0x000000008205920c                genOperationSystemPage
                0x00000000820592e8                genPROCESSORPage
                0x0000000082059774                genMemoryPage
                0x0000000082059cd8                genFanPage
                0x000000008205a0dc                genSensorPage
                0x000000008205a4ec                genAssetPage
                0x000000008205b46c                genBIOSPage
                0x000000008205b95c                genSoftwareIdentityPage
                0x000000008205bd68                genComputerSystemPage
                0x000000008205bfe0                genShowCounterPage
                0x000000008205c07c                genClearCounterPage
                0x000000008205c118                chkSMBIOSReqPages
                0x000000008205c3c8                getWebPageID
                0x000000008205c848                genSrvSetPage
                0x000000008205c8a0                IPtoStr
                0x000000008205c900                IPv6toStr
                0x000000008205c9ac                genNetSetPage
                0x000000008205cf4c                genNetSetv6Page
                0x000000008205d13c                genAboutPage
                0x000000008205d1e0                sendStaticWebPage
                0x000000008205d3b0                sendEventLogPage
                0x000000008205d688                sendSMBIOSWebPage
                0x000000008205d74c                sendRmoteCtlPage
                0x000000008205d834                sendWebPages
 .text          0x000000008205dfc4     0x1454 obj/wcom_opt.o
                0x000000008205dfc4                read_hm_sensor
                0x000000008205e17c                OOBResponseTask
 .text          0x000000008205f418        0x0 obj/const.o
 .text          0x000000008205f418        0x0 obj/hook.o
 *(.text.startup)
 .text.startup  0x000000008205f418       0x9c obj/app_sp.o
                0x000000008205f419                main
                0x000000008203bd3c                __text_start_lma = LOADADDR (.text)
                0x000000008203bd3c                __text_start_vma = ADDR (.text)
                0x0000000000023778                __text_size = SIZEOF (.text)

.text.unlikely  0x000000008205f4b4       0xbc
 .text.unlikely
                0x000000008205f4b4       0xbc obj/x509parse_sp.o

.rodata         0x000000008205f570     0xeda8
                0x000000008205f570                . = ALIGN (0x4)
 *(.roexcept)
 *(.rodata .rodata.* .gnu.linkonce.r.*)
 .rodata.str1.4
                0x000000008205f570       0x18 obj/app_sp.o
 .rodata.cst4   0x000000008205f588       0x18 obj/app_sp.o
 .rodata.cst4   0x000000008205f5a0       0x18 obj/OOBMAC_COMMON_sp.o
 .rodata.str1.4
                0x000000008205f5b8       0xd7 obj/ssh_sp.o
                                         0xd8 (size before relaxing)
 *fill*         0x000000008205f68f        0x1 
 .rodata        0x000000008205f690       0xf0 obj/ssh_sp.o
                0x000000008205f6b4                dh_p_val
                0x000000008205f734                SSHCompressAlog
                0x000000008205f73c                SSHMacAlogSrv2Cli
                0x000000008205f748                SSHEnAlog
                0x000000008205f754                SSHSrvHostKeyAlog
                0x000000008205f75c                SSHKexAlog
                0x000000008205f778                CRLF
                0x000000008205f77c                dh_g_val
 .rodata.str1.4
                0x000000008205f780     0x532a obj/dash_sp.o
                                       0x56b8 (size before relaxing)
 *fill*         0x0000000082064aaa        0x2 
 .rodata        0x0000000082064aac      0xdd4 obj/dash_sp.o
                0x0000000082064c7c                _RegProfile
                0x0000000082064e34                _Profile
                0x0000000082065484                _PowerManagementCapabilities
                0x0000000082065708                hello_nego
                0x0000000082065794                hello_err
                0x0000000082065808                hello
 .rodata.cst4   0x0000000082065880       0x20 obj/dash_sp.o
 .rodata.str1.4
                0x00000000820658a0      0x517 obj/client_sp.o
                                        0x600 (size before relaxing)
 *fill*         0x0000000082065db7        0x1 
 .rodata.cst4   0x0000000082065db8       0x78 obj/tcr_sp.o
                                         0x7c (size before relaxing)
 .rodata.str1.4
                0x0000000082065e30      0x1af obj/language_sp.o
                                        0x1b0 (size before relaxing)
 *fill*         0x0000000082065fdf        0x1 
 .rodata.cst4   0x0000000082065fe0        0x8 obj/language_sp.o
 .rodata.str1.4
                0x0000000082065fe8      0x7ad obj/eventlog_sp.o
                                        0x7cc (size before relaxing)
 *fill*         0x0000000082066795        0x3 
 .rodata.cst4   0x0000000082066798       0x40 obj/eventlog_sp.o
 .rodata.cst4   0x00000000820667d8       0x40 obj/bsp_sp.o
                                         0x50 (size before relaxing)
 .rodata.str1.4
                0x0000000082066818        0xe obj/sensor_sp.o
                                         0x10 (size before relaxing)
 *fill*         0x0000000082066826        0x2 
 .rodata.str1.4
                0x0000000082066828       0xe2 obj/x509parse_sp.o
                                         0xe8 (size before relaxing)
 *fill*         0x000000008206690a        0x2 
 .rodata.str1.4
                0x000000008206690c       0x8e obj/lib_sp.o
                                         0x90 (size before relaxing)
 *fill*         0x000000008206699a        0x2 
 .rodata.cst4   0x000000008206699c        0xc obj/lib_sp.o
                                         0x10 (size before relaxing)
 .rodata.cst4   0x00000000820669a8        0xc obj/rtskt_sp.o
 .rodata        0x00000000820669b4        0x8 obj/tcp_sp.o
                0x00000000820669b4                Default_RSV_Port
 .rodata.cst4   0x00000000820669bc        0x8 obj/tcp_sp.o
 .rodata.str1.4
                0x00000000820669c4       0x16 obj/icmp_sp.o
                                         0x18 (size before relaxing)
 *fill*         0x00000000820669da        0x2 
 .rodata.str1.4
                0x00000000820669dc       0x15 obj/usb_sp.o
                                         0x30 (size before relaxing)
 *fill*         0x00000000820669f1        0x3 
 .rodata        0x00000000820669f4       0x6c obj/usb_sp.o
                0x00000000820669fc                RtHttpHdr
 .rodata.cst4   0x0000000082066a60        0x8 obj/usb_sp.o
 .rodata        0x0000000082066a68      0x2a4 obj/usbdesc_sp.o
                0x0000000082066a68                disc_conf
                0x0000000082066af4                disc_sense
                0x0000000082066b1c                disc_info
                0x0000000082066b40                mode_sense
                0x0000000082066b54                iso_conf
                0x0000000082066b64                iso_toc
                0x0000000082066b7c                inquiry_data
                0x0000000082066be8                Device_Qualifier
                0x0000000082066bf4                str3
                0x0000000082066c54                str2
                0x0000000082066c74                str1
                0x0000000082066c84                str0
                0x0000000082066c88                other_speed
                0x0000000082066ca8                descriptors_cbi
                0x0000000082066cd0                descriptors_bulk
                0x0000000082066cf0                usb_sector_size
                0x0000000082066cf8                device_desc
 .rodata.str1.4
                0x0000000082066d0c        0x5 obj/pldm_sp.o
                                          0x8 (size before relaxing)
 *fill*         0x0000000082066d11        0x3 
 .rodata.cst4   0x0000000082066d14        0x8 obj/pldm_sp.o
 .rodata.str1.4
                0x0000000082066d1c       0x20 obj/usbdevice_interrupt_sp.o
 .rodata.cst4   0x0000000082066d3c       0xc0 obj/usbdevice_interrupt_sp.o
                                         0xe0 (size before relaxing)
 .rodata.str1.4
                0x0000000082066dfc       0x46 obj/mmd_sp.o
                                         0x48 (size before relaxing)
 *fill*         0x0000000082066e42        0x2 
 .rodata.cst4   0x0000000082066e44       0x10 obj/mmd_sp.o
                                         0x18 (size before relaxing)
 .rodata.cst4   0x0000000082066e54        0x8 obj/mdio_bitbang_sp.o
                                          0xc (size before relaxing)
 .rodata.cst4   0x0000000082066e5c        0x8 obj/testio_gpio_sp.o
                                         0x18 (size before relaxing)
 .rodata.str1.4
                0x0000000082066e64        0xa obj/i2c_gpio_sp.o
                                          0xc (size before relaxing)
 *fill*         0x0000000082066e6e        0x2 
 .rodata.str1.4
                0x0000000082066e70       0x48 obj/i2c_gpio_master_sp.o
 .rodata.cst4   0x0000000082066eb8        0x4 obj/i2c_gpio_master_sp.o
                                          0x8 (size before relaxing)
 .rodata.str1.4
                0x0000000082066ebc       0x79 obj/telnet_opt.o
                                         0x7c (size before relaxing)
 *fill*         0x0000000082066f35        0x3 
 .rodata        0x0000000082066f38       0x2c obj/telnet_opt.o
                0x0000000082066f60                lf
 .rodata.str1.4
                0x0000000082066f64       0x62 obj/flash_opt.o
                                         0x64 (size before relaxing)
 *fill*         0x0000000082066fc6        0x2 
 .rodata        0x0000000082066fc8       0x3c obj/flash_opt.o
 .rodata.str1.4
                0x0000000082067004        0x5 obj/asf_opt.o
                                          0x8 (size before relaxing)
 *fill*         0x0000000082067009        0x3 
 .rodata.str1.4
                0x000000008206700c      0xa43 obj/genpage_opt.o
                                        0xac8 (size before relaxing)
 *fill*         0x0000000082067a4f        0x1 
 .rodata        0x0000000082067a50      0x55c obj/genpage_opt.o
 .rodata.str1.4
                0x0000000082067fac       0xcc obj/post_opt.o
                                         0xe8 (size before relaxing)
 .rodata        0x0000000082068078       0x30 obj/post_opt.o
 .rodata.str1.4
                0x00000000820680a8      0x1c5 obj/http_opt.o
                                        0x1e4 (size before relaxing)
 *fill*         0x000000008206826d        0x3 
 .rodata        0x0000000082068270      0x3c4 obj/http_opt.o
                0x00000000820682b0                WebUnauthAD
                0x0000000082068324                WebUnauthDigest
                0x00000000820683c4                WebUnauthBasic
                0x000000008206843c                UnauthDigest
                0x00000000820684ec                UnauthBasic
                0x0000000082068564                body
                0x00000000820685cc                responseHeader
 .rodata.str1.4
                0x0000000000000000      0x1c5 obj/tls_opt.o
                                          0x4 (size before relaxing)
 .rodata.str1.4
                0x0000000082068634      0x787 obj/htm_opt.o
                                        0xb9c (size before relaxing)
 *fill*         0x0000000082068dbb        0x1 
 .rodata        0x0000000082068dbc     0x4cc8 obj/htm_opt.o
                0x000000008206d748                rdcss
                0x000000008206d9b8                cookieHdrHtm
                0x000000008206da10                headerHtm
                0x000000008206da50                okPage
 .rodata.str1.4
                0x000000008206da84       0xa0 obj/wcom_opt.o
                                         0xd0 (size before relaxing)
 .rodata        0x000000008206db24      0x168 obj/wcom_opt.o
 .rodata        0x000000008206dc8c      0x5fc obj/const.o
                0x000000008206dd9c                RMCP_IANA
                0x000000008206dda0                asf_ctldata
                0x000000008206ddb0                asfalerts
                0x000000008206deb0                snrinfo
                0x000000008206df00                asf_legacy_sensor_num
                0x000000008206df01                asf_alerts_num
                0x000000008206df04                snrtbl
                0x000000008206df18                snrstatestr
                0x000000008206dfc0                pwrtbl
                0x000000008206dfe0                bootopts
                0x000000008206e1d8                tcr_hsstr
                0x000000008206e1f0                tcr_hslen
                0x000000008206e1f4                pldmsuccessbr
                0x000000008206e204                pldmsuccessbw
                0x000000008206e214                MCTPVerSupport
                0x000000008206e228                PLDMSNR
                0x000000008206e238                RTKUDID
                0x000000008206e24c                macpattern
 .rodata        0x000000008206e288       0x90 obj/hook.o
                0x000000008206e318                . = ALIGN (0x4)

.data           0x00000000800cbbc4     0x37b4 load address 0x000000008206e318
                0x00000000800cbbc4                . = ALIGN (0x4)
 *(.data)
 .data          0x00000000800cbbc4        0x0 obj/app_sp.o
 .data          0x00000000800cbbc4        0x0 obj/OOBMAC_COMMON_sp.o
 .data          0x00000000800cbbc4       0x20 obj/ssh_sp.o
                0x00000000800cbbc4                SSHNameList
 .data          0x00000000800cbbe4     0x2b98 obj/dash_sp.o
                0x00000000800cbbf8                e_action
                0x00000000800cbc68                MemoryType_value
                0x00000000800cbcd0                RequestedState_value
                0x00000000800cbd04                OperationalStatus_value
                0x00000000800cbd54                SoftwareElementState_value
                0x00000000800cbd64                softidProp_class
                0x00000000800cbd9c                powMangCapProp_powChg
                0x00000000800cbdc0                power_state_value
                0x00000000800cbe08                sys_reqState_value
                0x00000000800cbe3c                sys_enState_value
                0x00000000800cbe68                compSys_Dedicated_value
                0x00000000800cbf04                _OpaqueManagementDataService
                0x00000000800cbf40                _OpaqueManagementData
                0x00000000800cc000                _RemoteServiceAccessPoint
                0x00000000800cc078                _RemoteAccessAvailableToElement
                0x00000000800cc09c                _BindsTo
                0x00000000800cc0c0                _SoftwareInstallationService
                0x00000000800cc0fc                _BIOSPassword
                0x00000000800cc144                _ConcreteComponent
                0x00000000800cc18c                _SystemBIOS
                0x00000000800cc1b0                _ConcreteDependency
                0x00000000800cc1d4                _SAPSAPDependency
                0x00000000800cc1f8                _DHCPCapabilities
                0x00000000800cc240                _USBDevice
                0x00000000800cc294                _HostedAccessPoint
                0x00000000800cc324                _ServiceAccessBySAP
                0x00000000800cc36c                _AssociatedCooling
                0x00000000800cc390                _DHCPProtocolEndpoint
                0x00000000800cc420                _USBTCPProtocolEndpoint
                0x00000000800cc480                _TCPProtocolEndpoint
                0x00000000800cc4e0                _Chip
                0x00000000800cc558                _Slot
                0x00000000800cc5b8                _DNSProtocolEndpoint
                0x00000000800cc60c                _OperatingSystem
                0x00000000800cc654                _USBRedirectionSAP
                0x00000000800cc6d8                _USBRedirectionService
                0x00000000800cc75c                _USBRedirectionCapabilities
                0x00000000800cc7f8                _BIOSAttribute
                0x00000000800cc840                _BIOSElement
                0x00000000800cc894                _BIOSServiceCapabilities
                0x00000000800cc8dc                _BIOSService
                0x00000000800cc918                _TextRedirectionSAP
                0x00000000800cc990                _TextRedirectionService
                0x00000000800cca14                _LogEntry
                0x00000000800cca80                _LogManagesRecord
                0x00000000800ccaa4                _RecordLog
                0x00000000800ccb04                _StaticIPAssignmentSettingData
                0x00000000800ccb58                _IPProtocolEndpoint
                0x00000000800ccc00                _AlertIndication
                0x00000000800ccc18                _AssignedIdentity
                0x00000000800ccc3c                _UserContact
                0x00000000800ccc78                _Identity
                0x00000000800ccc9c                _Privilege
                0x00000000800cccfc                _Account
                0x00000000800ccd80                _ServiceAvailableToElement
                0x00000000800ccda4                _Realizes
                0x00000000800ccdc8                _PhysicalAssetCapabilities
                0x00000000800ccdf8                _Chassis
                0x00000000800cce94                _RoleLimitedToTarget
                0x00000000800cceb8                _Role
                0x00000000800ccf00                _RoleBasedManagementCapabilities
                0x00000000800ccf60                _RoleBasedAuthorizationService
                0x00000000800ccfa8                _AccountManagementCapabilities
                0x00000000800ccffc                _AccountManagementService
                0x00000000800cd05c                _Container
                0x00000000800cd080                _Card
                0x00000000800cd104                _PhysicalMemory
                0x00000000800cd1ac                _PhysicalPackage
                0x00000000800cd1c4                _PhysicalElement
                0x00000000800cd20c                _PhysicalFrame
                0x00000000800cd224                _PhysicalConnector
                0x00000000800cd23c                _PhysicalComponent
                0x00000000800cd260                _PowerSupply
                0x00000000800cd2f0                _AssociatedSensor
                0x00000000800cd314                _Fan
                0x00000000800cd3b0                _NumericSensor
                0x00000000800cd560                _SoftwareIdentity
                0x00000000800cd5fc                _OwningCollectionElement
                0x00000000800cd644                _IndicationSubscription
                0x00000000800cd668                _FilterCollectionSubscription
                0x00000000800cd6bc                _MemberOfCollection
                0x00000000800cd704                _ListenerDestinationWSManagement
                0x00000000800cd764                _FilterCollection
                0x00000000800cd794                _IndicationFilter
                0x00000000800cd800                _IndicationServiceSettingData
                0x00000000800cd854                _IndicationService
                0x00000000800cd8d8                _AssociatedPowerManagementService
                0x00000000800cd95c                _SystemPackaging
                0x00000000800cd980                _ComputerSystemPackage
                0x00000000800cd9b0                _SystemDevice
                0x00000000800cda64                _ServiceAffectsElement
                0x00000000800cdb54                _OrderedComponent
                0x00000000800cdb84                _ElementSettingData
                0x00000000800cdbcc                _ReferencedProfile
                0x00000000800cdbf0                _ElementConformsToProfile
                0x00000000800cdc14                _HostedService
                0x00000000800cdd10                _PowerManagementService
                0x00000000800cdd64                _BootServiceCapabilities
                0x00000000800cddac                _BootSourceSetting
                0x00000000800cdde8                _BootConfigSetting
                0x00000000800cde0c                _BootService
                0x00000000800cde54                _CacheMemory
                0x00000000800cdf08                _Memory
                0x00000000800cdfbc                _AssociatedCacheMemory
                0x00000000800ce028                _Processor
                0x00000000800ce130                _ComputerSystem
                0x00000000800ce244                _ManagedElement
                0x00000000800ce268                _RegisteredProfile
                0x00000000800ce2bc                _EnabledLogicalElementCapabilities
                0x00000000800ce31c                _ElementCapabilities
                0x00000000800ce3f4                Ns
                0x00000000800ce520                bodyelement
                0x00000000800ce5f8                inband_status
                0x00000000800ce5fc                scode
                0x00000000800ce6fb                AssociatedCooling
                0x00000000800ce6fc                NextInstance
                0x00000000800ce700                PowerChangeCapabilities
                0x00000000800ce704                request_state
                0x00000000800ce708                client_state
                0x00000000800ce70c                dhcp_state
                0x00000000800ce710                enabled_state
                0x00000000800ce714                power_state
                0x00000000800ce718                state
                0x00000000800ce71c                new_gateway
                0x00000000800ce72c                new_netmask
                0x00000000800ce73c                new_ip
                0x00000000800ce74c                local_gateway
                0x00000000800ce75c                local_netmask
                0x00000000800ce76c                local_ip
 .data          0x00000000800ce77c       0x3c obj/client_sp.o
                0x00000000800ce77c                _EventAlertIndication
 .data          0x00000000800ce7b8        0x0 obj/tcr_sp.o
 .data          0x00000000800ce7b8        0x0 obj/language_sp.o
 .data          0x00000000800ce7b8        0x0 obj/eventlog_sp.o
 .data          0x00000000800ce7b8        0x0 obj/gmac_sp.o
 .data          0x00000000800ce7b8        0x4 obj/bsp_sp.o
                0x00000000800ce7b8                BSP_CPU_DEFAULT_FREQ
 .data          0x00000000800ce7bc        0x2 obj/sensor_sp.o
 .data          0x00000000800ce7be        0x0 obj/netlib_sp.o
 .data          0x00000000800ce7be        0x0 obj/x509parse_sp.o
 *fill*         0x00000000800ce7be        0x2 
 .data          0x00000000800ce7c0        0x8 obj/lib_sp.o
                0x00000000800ce7c0                bsp_wait_cnt
                0x00000000800ce7c4                m_LucidTimer
 .data          0x00000000800ce7c8        0x0 obj/arp_sp.o
 .data          0x00000000800ce7c8        0x0 obj/rtskt_sp.o
 .data          0x00000000800ce7c8        0x0 obj/ip_sp.o
 .data          0x00000000800ce7c8        0x0 obj/tcp_sp.o
 .data          0x00000000800ce7c8        0x0 obj/dhcp_sp.o
 .data          0x00000000800ce7c8        0x0 obj/icmp_sp.o
 .data          0x00000000800ce7c8       0x54 obj/usb_sp.o
                0x00000000800ce7c8                tip
                0x00000000800ce7cc                fn
 .data          0x00000000800ce81c        0x0 obj/usb_ata_sp.o
 .data          0x00000000800ce81c       0x4c obj/usbdesc_sp.o
                0x00000000800ce81c                device_report_type1
 .data          0x00000000800ce868        0x0 obj/udp_sp.o
 .data          0x00000000800ce868        0x1 obj/pldm_sp.o
 .data          0x00000000800ce869        0x0 obj/usbdevice_interrupt_sp.o
 .data          0x00000000800ce869        0x0 obj/parammd_sp.o
 .data          0x00000000800ce869        0x0 obj/mmd_sp.o
 .data          0x00000000800ce869        0x0 obj/mdio_bitbang_sp.o
 .data          0x00000000800ce869        0x0 obj/testio_gpio_sp.o
 .data          0x00000000800ce869        0x0 obj/i2c_gpio_sp.o
 *fill*         0x00000000800ce869        0x3 
 .data          0x00000000800ce86c       0x10 obj/i2c_gpio_master_sp.o
                0x00000000800ce86c                i2c_retry_maxcnt
                0x00000000800ce870                i2c_retry_period
                0x00000000800ce874                max_reg_retry_cnt
                0x00000000800ce878                slaveaddr
                0x00000000800ce879                BitR
 .data          0x00000000800ce87c        0x0 obj/init_opt.o
 .data          0x00000000800ce87c      0x114 obj/telnet_opt.o
                0x00000000800ce87c                TelUnknowCMDMsg
                0x00000000800ce890                TelHelpMsg
                0x00000000800ce908                TelByeByeMsg
                0x00000000800ce914                TelLoginMsg
                0x00000000800ce964                TelLoginSuccMsg
                0x00000000800ce97c                TelPwd
                0x00000000800ce988                TelLogin
 .data          0x00000000800ce990        0x0 obj/flash_opt.o
 .data          0x00000000800ce990        0x0 obj/asf_opt.o
 .data          0x00000000800ce990       0x84 obj/genpage_opt.o
                0x00000000800ce990                pageFun
 .data          0x00000000800cea14      0x19c obj/post_opt.o
                0x00000000800cea14                settingSuccess
                0x00000000800cea4c                IBChgIPWarrningMsg
                0x00000000800cea90                pwdError
                0x00000000800ceac8                invalidParameters
                0x00000000800ceb00                unKnownOperation
                0x00000000800ceb38                echoDisable
                0x00000000800ceb74                echoEnable
 .data          0x00000000800cebb0        0x0 obj/http_opt.o
 .data          0x00000000800cebb0        0x0 obj/tls_opt.o
 .data          0x00000000800cebb0      0x454 obj/htm_opt.o
 .data          0x00000000800cf004        0x4 obj/wcom_opt.o
                0x00000000800cf004                m_isUpdateSMBIOS
 .data          0x00000000800cf008      0x370 obj/const.o
                0x00000000800cf008                dpdefault
 .data          0x00000000800cf378        0x0 obj/hook.o
 *(.sdata)
 *(.lit4)
 *(.lit8)
                0x00000000800cf378                . = ALIGN (0x4)
                0x000000008206e318                __data_start_lma = LOADADDR (.data)
                0x00000000800cbbc4                __data_start_vma = ADDR (.data)
                0x00000000000037b4                __data_size = SIZEOF (.data)

.bss            0x00000000800cf378     0x7108 load address 0x0000000082071acc
                0x00000000800cf378                __bss_start = .
 *(.sbss)
 *(.bss)
 .bss           0x00000000800cf378        0x0 obj/app_sp.o
 .bss           0x00000000800cf378        0x0 obj/OOBMAC_COMMON_sp.o
 .bss           0x00000000800cf378        0x8 obj/ssh_sp.o
                0x00000000800cf378                debugssh
                0x00000000800cf37c                NewSSHCli
 .bss           0x00000000800cf380      0x2fc obj/dash_sp.o
                0x00000000800cf380                _ManagedSystemElement
                0x00000000800cf38c                AttrValBuf
                0x00000000800cf390                OpaqueMask
                0x00000000800cf394                AttrValOff
                0x00000000800cf398                m_PhyMemCIM
                0x00000000800cf39c                m_ChipCIM
                0x00000000800cf3a0                m_SlotCIM
                0x00000000800cf3a4                m_ChassisCIM
                0x00000000800cf3a8                m_CardCIM
                0x00000000800cf3ac                m_SensorCIM
                0x00000000800cf3b0                m_fanCIM
                0x00000000800cf3b4                m_OperationSysCIM
                0x00000000800cf3b8                m_memoryCIM
                0x00000000800cf3bc                m_processorCIM
                0x00000000800cf3c0                m_biosElement
                0x00000000800cf3c4                m_biosAttr
                0x00000000800cf3c8                m_softId
                0x00000000800cf3cc                memuse
                0x00000000800cf3d0                change_sub
                0x00000000800cf3d4                LogEnd
                0x00000000800cf3d8                SetDHCP
                0x00000000800cf3d9                SelectorEnabled
                0x00000000800cf3da                SubClassProperties
                0x00000000800cf3dc                Method
                0x00000000800cf4db                StartingBoot
                0x00000000800cf4dc                p_selector
                0x00000000800cf5dc                access_info
                0x00000000800cf65c                AllClass
                0x00000000800cf660                tmp_memtail
                0x00000000800cf664                tmp_memhead
                0x00000000800cf668                memtail
                0x00000000800cf66c                memhead
 .bss           0x00000000800cf67c        0x4 obj/client_sp.o
                0x00000000800cf67c                EventStartOff
 .bss           0x00000000800cf680       0x10 obj/tcr_sp.o
 .bss           0x00000000800cf690        0x0 obj/language_sp.o
 .bss           0x00000000800cf690        0x0 obj/eventlog_sp.o
 .bss           0x00000000800cf690        0x8 obj/gmac_sp.o
                0x00000000800cf690                PCI_BRIDGE_WAIT
                0x00000000800cf694                CMAC_STOP
 .bss           0x00000000800cf698       0x14 obj/bsp_sp.o
                0x00000000800cf698                usb_pcie_wt
                0x00000000800cf69c                usb_pcie_rd
                0x00000000800cf6a0                usb_mode_wt
                0x00000000800cf6a4                usb_mode_rd
 .bss           0x00000000800cf6ac        0x4 obj/sensor_sp.o
 .bss           0x00000000800cf6b0        0x0 obj/netlib_sp.o
 .bss           0x00000000800cf6b0        0x0 obj/x509parse_sp.o
 .bss           0x00000000800cf6b0       0x10 obj/lib_sp.o
                0x00000000800cf6b0                stop_sleep_couter
                0x00000000800cf6b4                sleepControler
                0x00000000800cf6b8                last_notice_tick
                0x00000000800cf6bc                idle_times
 .bss           0x00000000800cf6c0        0x0 obj/arp_sp.o
 .bss           0x00000000800cf6c0        0x0 obj/rtskt_sp.o
 .bss           0x00000000800cf6c0        0x0 obj/ip_sp.o
 .bss           0x00000000800cf6c0        0x0 obj/tcp_sp.o
 .bss           0x00000000800cf6c0        0x0 obj/dhcp_sp.o
 .bss           0x00000000800cf6c0        0x0 obj/icmp_sp.o
 .bss           0x00000000800cf6c0        0xc obj/usb_sp.o
 .bss           0x00000000800cf6cc        0x2 obj/usb_ata_sp.o
 .bss           0x00000000800cf6ce        0x0 obj/usbdesc_sp.o
 .bss           0x00000000800cf6ce        0x0 obj/udp_sp.o
 *fill*         0x00000000800cf6ce        0x2 
 .bss           0x00000000800cf6d0       0x30 obj/pldm_sp.o
 .bss           0x00000000800cf700       0x18 obj/usbdevice_interrupt_sp.o
 .bss           0x00000000800cf718        0x0 obj/parammd_sp.o
 .bss           0x00000000800cf718        0x0 obj/mmd_sp.o
 .bss           0x00000000800cf718        0x0 obj/mdio_bitbang_sp.o
 .bss           0x00000000800cf718        0x0 obj/testio_gpio_sp.o
 .bss           0x00000000800cf718        0x0 obj/i2c_gpio_sp.o
 .bss           0x00000000800cf718        0x2 obj/i2c_gpio_master_sp.o
                0x00000000800cf718                BitW
                0x00000000800cf719                started
 .bss           0x00000000800cf71a        0x0 obj/init_opt.o
 .bss           0x00000000800cf71a        0x6 obj/telnet_opt.o
                0x00000000800cf71a                NewTelCli
 .bss           0x00000000800cf720        0x0 obj/flash_opt.o
 .bss           0x00000000800cf720        0x0 obj/asf_opt.o
 .bss           0x00000000800cf720        0x0 obj/genpage_opt.o
 .bss           0x00000000800cf720        0x0 obj/post_opt.o
 .bss           0x00000000800cf720        0x0 obj/http_opt.o
 .bss           0x00000000800cf720        0x4 obj/tls_opt.o
 .bss           0x00000000800cf724        0x4 obj/htm_opt.o
                0x00000000800cf724                COOKIE_Idx
 .bss           0x00000000800cf728        0x0 obj/wcom_opt.o
 .bss           0x00000000800cf728        0x0 obj/const.o
 .bss           0x00000000800cf728        0x0 obj/hook.o
 *(.scommon)
 *(COMMON)
 COMMON         0x00000000800cf728     0x5a00 obj/app_sp.o
                0x00000000800cf728                IndicationStk
                0x00000000800cff28                DHCPv4Stk
                0x00000000800d0328                TaskSMBUSLOGStk
                0x00000000800d0b28                TaskSNRReadStk
                0x00000000800d0f28                TCPTimerStk
                0x00000000800d1528                TelnetSrvStk
                0x00000000800d1928                TaskWSMANTLSStk
                0x00000000800d2328                TaskWSMANStk
                0x00000000800d2d28                TaskTCPStk
                0x00000000800d3b28                TaskSMBUSStk
                0x00000000800d3f28                AppTaskStartStk
                0x00000000800d4328                OOBResponseStk
                0x00000000800d4728                TaskUSBStk
                0x00000000800d4d28                TaskFlashStk
 COMMON         0x00000000800d5128        0x4 obj/OOBMAC_COMMON_sp.o
                0x00000000800d5128                cpu_sr
 COMMON         0x00000000800d512c      0x388 obj/dash_sp.o
                0x00000000800d512c                m_dashPtype
                0x00000000800d5130                xuuid
                0x00000000800d5150                Role
                0x00000000800d51d0                m_processorInstance
                0x00000000800d51e4                current_state
                0x00000000800d51f4                m_biosAttrInstance
                0x00000000800d521c                m_biosEleInstance
                0x00000000800d5230                health_state
                0x00000000800d5240                currentPort
                0x00000000800d5242                new_power
                0x00000000800d5244                m_swIdInstance
                0x00000000800d52a8                m_ChipInstance
                0x00000000800d52bc                m_CardInstance
                0x00000000800d52d0                ResultRole
                0x00000000800d5350                m_ChassisInstance
                0x00000000800d5364                to
                0x00000000800d5368                m_SlotInstance
                0x00000000800d5390                m_sensorInstance
                0x00000000800d53a4                m_memInstance
                0x00000000800d53b8                sk
                0x00000000800d53bc                bind_port
                0x00000000800d53c0                m_PhyMemInstance
                0x00000000800d53e8                privilege
                0x00000000800d5408                boot_seq
                0x00000000800d5418                ResourceURI
                0x00000000800d5498                PLDMptr
                0x00000000800d549c                OpaqueBuf
                0x00000000800d54a0                m_fanInstance
 COMMON         0x00000000800d54b4       0x70 obj/client_sp.o
                0x00000000800d54b4                EData
                0x00000000800d54b8                dest
                0x00000000800d54c8                c_subhead
                0x00000000800d54cc                source
                0x00000000800d54dc                uri
                0x00000000800d551c                buf
                0x00000000800d5520                port
 COMMON         0x00000000800d5524       0xc8 obj/language_sp.o
                0x00000000800d5524                s_eventLog
                0x00000000800d5528                s_matchCondition_f
                0x00000000800d552c                s_startxxx_f
                0x00000000800d5530                s_gigaEthControl
                0x00000000800d5534                s_opSystem
                0x00000000800d5538                s_dashtech
                0x00000000800d553c                s_about_f
                0x00000000800d5540                s_networkSetting
                0x00000000800d5544                s_opSystem_f
                0x00000000800d5548                s_serviceSetting_f
                0x00000000800d554c                s_matchCondition
                0x00000000800d5550                s_fan
                0x00000000800d5554                s_mailAccount
                0x00000000800d5558                s_realtek
                0x00000000800d555c                s_eventLog_f
                0x00000000800d5560                s_asset
                0x00000000800d5564                s_bios_f
                0x00000000800d5568                s_realtek_f
                0x00000000800d556c                s_sensorstring_f
                0x00000000800d5570                s_startxxx
                0x00000000800d5574                s_memDevice_f
                0x00000000800d5578                s_cpu_f
                0x00000000800d557c                s_about
                0x00000000800d5580                s_realtekCop_f
                0x00000000800d5584                s_memDevice
                0x00000000800d5588                s_asset_f
                0x00000000800d558c                s_welcome_f
                0x00000000800d5590                s_dashtech_f
                0x00000000800d5594                s_welstr_f
                0x00000000800d5598                s_computerSys_f
                0x00000000800d559c                s_networkSetting_f
                0x00000000800d55a0                s_mailWakeup
                0x00000000800d55a4                s_mailWakeup_f
                0x00000000800d55a8                s_softwIdentity
                0x00000000800d55ac                s_cpu
                0x00000000800d55b0                s_systemInfo_f
                0x00000000800d55b4                s_sensorstring
                0x00000000800d55b8                s_remoteControl
                0x00000000800d55bc                s_gigaEthControl_f
                0x00000000800d55c0                s_welcome
                0x00000000800d55c4                s_mailAccount_f
                0x00000000800d55c8                s_bios
                0x00000000800d55cc                s_serviceSetting
                0x00000000800d55d0                s_systemInfo
                0x00000000800d55d4                s_welstr
                0x00000000800d55d8                s_computerSys
                0x00000000800d55dc                s_realtekCop
                0x00000000800d55e0                s_fan_f
                0x00000000800d55e4                s_remoteControl_f
                0x00000000800d55e8                s_softwIdentity_f
 COMMON         0x00000000800d55ec        0xc obj/gmac_sp.o
                0x00000000800d55ec                RISC_ACC_STATUS
                0x00000000800d55f0                RISC_ACC_BYTEEN
                0x00000000800d55f4                RISC_RW_SEL
 COMMON         0x00000000800d55f8       0xc0 obj/bsp_sp.o
                0x00000000800d55f8                TCRMsg
                0x00000000800d5678                USBMsg
 COMMON         0x00000000800d56b8       0x7c obj/lib_sp.o
                0x00000000800d56b8                mLanguageType
                0x00000000800d56bc                dirty_ext
 COMMON         0x00000000800d5734        0xc obj/usb_sp.o
                0x00000000800d5734                usbSrv
                0x00000000800d5738                USBQ
                0x00000000800d573c                USBTxSem
 COMMON         0x00000000800d5740        0x9 obj/usb_ata_sp.o
                0x00000000800d5740                lcErr
                0x00000000800d5744                usbcs
                0x00000000800d5748                lc
 *fill*         0x00000000800d5749        0x3 
 COMMON         0x00000000800d574c      0x120 obj/usbdesc_sp.o
                0x00000000800d574c                usbcb
 COMMON         0x00000000800d586c        0x4 obj/mmd_sp.o
                0x00000000800d586c                Freq_MMD
 COMMON         0x00000000800d5870        0x4 obj/testio_gpio_sp.o
                0x00000000800d5870                Freq_TESTIO
 COMMON         0x00000000800d5874       0x80 obj/i2c_gpio_master_sp.o
                0x00000000800d5874                read_data
 COMMON         0x00000000800d58f4      0xa04 obj/telnet_opt.o
                0x00000000800d58f4                uInfo
                0x00000000800d58f8                TelnetClientStk
 COMMON         0x00000000800d62f8        0x4 obj/flash_opt.o
                0x00000000800d62f8                m_whocallSMBIOS
 COMMON         0x00000000800d62fc        0x4 obj/asf_opt.o
                0x00000000800d62fc                asfconfig
 COMMON         0x00000000800d6300      0x16c obj/http_opt.o
                0x00000000800d6300                m_httpAuthcredential
                0x00000000800d6468                WebSem
 COMMON         0x00000000800d646c        0xc obj/htm_opt.o
                0x00000000800d646c                COOKIE_ID
 COMMON         0x00000000800d6478        0x8 obj/wcom_opt.o
                0x00000000800d6478                m_CalChksum
                0x00000000800d647c                m_ShouldChksum
 COMMON         0x00000000800d6480        0x0 obj/const.o
                0x00000000800d6480                . = ALIGN (0x4)
                0x00000000800d6480                __bss_end = .

.eh_frame
 *(.eh_frame)

.rel.dyn        0x0000000000000000        0x0
 *(.rel.dyn)
 .rel.dyn       0x0000000000000000        0x0 obj/ssh_sp.o

.stab
 *(.stab)

.stabstr
 *(.stabstr)

.stab.excl
 *(.stab.excl)

.stab.exclstr
 *(.stab.exclstr)

.stab.index
 *(.stab.index)

.stab.indexstr
 *(.stab.indexstr)

.comment        0x0000000000000000       0x41
 *(.comment)
 .comment       0x0000000000000000       0x41 obj/app_sp.o
                                         0x42 (size before relaxing)
 .comment       0x0000000000000000       0x42 obj/OOBMAC_COMMON_sp.o
 .comment       0x0000000000000000       0x42 obj/ssh_sp.o
 .comment       0x0000000000000000       0x42 obj/dash_sp.o
 .comment       0x0000000000000000       0x42 obj/client_sp.o
 .comment       0x0000000000000000       0x42 obj/tcr_sp.o
 .comment       0x0000000000000000       0x42 obj/language_sp.o
 .comment       0x0000000000000000       0x42 obj/eventlog_sp.o
 .comment       0x0000000000000000       0x42 obj/gmac_sp.o
 .comment       0x0000000000000000       0x42 obj/bsp_sp.o
 .comment       0x0000000000000000       0x42 obj/sensor_sp.o
 .comment       0x0000000000000000       0x42 obj/netlib_sp.o
 .comment       0x0000000000000000       0x42 obj/x509parse_sp.o
 .comment       0x0000000000000000       0x42 obj/lib_sp.o
 .comment       0x0000000000000000       0x42 obj/arp_sp.o
 .comment       0x0000000000000000       0x42 obj/rtskt_sp.o
 .comment       0x0000000000000000       0x42 obj/ip_sp.o
 .comment       0x0000000000000000       0x42 obj/tcp_sp.o
 .comment       0x0000000000000000       0x42 obj/dhcp_sp.o
 .comment       0x0000000000000000       0x42 obj/icmp_sp.o
 .comment       0x0000000000000000       0x42 obj/usb_sp.o
 .comment       0x0000000000000000       0x42 obj/usb_ata_sp.o
 .comment       0x0000000000000000       0x42 obj/usbdesc_sp.o
 .comment       0x0000000000000000       0x42 obj/udp_sp.o
 .comment       0x0000000000000000       0x42 obj/pldm_sp.o
 .comment       0x0000000000000000       0x42 obj/usbdevice_interrupt_sp.o
 .comment       0x0000000000000000       0x42 obj/parammd_sp.o
 .comment       0x0000000000000000       0x42 obj/mmd_sp.o
 .comment       0x0000000000000000       0x42 obj/mdio_bitbang_sp.o
 .comment       0x0000000000000000       0x42 obj/testio_gpio_sp.o
 .comment       0x0000000000000000       0x42 obj/i2c_gpio_sp.o
 .comment       0x0000000000000000       0x42 obj/i2c_gpio_master_sp.o
 .comment       0x0000000000000000       0x42 obj/init_opt.o
 .comment       0x0000000000000000       0x42 obj/telnet_opt.o
 .comment       0x0000000000000000       0x42 obj/flash_opt.o
 .comment       0x0000000000000000       0x42 obj/asf_opt.o
 .comment       0x0000000000000000       0x42 obj/genpage_opt.o
 .comment       0x0000000000000000       0x42 obj/post_opt.o
 .comment       0x0000000000000000       0x42 obj/http_opt.o
 .comment       0x0000000000000000       0x42 obj/tls_opt.o
 .comment       0x0000000000000000       0x42 obj/htm_opt.o
 .comment       0x0000000000000000       0x42 obj/wcom_opt.o
 .comment       0x0000000000000000       0x42 obj/const.o
 .comment       0x0000000000000000       0x42 obj/hook.o

.reginfo        0x0000000000000000       0x18
 .reginfo       0x0000000000000000       0x18 obj/app_sp.o

.pdr            0x0000000000000000     0x4940
 .pdr           0x0000000000000000       0xc0 obj/app_sp.o
 .pdr           0x00000000000000c0      0x120 obj/OOBMAC_COMMON_sp.o
 .pdr           0x00000000000001e0      0x380 obj/ssh_sp.o
 .pdr           0x0000000000000560     0x1180 obj/dash_sp.o
 .pdr           0x00000000000016e0      0x180 obj/client_sp.o
 .pdr           0x0000000000001860       0xe0 obj/tcr_sp.o
 .pdr           0x0000000000001940       0x60 obj/language_sp.o
 .pdr           0x00000000000019a0       0x20 obj/eventlog_sp.o
 .pdr           0x00000000000019c0       0x40 obj/gmac_sp.o
 .pdr           0x0000000000001a00      0x1e0 obj/bsp_sp.o
 .pdr           0x0000000000001be0       0x80 obj/sensor_sp.o
 .pdr           0x0000000000001c60        0x0 obj/netlib_sp.o
 .pdr           0x0000000000001c60      0x2c0 obj/x509parse_sp.o
 .pdr           0x0000000000001f20      0x160 obj/lib_sp.o
 .pdr           0x0000000000002080       0x20 obj/arp_sp.o
 .pdr           0x00000000000020a0      0x140 obj/rtskt_sp.o
 .pdr           0x00000000000021e0       0x20 obj/ip_sp.o
 .pdr           0x0000000000002200      0x200 obj/tcp_sp.o
 .pdr           0x0000000000002400        0x0 obj/dhcp_sp.o
 .pdr           0x0000000000002400      0x140 obj/icmp_sp.o
 .pdr           0x0000000000002540      0x160 obj/usb_sp.o
 .pdr           0x00000000000026a0       0xa0 obj/usb_ata_sp.o
 .pdr           0x0000000000002740       0x20 obj/usbdesc_sp.o
 .pdr           0x0000000000002760        0x0 obj/udp_sp.o
 .pdr           0x0000000000002760      0x240 obj/pldm_sp.o
 .pdr           0x00000000000029a0      0x360 obj/usbdevice_interrupt_sp.o
 .pdr           0x0000000000002d00        0x0 obj/parammd_sp.o
 .pdr           0x0000000000002d00      0x1e0 obj/mmd_sp.o
 .pdr           0x0000000000002ee0      0x180 obj/mdio_bitbang_sp.o
 .pdr           0x0000000000003060      0x400 obj/testio_gpio_sp.o
 .pdr           0x0000000000003460      0x220 obj/i2c_gpio_sp.o
 .pdr           0x0000000000003680      0x280 obj/i2c_gpio_master_sp.o
 .pdr           0x0000000000003900       0x60 obj/init_opt.o
 .pdr           0x0000000000003960      0x2a0 obj/telnet_opt.o
 .pdr           0x0000000000003c00       0x40 obj/flash_opt.o
 .pdr           0x0000000000003c40       0x80 obj/asf_opt.o
 .pdr           0x0000000000003cc0      0x1e0 obj/genpage_opt.o
 .pdr           0x0000000000003ea0      0x120 obj/post_opt.o
 .pdr           0x0000000000003fc0      0x220 obj/http_opt.o
 .pdr           0x00000000000041e0      0x360 obj/tls_opt.o
 .pdr           0x0000000000004540      0x3c0 obj/htm_opt.o
 .pdr           0x0000000000004900       0x40 obj/wcom_opt.o
 .pdr           0x0000000000004940        0x0 obj/const.o
 .pdr           0x0000000000004940        0x0 obj/hook.o

.gnu.attributes
                0x0000000000000000       0x10
 .gnu.attributes
                0x0000000000000000       0x10 obj/app_sp.o
 .gnu.attributes
                0x0000000000000010       0x10 obj/OOBMAC_COMMON_sp.o
 .gnu.attributes
                0x0000000000000020       0x10 obj/ssh_sp.o
 .gnu.attributes
                0x0000000000000030       0x10 obj/dash_sp.o
 .gnu.attributes
                0x0000000000000040       0x10 obj/client_sp.o
 .gnu.attributes
                0x0000000000000050       0x10 obj/tcr_sp.o
 .gnu.attributes
                0x0000000000000060       0x10 obj/language_sp.o
 .gnu.attributes
                0x0000000000000070       0x10 obj/eventlog_sp.o
 .gnu.attributes
                0x0000000000000080       0x10 obj/gmac_sp.o
 .gnu.attributes
                0x0000000000000090       0x10 obj/bsp_sp.o
 .gnu.attributes
                0x00000000000000a0       0x10 obj/sensor_sp.o
 .gnu.attributes
                0x00000000000000b0       0x10 obj/netlib_sp.o
 .gnu.attributes
                0x00000000000000c0       0x10 obj/x509parse_sp.o
 .gnu.attributes
                0x00000000000000d0       0x10 obj/lib_sp.o
 .gnu.attributes
                0x00000000000000e0       0x10 obj/arp_sp.o
 .gnu.attributes
                0x00000000000000f0       0x10 obj/rtskt_sp.o
 .gnu.attributes
                0x0000000000000100       0x10 obj/ip_sp.o
 .gnu.attributes
                0x0000000000000110       0x10 obj/tcp_sp.o
 .gnu.attributes
                0x0000000000000120       0x10 obj/dhcp_sp.o
 .gnu.attributes
                0x0000000000000130       0x10 obj/icmp_sp.o
 .gnu.attributes
                0x0000000000000140       0x10 obj/usb_sp.o
 .gnu.attributes
                0x0000000000000150       0x10 obj/usb_ata_sp.o
 .gnu.attributes
                0x0000000000000160       0x10 obj/usbdesc_sp.o
 .gnu.attributes
                0x0000000000000170       0x10 obj/udp_sp.o
 .gnu.attributes
                0x0000000000000180       0x10 obj/pldm_sp.o
 .gnu.attributes
                0x0000000000000190       0x10 obj/usbdevice_interrupt_sp.o
 .gnu.attributes
                0x00000000000001a0       0x10 obj/parammd_sp.o
 .gnu.attributes
                0x00000000000001b0       0x10 obj/mmd_sp.o
 .gnu.attributes